TEST OF EVENT-DAYS 9/18/2022[
  1663347864879,
  1663952664879,
  true,
  10,
  true,
  "blog",
  "big-test"
][
  7
][
  [
    {
      "begin_at": 1663347864879,
      "end_at": 1663355064879,
      "label": "big-test"
    },
    {
      "begin_at": 1663434264879,
      "end_at": 1663441464879,
      "label": "big-test"
    },
    {
      "begin_at": 1663520664879,
      "end_at": 1663527864879,
      "label": "big-test"
    },
    {
      "begin_at": 1663607064879,
      "end_at": 1663614264879,
      "label": "big-test"
    },
    {
      "begin_at": 1663693464879,
      "end_at": 1663700664879,
      "label": "big-test"
    },
    {
      "begin_at": 1663779864879,
      "end_at": 1663787064879,
      "label": "big-test"
    },
    {
      "begin_at": 1663866264879,
      "end_at": 1663873464879,
      "label": "big-test"
    }
  ]
][
  [
    {
      "begin_at": 1663347864879,
      "end_at": 1663355064879,
      "label": "big-test"
    },
    {
      "begin_at": 1663434264879,
      "end_at": 1663441464879,
      "label": "big-test"
    },
    {
      "begin_at": 1663520664879,
      "end_at": 1663527864879,
      "label": "big-test"
    }
  ]
][
  "daily_duration: 7.2"
][
  false
][
  {
    "1663347864879": {
      "begin_at": 1663347864879,
      "end_at": 1663355064879,
      "label": "big-test"
    },
    "1663434264879": {
      "begin_at": 1663434264879,
      "end_at": 1663441464879,
      "label": "big-test"
    },
    "1663520664879": {
      "begin_at": 1663520664879,
      "end_at": 1663527864879,
      "label": "big-test"
    },
    "1663607064879": {
      "begin_at": 1663607064879,
      "end_at": 1663614264879,
      "label": "big-test"
    },
    "1663693464879": {
      "begin_at": 1663693464879,
      "end_at": 1663700664879,
      "label": "big-test"
    },
    "1663779864879": {
      "begin_at": 1663779864879,
      "end_at": 1663787064879,
      "label": "big-test"
    },
    "1663866264879": {
      "begin_at": 1663866264879,
      "end_at": 1663873464879,
      "label": "big-test"
    }
  }
][
  [
    {
      "begin_at": 1663347864879,
      "end_at": 1663355064879,
      "label": "big-test"
    },
    {
      "begin_at": 1663434264879,
      "end_at": 1663441464879,
      "label": "big-test"
    },
    {
      "begin_at": 1663520664879,
      "end_at": 1663527864879,
      "label": "big-test"
    },
    {
      "begin_at": 1663607064879,
      "end_at": 1663614264879,
      "label": "big-test"
    },
    {
      "begin_at": 1663693464879,
      "end_at": 1663700664879,
      "label": "big-test"
    },
    {
      "begin_at": 1663779864879,
      "end_at": 1663787064879,
      "label": "big-test"
    },
    {
      "begin_at": 1663866264879,
      "end_at": 1663873464879,
      "label": "big-test"
    }
  ]
][
  {
    "begin_at": 1663520664879,
    "end_at": 1663527864879,
    "label": "big-test"
  }
][
  [
    "1663347864879",
    "1663434264879",
    "1663607064879",
    "1663693464879",
    "1663779864879",
    "1663866264879"
  ]
][
  {
    "table": [
      [
        false,
        false,
        false,
        false,
        "1,4",
        "2,5",
        "3,6"
      ],
      [
        "4,7",
        "5,8",
        "6,9",
        "7,10",
        "8,11",
        "9,12",
        "10,13"
      ],
      [
        "11,14",
        "12,15",
        "13,16",
        "14,17",
        "15,18",
        "16,19",
        "17,20"
      ],
      [
        "18,21",
        "19,22",
        "20,23",
        "21,24",
        "22,25",
        "23,26",
        "24,27"
      ],
      [
        "25,28",
        "26,29",
        "27,30",
        "28,31",
        "29,32",
        "30,33",
        false
      ]
    ],
    "list": [
      false,
      false,
      false,
      false,
      "1,4",
      "2,5",
      "3,6",
      "4,7",
      "5,8",
      "6,9",
      "7,10",
      "8,11",
      "9,12",
      "10,13",
      "11,14",
      "12,15",
      "13,16",
      "14,17",
      "15,18",
      "16,19",
      "17,20",
      "18,21",
      "19,22",
      "20,23",
      "21,24",
      "22,25",
      "23,26",
      "24,27",
      "25,28",
      "26,29",
      "27,30",
      "28,31",
      "29,32",
      "30,33",
      false
    ],
    "map": {
      "1,4": {
        "day": 1,
        "index": 4,
        "start_time": 1662015600000,
        "end_time": 1662101999999,
        "all_day": {}
      },
      "2,5": {
        "day": 2,
        "index": 5,
        "start_time": 1662966000000,
        "end_time": 1663052399999,
        "all_day": {}
      },
      "3,6": {
        "day": 3,
        "index": 6,
        "start_time": 1663916400000,
        "end_time": 1664002799999,
        "all_day": {}
      },
      "4,7": {
        "day": 4,
        "index": 7,
        "start_time": 1664089200000,
        "end_time": 1664175599999,
        "all_day": {}
      },
      "5,8": {
        "day": 5,
        "index": 8,
        "start_time": 1664175600000,
        "end_time": 1664261999999,
        "all_day": {}
      },
      "6,9": {
        "day": 6,
        "index": 9,
        "start_time": 1664262000000,
        "end_time": 1664348399999,
        "all_day": {}
      },
      "7,10": {
        "day": 7,
        "index": 10,
        "start_time": 1664348400000,
        "end_time": 1664434799999,
        "all_day": {}
      },
      "8,11": {
        "day": 8,
        "index": 11,
        "start_time": 1664434800000,
        "end_time": 1664521199999,
        "all_day": {}
      },
      "9,12": {
        "day": 9,
        "index": 12,
        "start_time": 1664521200000,
        "end_time": 1664607599999,
        "all_day": {}
      },
      "10,13": {
        "day": 10,
        "index": 13,
        "start_time": 1662102000000,
        "end_time": 1662188399999,
        "all_day": {}
      },
      "11,14": {
        "day": 11,
        "index": 14,
        "start_time": 1662188400000,
        "end_time": 1662274799999,
        "all_day": {}
      },
      "12,15": {
        "day": 12,
        "index": 15,
        "start_time": 1662274800000,
        "end_time": 1662361199999,
        "all_day": {}
      },
      "13,16": {
        "day": 13,
        "index": 16,
        "start_time": 1662361200000,
        "end_time": 1662447599999,
        "all_day": {}
      },
      "14,17": {
        "day": 14,
        "index": 17,
        "start_time": 1662447600000,
        "end_time": 1662533999999,
        "all_day": {}
      },
      "15,18": {
        "day": 15,
        "index": 18,
        "start_time": 1662534000000,
        "end_time": 1662620399999,
        "all_day": {}
      },
      "16,19": {
        "day": 16,
        "index": 19,
        "start_time": 1662620400000,
        "end_time": 1662706799999,
        "all_day": {}
      },
      "17,20": {
        "day": 17,
        "index": 20,
        "start_time": 1662706800000,
        "end_time": 1662793199999,
        "all_day": {}
      },
      "18,21": {
        "day": 18,
        "index": 21,
        "start_time": 1662793200000,
        "end_time": 1662879599999,
        "all_day": {}
      },
      "19,22": {
        "day": 19,
        "index": 22,
        "start_time": 1662879600000,
        "end_time": 1662965999999,
        "all_day": {}
      },
      "20,23": {
        "day": 20,
        "index": 23,
        "start_time": 1663052400000,
        "end_time": 1663138799999,
        "all_day": {}
      },
      "21,24": {
        "day": 21,
        "index": 24,
        "start_time": 1663138800000,
        "end_time": 1663225199999,
        "all_day": {}
      },
      "22,25": {
        "day": 22,
        "index": 25,
        "start_time": 1663225200000,
        "end_time": 1663311599999,
        "all_day": {}
      },
      "23,26": {
        "day": 23,
        "index": 26,
        "start_time": 1663311600000,
        "end_time": 1663397999999,
        "all_day": {}
      },
      "24,27": {
        "day": 24,
        "index": 27,
        "start_time": 1663398000000,
        "end_time": 1663484399999,
        "all_day": {}
      },
      "25,28": {
        "day": 25,
        "index": 28,
        "start_time": 1663484400000,
        "end_time": 1663570799999,
        "all_day": {}
      },
      "26,29": {
        "day": 26,
        "index": 29,
        "start_time": 1663570800000,
        "end_time": 1663657199999,
        "all_day": {}
      },
      "27,30": {
        "day": 27,
        "index": 30,
        "start_time": 1663657200000,
        "end_time": 1663743599999,
        "all_day": {}
      },
      "28,31": {
        "day": 28,
        "index": 31,
        "start_time": 1663743600000,
        "end_time": 1663829999999,
        "all_day": {}
      },
      "29,32": {
        "day": 29,
        "index": 32,
        "start_time": 1663830000000,
        "end_time": 1663916399999,
        "all_day": {}
      },
      "30,33": {
        "day": 30,
        "index": 33,
        "start_time": 1664002800000,
        "end_time": 1664089199999,
        "all_day": {}
      }
    }
  }
][
  "TABLE ----"
][
  [
    [
      false,
      false,
      false,
      false,
      "1,4",
      "2,5",
      "3,6"
    ],
    [
      "4,7",
      "5,8",
      "6,9",
      "7,10",
      "8,11",
      "9,12",
      "10,13"
    ],
    [
      "11,14",
      "12,15",
      "13,16",
      "14,17",
      "15,18",
      "16,19",
      "17,20"
    ],
    [
      "18,21",
      "19,22",
      "20,23",
      "21,24",
      "22,25",
      "23,26",
      "24,27"
    ],
    [
      "25,28",
      "26,29",
      "27,30",
      "28,31",
      "29,32",
      "30,33",
      false
    ]
  ]
][
  "---- ----"
][
  "MAP ----"
]{
  "1,4": {
    "day": 1,
    "index": 4,
    "start_time": 1662015600000,
    "end_time": 1662101999999,
    "all_day": {}
  },
  "2,5": {
    "day": 2,
    "index": 5,
    "start_time": 1662966000000,
    "end_time": 1663052399999,
    "all_day": {}
  },
  "3,6": {
    "day": 3,
    "index": 6,
    "start_time": 1663916400000,
    "end_time": 1664002799999,
    "all_day": {}
  },
  "4,7": {
    "day": 4,
    "index": 7,
    "start_time": 1664089200000,
    "end_time": 1664175599999,
    "all_day": {}
  },
  "5,8": {
    "day": 5,
    "index": 8,
    "start_time": 1664175600000,
    "end_time": 1664261999999,
    "all_day": {}
  },
  "6,9": {
    "day": 6,
    "index": 9,
    "start_time": 1664262000000,
    "end_time": 1664348399999,
    "all_day": {}
  },
  "7,10": {
    "day": 7,
    "index": 10,
    "start_time": 1664348400000,
    "end_time": 1664434799999,
    "all_day": {}
  },
  "8,11": {
    "day": 8,
    "index": 11,
    "start_time": 1664434800000,
    "end_time": 1664521199999,
    "all_day": {}
  },
  "9,12": {
    "day": 9,
    "index": 12,
    "start_time": 1664521200000,
    "end_time": 1664607599999,
    "all_day": {}
  },
  "10,13": {
    "day": 10,
    "index": 13,
    "start_time": 1662102000000,
    "end_time": 1662188399999,
    "all_day": {}
  },
  "11,14": {
    "day": 11,
    "index": 14,
    "start_time": 1662188400000,
    "end_time": 1662274799999,
    "all_day": {}
  },
  "12,15": {
    "day": 12,
    "index": 15,
    "start_time": 1662274800000,
    "end_time": 1662361199999,
    "all_day": {
      "1663866264879": {
        "begin_at": 1663866264879,
        "end_at": 1663873464879,
        "label": "big-test"
      }
    }
  },
  "13,16": {
    "day": 13,
    "index": 16,
    "start_time": 1662361200000,
    "end_time": 1662447599999,
    "all_day": {
      "1663866264879": {
        "begin_at": 1663866264879,
        "end_at": 1663873464879,
        "label": "big-test"
      }
    }
  },
  "14,17": {
    "day": 14,
    "index": 17,
    "start_time": 1662447600000,
    "end_time": 1662533999999,
    "all_day": {
      "1663866264879": {
        "begin_at": 1663866264879,
        "end_at": 1663873464879,
        "label": "big-test"
      }
    }
  },
  "15,18": {
    "day": 15,
    "index": 18,
    "start_time": 1662534000000,
    "end_time": 1662620399999,
    "all_day": {
      "1663866264879": {
        "begin_at": 1663866264879,
        "end_at": 1663873464879,
        "label": "big-test"
      }
    }
  },
  "16,19": {
    "day": 16,
    "index": 19,
    "start_time": 1662620400000,
    "end_time": 1662706799999,
    "all_day": {
      "1663866264879": {
        "begin_at": 1663866264879,
        "end_at": 1663873464879,
        "label": "big-test"
      }
    }
  },
  "17,20": {
    "day": 17,
    "index": 20,
    "start_time": 1662706800000,
    "end_time": 1662793199999,
    "all_day": {
      "1663866264879": {
        "begin_at": 1663866264879,
        "end_at": 1663873464879,
        "label": "big-test"
      }
    }
  },
  "18,21": {
    "day": 18,
    "index": 21,
    "start_time": 1662793200000,
    "end_time": 1662879599999,
    "all_day": {}
  },
  "19,22": {
    "day": 19,
    "index": 22,
    "start_time": 1662879600000,
    "end_time": 1662965999999,
    "all_day": {}
  },
  "20,23": {
    "day": 20,
    "index": 23,
    "start_time": 1663052400000,
    "end_time": 1663138799999,
    "all_day": {}
  },
  "21,24": {
    "day": 21,
    "index": 24,
    "start_time": 1663138800000,
    "end_time": 1663225199999,
    "all_day": {}
  },
  "22,25": {
    "day": 22,
    "index": 25,
    "start_time": 1663225200000,
    "end_time": 1663311599999,
    "all_day": {}
  },
  "23,26": {
    "day": 23,
    "index": 26,
    "start_time": 1663311600000,
    "end_time": 1663397999999,
    "all_day": {}
  },
  "24,27": {
    "day": 24,
    "index": 27,
    "start_time": 1663398000000,
    "end_time": 1663484399999,
    "all_day": {}
  },
  "25,28": {
    "day": 25,
    "index": 28,
    "start_time": 1663484400000,
    "end_time": 1663570799999,
    "all_day": {}
  },
  "26,29": {
    "day": 26,
    "index": 29,
    "start_time": 1663570800000,
    "end_time": 1663657199999,
    "all_day": {}
  },
  "27,30": {
    "day": 27,
    "index": 30,
    "start_time": 1663657200000,
    "end_time": 1663743599999,
    "all_day": {}
  },
  "28,31": {
    "day": 28,
    "index": 31,
    "start_time": 1663743600000,
    "end_time": 1663829999999,
    "all_day": {}
  },
  "29,32": {
    "day": 29,
    "index": 32,
    "start_time": 1663830000000,
    "end_time": 1663916399999,
    "all_day": {}
  },
  "30,33": {
    "day": 30,
    "index": 33,
    "start_time": 1664002800000,
    "end_time": 1664089199999,
    "all_day": {}
  }
}[
  "MAP 2 ----"
]{
  "1,4": {
    "day": 1,
    "index": 4,
    "start_time": 1662015600000,
    "end_time": 1662101999999,
    "all_day": {}
  },
  "2,5": {
    "day": 2,
    "index": 5,
    "start_time": 1662966000000,
    "end_time": 1663052399999,
    "all_day": {}
  },
  "3,6": {
    "day": 3,
    "index": 6,
    "start_time": 1663916400000,
    "end_time": 1664002799999,
    "all_day": {}
  },
  "4,7": {
    "day": 4,
    "index": 7,
    "start_time": 1664089200000,
    "end_time": 1664175599999,
    "all_day": {}
  },
  "5,8": {
    "day": 5,
    "index": 8,
    "start_time": 1664175600000,
    "end_time": 1664261999999,
    "all_day": {}
  },
  "6,9": {
    "day": 6,
    "index": 9,
    "start_time": 1664262000000,
    "end_time": 1664348399999,
    "all_day": {}
  },
  "7,10": {
    "day": 7,
    "index": 10,
    "start_time": 1664348400000,
    "end_time": 1664434799999,
    "all_day": {}
  },
  "8,11": {
    "day": 8,
    "index": 11,
    "start_time": 1664434800000,
    "end_time": 1664521199999,
    "all_day": {}
  },
  "9,12": {
    "day": 9,
    "index": 12,
    "start_time": 1664521200000,
    "end_time": 1664607599999,
    "all_day": {}
  },
  "10,13": {
    "day": 10,
    "index": 13,
    "start_time": 1662102000000,
    "end_time": 1662188399999,
    "all_day": {}
  },
  "11,14": {
    "day": 11,
    "index": 14,
    "start_time": 1662188400000,
    "end_time": 1662274799999,
    "all_day": {}
  },
  "12,15": {
    "day": 12,
    "index": 15,
    "start_time": 1662274800000,
    "end_time": 1662361199999,
    "all_day": {
      "1663866264879": {
        "begin_at": 1663866264879,
        "end_at": 1663873464879,
        "label": "big-test"
      },
      "1666892964879": {
        "begin_at": 1666892964879,
        "end_at": 1666894764879,
        "label": "big-test"
      }
    }
  },
  "13,16": {
    "day": 13,
    "index": 16,
    "start_time": 1662361200000,
    "end_time": 1662447599999,
    "all_day": {
      "1663866264879": {
        "begin_at": 1663866264879,
        "end_at": 1663873464879,
        "label": "big-test"
      },
      "1666892964879": {
        "begin_at": 1666892964879,
        "end_at": 1666894764879,
        "label": "big-test"
      }
    }
  },
  "14,17": {
    "day": 14,
    "index": 17,
    "start_time": 1662447600000,
    "end_time": 1662533999999,
    "all_day": {
      "1663866264879": {
        "begin_at": 1663866264879,
        "end_at": 1663873464879,
        "label": "big-test"
      },
      "1666892964879": {
        "begin_at": 1666892964879,
        "end_at": 1666894764879,
        "label": "big-test"
      }
    }
  },
  "15,18": {
    "day": 15,
    "index": 18,
    "start_time": 1662534000000,
    "end_time": 1662620399999,
    "all_day": {
      "1663866264879": {
        "begin_at": 1663866264879,
        "end_at": 1663873464879,
        "label": "big-test"
      },
      "1666892964879": {
        "begin_at": 1666892964879,
        "end_at": 1666894764879,
        "label": "big-test"
      }
    }
  },
  "16,19": {
    "day": 16,
    "index": 19,
    "start_time": 1662620400000,
    "end_time": 1662706799999,
    "all_day": {
      "1663866264879": {
        "begin_at": 1663866264879,
        "end_at": 1663873464879,
        "label": "big-test"
      },
      "1666892964879": {
        "begin_at": 1666892964879,
        "end_at": 1666894764879,
        "label": "big-test"
      }
    }
  },
  "17,20": {
    "day": 17,
    "index": 20,
    "start_time": 1662706800000,
    "end_time": 1662793199999,
    "all_day": {
      "1663866264879": {
        "begin_at": 1663866264879,
        "end_at": 1663873464879,
        "label": "big-test"
      },
      "1666892964879": {
        "begin_at": 1666892964879,
        "end_at": 1666894764879,
        "label": "big-test"
      }
    }
  },
  "18,21": {
    "day": 18,
    "index": 21,
    "start_time": 1662793200000,
    "end_time": 1662879599999,
    "all_day": {
      "1666892964879": {
        "begin_at": 1666892964879,
        "end_at": 1666894764879,
        "label": "big-test"
      }
    }
  },
  "19,22": {
    "day": 19,
    "index": 22,
    "start_time": 1662879600000,
    "end_time": 1662965999999,
    "all_day": {
      "1666892964879": {
        "begin_at": 1666892964879,
        "end_at": 1666894764879,
        "label": "big-test"
      }
    }
  },
  "20,23": {
    "day": 20,
    "index": 23,
    "start_time": 1663052400000,
    "end_time": 1663138799999,
    "all_day": {
      "1666892964879": {
        "begin_at": 1666892964879,
        "end_at": 1666894764879,
        "label": "big-test"
      }
    }
  },
  "21,24": {
    "day": 21,
    "index": 24,
    "start_time": 1663138800000,
    "end_time": 1663225199999,
    "all_day": {
      "1666892964879": {
        "begin_at": 1666892964879,
        "end_at": 1666894764879,
        "label": "big-test"
      }
    }
  },
  "22,25": {
    "day": 22,
    "index": 25,
    "start_time": 1663225200000,
    "end_time": 1663311599999,
    "all_day": {
      "1666892964879": {
        "begin_at": 1666892964879,
        "end_at": 1666894764879,
        "label": "big-test"
      }
    }
  },
  "23,26": {
    "day": 23,
    "index": 26,
    "start_time": 1663311600000,
    "end_time": 1663397999999,
    "all_day": {
      "1666892964879": {
        "begin_at": 1666892964879,
        "end_at": 1666894764879,
        "label": "big-test"
      }
    }
  },
  "24,27": {
    "day": 24,
    "index": 27,
    "start_time": 1663398000000,
    "end_time": 1663484399999,
    "all_day": {
      "1666892964879": {
        "begin_at": 1666892964879,
        "end_at": 1666894764879,
        "label": "big-test"
      }
    }
  },
  "25,28": {
    "day": 25,
    "index": 28,
    "start_time": 1663484400000,
    "end_time": 1663570799999,
    "all_day": {
      "1666892964879": {
        "begin_at": 1666892964879,
        "end_at": 1666894764879,
        "label": "big-test"
      }
    }
  },
  "26,29": {
    "day": 26,
    "index": 29,
    "start_time": 1663570800000,
    "end_time": 1663657199999,
    "all_day": {
      "1666892964879": {
        "begin_at": 1666892964879,
        "end_at": 1666894764879,
        "label": "big-test"
      }
    }
  },
  "27,30": {
    "day": 27,
    "index": 30,
    "start_time": 1663657200000,
    "end_time": 1663743599999,
    "all_day": {
      "1666892964879": {
        "begin_at": 1666892964879,
        "end_at": 1666894764879,
        "label": "big-test"
      }
    }
  },
  "28,31": {
    "day": 28,
    "index": 31,
    "start_time": 1663743600000,
    "end_time": 1663829999999,
    "all_day": {
      "1666892964879": {
        "begin_at": 1666892964879,
        "end_at": 1666894764879,
        "label": "big-test"
      }
    }
  },
  "29,32": {
    "day": 29,
    "index": 32,
    "start_time": 1663830000000,
    "end_time": 1663916399999,
    "all_day": {
      "1666892964879": {
        "begin_at": 1666892964879,
        "end_at": 1666894764879,
        "label": "big-test"
      }
    }
  },
  "30,33": {
    "day": 30,
    "index": 33,
    "start_time": 1664002800000,
    "end_time": 1664089199999,
    "all_day": {
      "1666892964879": {
        "begin_at": 1666892964879,
        "end_at": 1666894764879,
        "label": "big-test"
      }
    }
  }
}[
  "MAP 3 ----"
]{
  "1,4": {
    "day": 1,
    "index": 4,
    "start_time": 1662015600000,
    "end_time": 1662101999999,
    "all_day": {
      "1662653964879": {
        "begin_at": 1662653964879,
        "end_at": 1662655764879,
        "label": "big-test"
      }
    }
  },
  "2,5": {
    "day": 2,
    "index": 5,
    "start_time": 1662966000000,
    "end_time": 1663052399999,
    "all_day": {
      "1662653964879": {
        "begin_at": 1662653964879,
        "end_at": 1662655764879,
        "label": "big-test"
      }
    }
  },
  "3,6": {
    "day": 3,
    "index": 6,
    "start_time": 1663916400000,
    "end_time": 1664002799999,
    "all_day": {
      "1662653964879": {
        "begin_at": 1662653964879,
        "end_at": 1662655764879,
        "label": "big-test"
      }
    }
  },
  "4,7": {
    "day": 4,
    "index": 7,
    "start_time": 1664089200000,
    "end_time": 1664175599999,
    "all_day": {}
  },
  "5,8": {
    "day": 5,
    "index": 8,
    "start_time": 1664175600000,
    "end_time": 1664261999999,
    "all_day": {}
  },
  "6,9": {
    "day": 6,
    "index": 9,
    "start_time": 1664262000000,
    "end_time": 1664348399999,
    "all_day": {}
  },
  "7,10": {
    "day": 7,
    "index": 10,
    "start_time": 1664348400000,
    "end_time": 1664434799999,
    "all_day": {}
  },
  "8,11": {
    "day": 8,
    "index": 11,
    "start_time": 1664434800000,
    "end_time": 1664521199999,
    "all_day": {}
  },
  "9,12": {
    "day": 9,
    "index": 12,
    "start_time": 1664521200000,
    "end_time": 1664607599999,
    "all_day": {}
  },
  "10,13": {
    "day": 10,
    "index": 13,
    "start_time": 1662102000000,
    "end_time": 1662188399999,
    "all_day": {}
  },
  "11,14": {
    "day": 11,
    "index": 14,
    "start_time": 1662188400000,
    "end_time": 1662274799999,
    "all_day": {}
  },
  "12,15": {
    "day": 12,
    "index": 15,
    "start_time": 1662274800000,
    "end_time": 1662361199999,
    "all_day": {
      "1663866264879": {
        "begin_at": 1663866264879,
        "end_at": 1663873464879,
        "label": "big-test"
      },
      "1666892964879": {
        "begin_at": 1666892964879,
        "end_at": 1666894764879,
        "label": "big-test"
      }
    }
  },
  "13,16": {
    "day": 13,
    "index": 16,
    "start_time": 1662361200000,
    "end_time": 1662447599999,
    "all_day": {
      "1663866264879": {
        "begin_at": 1663866264879,
        "end_at": 1663873464879,
        "label": "big-test"
      },
      "1666892964879": {
        "begin_at": 1666892964879,
        "end_at": 1666894764879,
        "label": "big-test"
      }
    }
  },
  "14,17": {
    "day": 14,
    "index": 17,
    "start_time": 1662447600000,
    "end_time": 1662533999999,
    "all_day": {
      "1663866264879": {
        "begin_at": 1663866264879,
        "end_at": 1663873464879,
        "label": "big-test"
      },
      "1666892964879": {
        "begin_at": 1666892964879,
        "end_at": 1666894764879,
        "label": "big-test"
      }
    }
  },
  "15,18": {
    "day": 15,
    "index": 18,
    "start_time": 1662534000000,
    "end_time": 1662620399999,
    "all_day": {
      "1663866264879": {
        "begin_at": 1663866264879,
        "end_at": 1663873464879,
        "label": "big-test"
      },
      "1666892964879": {
        "begin_at": 1666892964879,
        "end_at": 1666894764879,
        "label": "big-test"
      }
    }
  },
  "16,19": {
    "day": 16,
    "index": 19,
    "start_time": 1662620400000,
    "end_time": 1662706799999,
    "all_day": {
      "1663866264879": {
        "begin_at": 1663866264879,
        "end_at": 1663873464879,
        "label": "big-test"
      },
      "1666892964879": {
        "begin_at": 1666892964879,
        "end_at": 1666894764879,
        "label": "big-test"
      }
    }
  },
  "17,20": {
    "day": 17,
    "index": 20,
    "start_time": 1662706800000,
    "end_time": 1662793199999,
    "all_day": {
      "1663866264879": {
        "begin_at": 1663866264879,
        "end_at": 1663873464879,
        "label": "big-test"
      },
      "1666892964879": {
        "begin_at": 1666892964879,
        "end_at": 1666894764879,
        "label": "big-test"
      }
    }
  },
  "18,21": {
    "day": 18,
    "index": 21,
    "start_time": 1662793200000,
    "end_time": 1662879599999,
    "all_day": {
      "1666892964879": {
        "begin_at": 1666892964879,
        "end_at": 1666894764879,
        "label": "big-test"
      }
    }
  },
  "19,22": {
    "day": 19,
    "index": 22,
    "start_time": 1662879600000,
    "end_time": 1662965999999,
    "all_day": {
      "1666892964879": {
        "begin_at": 1666892964879,
        "end_at": 1666894764879,
        "label": "big-test"
      }
    }
  },
  "20,23": {
    "day": 20,
    "index": 23,
    "start_time": 1663052400000,
    "end_time": 1663138799999,
    "all_day": {
      "1666892964879": {
        "begin_at": 1666892964879,
        "end_at": 1666894764879,
        "label": "big-test"
      }
    }
  },
  "21,24": {
    "day": 21,
    "index": 24,
    "start_time": 1663138800000,
    "end_time": 1663225199999,
    "all_day": {
      "1666892964879": {
        "begin_at": 1666892964879,
        "end_at": 1666894764879,
        "label": "big-test"
      }
    }
  },
  "22,25": {
    "day": 22,
    "index": 25,
    "start_time": 1663225200000,
    "end_time": 1663311599999,
    "all_day": {
      "1666892964879": {
        "begin_at": 1666892964879,
        "end_at": 1666894764879,
        "label": "big-test"
      }
    }
  },
  "23,26": {
    "day": 23,
    "index": 26,
    "start_time": 1663311600000,
    "end_time": 1663397999999,
    "all_day": {
      "1666892964879": {
        "begin_at": 1666892964879,
        "end_at": 1666894764879,
        "label": "big-test"
      }
    }
  },
  "24,27": {
    "day": 24,
    "index": 27,
    "start_time": 1663398000000,
    "end_time": 1663484399999,
    "all_day": {
      "1666892964879": {
        "begin_at": 1666892964879,
        "end_at": 1666894764879,
        "label": "big-test"
      }
    }
  },
  "25,28": {
    "day": 25,
    "index": 28,
    "start_time": 1663484400000,
    "end_time": 1663570799999,
    "all_day": {
      "1666892964879": {
        "begin_at": 1666892964879,
        "end_at": 1666894764879,
        "label": "big-test"
      }
    }
  },
  "26,29": {
    "day": 26,
    "index": 29,
    "start_time": 1663570800000,
    "end_time": 1663657199999,
    "all_day": {
      "1666892964879": {
        "begin_at": 1666892964879,
        "end_at": 1666894764879,
        "label": "big-test"
      }
    }
  },
  "27,30": {
    "day": 27,
    "index": 30,
    "start_time": 1663657200000,
    "end_time": 1663743599999,
    "all_day": {
      "1666892964879": {
        "begin_at": 1666892964879,
        "end_at": 1666894764879,
        "label": "big-test"
      }
    }
  },
  "28,31": {
    "day": 28,
    "index": 31,
    "start_time": 1663743600000,
    "end_time": 1663829999999,
    "all_day": {
      "1666892964879": {
        "begin_at": 1666892964879,
        "end_at": 1666894764879,
        "label": "big-test"
      }
    }
  },
  "29,32": {
    "day": 29,
    "index": 32,
    "start_time": 1663830000000,
    "end_time": 1663916399999,
    "all_day": {
      "1666892964879": {
        "begin_at": 1666892964879,
        "end_at": 1666894764879,
        "label": "big-test"
      }
    }
  },
  "30,33": {
    "day": 30,
    "index": 33,
    "start_time": 1664002800000,
    "end_time": 1664089199999,
    "all_day": {
      "1666892964879": {
        "begin_at": 1666892964879,
        "end_at": 1666894764879,
        "label": "big-test"
      }
    }
  }
}[
  "MAP 4 ----"
]{
  "1,4": {
    "day": 1,
    "index": 4,
    "start_time": 1662015600000,
    "end_time": 1662101999999,
    "all_day": {
      "1662653964879": {
        "begin_at": 1662653964879,
        "end_at": 1662655764879,
        "label": "big-test"
      },
      "1664054364879": {
        "begin_at": 1664054364879,
        "end_at": 1664056164879,
        "label": "big-test"
      }
    }
  },
  "2,5": {
    "day": 2,
    "index": 5,
    "start_time": 1662966000000,
    "end_time": 1663052399999,
    "all_day": {
      "1662653964879": {
        "begin_at": 1662653964879,
        "end_at": 1662655764879,
        "label": "big-test"
      },
      "1664054364879": {
        "begin_at": 1664054364879,
        "end_at": 1664056164879,
        "label": "big-test"
      }
    }
  },
  "3,6": {
    "day": 3,
    "index": 6,
    "start_time": 1663916400000,
    "end_time": 1664002799999,
    "all_day": {
      "1662653964879": {
        "begin_at": 1662653964879,
        "end_at": 1662655764879,
        "label": "big-test"
      },
      "1664054364879": {
        "begin_at": 1664054364879,
        "end_at": 1664056164879,
        "label": "big-test"
      }
    }
  },
  "4,7": {
    "day": 4,
    "index": 7,
    "start_time": 1664089200000,
    "end_time": 1664175599999,
    "all_day": {
      "1664054364879": {
        "begin_at": 1664054364879,
        "end_at": 1664056164879,
        "label": "big-test"
      }
    }
  },
  "5,8": {
    "day": 5,
    "index": 8,
    "start_time": 1664175600000,
    "end_time": 1664261999999,
    "all_day": {
      "1664054364879": {
        "begin_at": 1664054364879,
        "end_at": 1664056164879,
        "label": "big-test"
      }
    }
  },
  "6,9": {
    "day": 6,
    "index": 9,
    "start_time": 1664262000000,
    "end_time": 1664348399999,
    "all_day": {
      "1664054364879": {
        "begin_at": 1664054364879,
        "end_at": 1664056164879,
        "label": "big-test"
      }
    }
  },
  "7,10": {
    "day": 7,
    "index": 10,
    "start_time": 1664348400000,
    "end_time": 1664434799999,
    "all_day": {
      "1664054364879": {
        "begin_at": 1664054364879,
        "end_at": 1664056164879,
        "label": "big-test"
      }
    }
  },
  "8,11": {
    "day": 8,
    "index": 11,
    "start_time": 1664434800000,
    "end_time": 1664521199999,
    "all_day": {
      "1664054364879": {
        "begin_at": 1664054364879,
        "end_at": 1664056164879,
        "label": "big-test"
      }
    }
  },
  "9,12": {
    "day": 9,
    "index": 12,
    "start_time": 1664521200000,
    "end_time": 1664607599999,
    "all_day": {
      "1664054364879": {
        "begin_at": 1664054364879,
        "end_at": 1664056164879,
        "label": "big-test"
      }
    }
  },
  "10,13": {
    "day": 10,
    "index": 13,
    "start_time": 1662102000000,
    "end_time": 1662188399999,
    "all_day": {
      "1664054364879": {
        "begin_at": 1664054364879,
        "end_at": 1664056164879,
        "label": "big-test"
      }
    }
  },
  "11,14": {
    "day": 11,
    "index": 14,
    "start_time": 1662188400000,
    "end_time": 1662274799999,
    "all_day": {
      "1664054364879": {
        "begin_at": 1664054364879,
        "end_at": 1664056164879,
        "label": "big-test"
      }
    }
  },
  "12,15": {
    "day": 12,
    "index": 15,
    "start_time": 1662274800000,
    "end_time": 1662361199999,
    "all_day": {
      "1663866264879": {
        "begin_at": 1663866264879,
        "end_at": 1663873464879,
        "label": "big-test"
      },
      "1666892964879": {
        "begin_at": 1666892964879,
        "end_at": 1666894764879,
        "label": "big-test"
      },
      "1664054364879": {
        "begin_at": 1664054364879,
        "end_at": 1664056164879,
        "label": "big-test"
      }
    }
  },
  "13,16": {
    "day": 13,
    "index": 16,
    "start_time": 1662361200000,
    "end_time": 1662447599999,
    "all_day": {
      "1663866264879": {
        "begin_at": 1663866264879,
        "end_at": 1663873464879,
        "label": "big-test"
      },
      "1666892964879": {
        "begin_at": 1666892964879,
        "end_at": 1666894764879,
        "label": "big-test"
      },
      "1664054364879": {
        "begin_at": 1664054364879,
        "end_at": 1664056164879,
        "label": "big-test"
      }
    }
  },
  "14,17": {
    "day": 14,
    "index": 17,
    "start_time": 1662447600000,
    "end_time": 1662533999999,
    "all_day": {
      "1663866264879": {
        "begin_at": 1663866264879,
        "end_at": 1663873464879,
        "label": "big-test"
      },
      "1666892964879": {
        "begin_at": 1666892964879,
        "end_at": 1666894764879,
        "label": "big-test"
      },
      "1664054364879": {
        "begin_at": 1664054364879,
        "end_at": 1664056164879,
        "label": "big-test"
      }
    }
  },
  "15,18": {
    "day": 15,
    "index": 18,
    "start_time": 1662534000000,
    "end_time": 1662620399999,
    "all_day": {
      "1663866264879": {
        "begin_at": 1663866264879,
        "end_at": 1663873464879,
        "label": "big-test"
      },
      "1666892964879": {
        "begin_at": 1666892964879,
        "end_at": 1666894764879,
        "label": "big-test"
      },
      "1664054364879": {
        "begin_at": 1664054364879,
        "end_at": 1664056164879,
        "label": "big-test"
      }
    }
  },
  "16,19": {
    "day": 16,
    "index": 19,
    "start_time": 1662620400000,
    "end_time": 1662706799999,
    "all_day": {
      "1663866264879": {
        "begin_at": 1663866264879,
        "end_at": 1663873464879,
        "label": "big-test"
      },
      "1666892964879": {
        "begin_at": 1666892964879,
        "end_at": 1666894764879,
        "label": "big-test"
      },
      "1664054364879": {
        "begin_at": 1664054364879,
        "end_at": 1664056164879,
        "label": "big-test"
      }
    }
  },
  "17,20": {
    "day": 17,
    "index": 20,
    "start_time": 1662706800000,
    "end_time": 1662793199999,
    "all_day": {
      "1663866264879": {
        "begin_at": 1663866264879,
        "end_at": 1663873464879,
        "label": "big-test"
      },
      "1666892964879": {
        "begin_at": 1666892964879,
        "end_at": 1666894764879,
        "label": "big-test"
      },
      "1664054364879": {
        "begin_at": 1664054364879,
        "end_at": 1664056164879,
        "label": "big-test"
      }
    }
  },
  "18,21": {
    "day": 18,
    "index": 21,
    "start_time": 1662793200000,
    "end_time": 1662879599999,
    "all_day": {
      "1666892964879": {
        "begin_at": 1666892964879,
        "end_at": 1666894764879,
        "label": "big-test"
      },
      "1664054364879": {
        "begin_at": 1664054364879,
        "end_at": 1664056164879,
        "label": "big-test"
      }
    }
  },
  "19,22": {
    "day": 19,
    "index": 22,
    "start_time": 1662879600000,
    "end_time": 1662965999999,
    "all_day": {
      "1666892964879": {
        "begin_at": 1666892964879,
        "end_at": 1666894764879,
        "label": "big-test"
      },
      "1664054364879": {
        "begin_at": 1664054364879,
        "end_at": 1664056164879,
        "label": "big-test"
      }
    }
  },
  "20,23": {
    "day": 20,
    "index": 23,
    "start_time": 1663052400000,
    "end_time": 1663138799999,
    "all_day": {
      "1666892964879": {
        "begin_at": 1666892964879,
        "end_at": 1666894764879,
        "label": "big-test"
      }
    }
  },
  "21,24": {
    "day": 21,
    "index": 24,
    "start_time": 1663138800000,
    "end_time": 1663225199999,
    "all_day": {
      "1666892964879": {
        "begin_at": 1666892964879,
        "end_at": 1666894764879,
        "label": "big-test"
      }
    }
  },
  "22,25": {
    "day": 22,
    "index": 25,
    "start_time": 1663225200000,
    "end_time": 1663311599999,
    "all_day": {
      "1666892964879": {
        "begin_at": 1666892964879,
        "end_at": 1666894764879,
        "label": "big-test"
      }
    }
  },
  "23,26": {
    "day": 23,
    "index": 26,
    "start_time": 1663311600000,
    "end_time": 1663397999999,
    "all_day": {
      "1666892964879": {
        "begin_at": 1666892964879,
        "end_at": 1666894764879,
        "label": "big-test"
      }
    }
  },
  "24,27": {
    "day": 24,
    "index": 27,
    "start_time": 1663398000000,
    "end_time": 1663484399999,
    "all_day": {
      "1666892964879": {
        "begin_at": 1666892964879,
        "end_at": 1666894764879,
        "label": "big-test"
      }
    }
  },
  "25,28": {
    "day": 25,
    "index": 28,
    "start_time": 1663484400000,
    "end_time": 1663570799999,
    "all_day": {
      "1666892964879": {
        "begin_at": 1666892964879,
        "end_at": 1666894764879,
        "label": "big-test"
      }
    }
  },
  "26,29": {
    "day": 26,
    "index": 29,
    "start_time": 1663570800000,
    "end_time": 1663657199999,
    "all_day": {
      "1666892964879": {
        "begin_at": 1666892964879,
        "end_at": 1666894764879,
        "label": "big-test"
      }
    }
  },
  "27,30": {
    "day": 27,
    "index": 30,
    "start_time": 1663657200000,
    "end_time": 1663743599999,
    "all_day": {
      "1666892964879": {
        "begin_at": 1666892964879,
        "end_at": 1666894764879,
        "label": "big-test"
      }
    }
  },
  "28,31": {
    "day": 28,
    "index": 31,
    "start_time": 1663743600000,
    "end_time": 1663829999999,
    "all_day": {
      "1666892964879": {
        "begin_at": 1666892964879,
        "end_at": 1666894764879,
        "label": "big-test"
      }
    }
  },
  "29,32": {
    "day": 29,
    "index": 32,
    "start_time": 1663830000000,
    "end_time": 1663916399999,
    "all_day": {
      "1666892964879": {
        "begin_at": 1666892964879,
        "end_at": 1666894764879,
        "label": "big-test"
      }
    }
  },
  "30,33": {
    "day": 30,
    "index": 33,
    "start_time": 1664002800000,
    "end_time": 1664089199999,
    "all_day": {
      "1666892964879": {
        "begin_at": 1666892964879,
        "end_at": 1666894764879,
        "label": "big-test"
      }
    }
  }
}[
  "Running Time Line Test"
][
  [
    1656090264879,
    1656658800000,
    1659337200000
  ]
][
  "fetching months"
][
  [
    1654066800000,
    1656658800000,
    1659337200000
  ]
][
  "(-1) <---- fetched months"
][
  {
    "1662015600000": {
      "date": "2022-09-16T17:04:24.879Z",
      "start_time": 1662015600000,
      "year": 2022,
      "month": 8,
      "cal": {
        "table": [
          [
            false,
            false,
            false,
            false,
            "1,4",
            "2,5",
            "3,6"
          ],
          [
            "4,7",
            "5,8",
            "6,9",
            "7,10",
            "8,11",
            "9,12",
            "10,13"
          ],
          [
            "11,14",
            "12,15",
            "13,16",
            "14,17",
            "15,18",
            "16,19",
            "17,20"
          ],
          [
            "18,21",
            "19,22",
            "20,23",
            "21,24",
            "22,25",
            "23,26",
            "24,27"
          ],
          [
            "25,28",
            "26,29",
            "27,30",
            "28,31",
            "29,32",
            "30,33",
            false
          ]
        ],
        "list": [
          false,
          false,
          false,
          false,
          "1,4",
          "2,5",
          "3,6",
          "4,7",
          "5,8",
          "6,9",
          "7,10",
          "8,11",
          "9,12",
          "10,13",
          "11,14",
          "12,15",
          "13,16",
          "14,17",
          "15,18",
          "16,19",
          "17,20",
          "18,21",
          "19,22",
          "20,23",
          "21,24",
          "22,25",
          "23,26",
          "24,27",
          "25,28",
          "26,29",
          "27,30",
          "28,31",
          "29,32",
          "30,33",
          false
        ],
        "map": {
          "1,4": {
            "day": 1,
            "index": 4,
            "start_time": 1662015600000,
            "end_time": 1662101999999,
            "all_day": {
              "1662653964879": {
                "begin_at": 1662653964879,
                "end_at": 1662655764879,
                "label": "big-test"
              },
              "1664054364879": {
                "begin_at": 1664054364879,
                "end_at": 1664056164879,
                "label": "big-test"
              }
            }
          },
          "2,5": {
            "day": 2,
            "index": 5,
            "start_time": 1662966000000,
            "end_time": 1663052399999,
            "all_day": {
              "1662653964879": {
                "begin_at": 1662653964879,
                "end_at": 1662655764879,
                "label": "big-test"
              },
              "1664054364879": {
                "begin_at": 1664054364879,
                "end_at": 1664056164879,
                "label": "big-test"
              }
            }
          },
          "3,6": {
            "day": 3,
            "index": 6,
            "start_time": 1663916400000,
            "end_time": 1664002799999,
            "all_day": {
              "1662653964879": {
                "begin_at": 1662653964879,
                "end_at": 1662655764879,
                "label": "big-test"
              },
              "1664054364879": {
                "begin_at": 1664054364879,
                "end_at": 1664056164879,
                "label": "big-test"
              }
            }
          },
          "4,7": {
            "day": 4,
            "index": 7,
            "start_time": 1664089200000,
            "end_time": 1664175599999,
            "all_day": {
              "1664054364879": {
                "begin_at": 1664054364879,
                "end_at": 1664056164879,
                "label": "big-test"
              }
            }
          },
          "5,8": {
            "day": 5,
            "index": 8,
            "start_time": 1664175600000,
            "end_time": 1664261999999,
            "all_day": {
              "1664054364879": {
                "begin_at": 1664054364879,
                "end_at": 1664056164879,
                "label": "big-test"
              }
            }
          },
          "6,9": {
            "day": 6,
            "index": 9,
            "start_time": 1664262000000,
            "end_time": 1664348399999,
            "all_day": {
              "1664054364879": {
                "begin_at": 1664054364879,
                "end_at": 1664056164879,
                "label": "big-test"
              }
            }
          },
          "7,10": {
            "day": 7,
            "index": 10,
            "start_time": 1664348400000,
            "end_time": 1664434799999,
            "all_day": {
              "1664054364879": {
                "begin_at": 1664054364879,
                "end_at": 1664056164879,
                "label": "big-test"
              }
            }
          },
          "8,11": {
            "day": 8,
            "index": 11,
            "start_time": 1664434800000,
            "end_time": 1664521199999,
            "all_day": {
              "1664054364879": {
                "begin_at": 1664054364879,
                "end_at": 1664056164879,
                "label": "big-test"
              }
            }
          },
          "9,12": {
            "day": 9,
            "index": 12,
            "start_time": 1664521200000,
            "end_time": 1664607599999,
            "all_day": {
              "1664054364879": {
                "begin_at": 1664054364879,
                "end_at": 1664056164879,
                "label": "big-test"
              }
            }
          },
          "10,13": {
            "day": 10,
            "index": 13,
            "start_time": 1662102000000,
            "end_time": 1662188399999,
            "all_day": {
              "1664054364879": {
                "begin_at": 1664054364879,
                "end_at": 1664056164879,
                "label": "big-test"
              }
            }
          },
          "11,14": {
            "day": 11,
            "index": 14,
            "start_time": 1662188400000,
            "end_time": 1662274799999,
            "all_day": {
              "1664054364879": {
                "begin_at": 1664054364879,
                "end_at": 1664056164879,
                "label": "big-test"
              }
            }
          },
          "12,15": {
            "day": 12,
            "index": 15,
            "start_time": 1662274800000,
            "end_time": 1662361199999,
            "all_day": {
              "1663866264879": {
                "begin_at": 1663866264879,
                "end_at": 1663873464879,
                "label": "big-test"
              },
              "1666892964879": {
                "begin_at": 1666892964879,
                "end_at": 1666894764879,
                "label": "big-test"
              },
              "1664054364879": {
                "begin_at": 1664054364879,
                "end_at": 1664056164879,
                "label": "big-test"
              }
            }
          },
          "13,16": {
            "day": 13,
            "index": 16,
            "start_time": 1662361200000,
            "end_time": 1662447599999,
            "all_day": {
              "1663866264879": {
                "begin_at": 1663866264879,
                "end_at": 1663873464879,
                "label": "big-test"
              },
              "1666892964879": {
                "begin_at": 1666892964879,
                "end_at": 1666894764879,
                "label": "big-test"
              },
              "1664054364879": {
                "begin_at": 1664054364879,
                "end_at": 1664056164879,
                "label": "big-test"
              }
            }
          },
          "14,17": {
            "day": 14,
            "index": 17,
            "start_time": 1662447600000,
            "end_time": 1662533999999,
            "all_day": {
              "1663866264879": {
                "begin_at": 1663866264879,
                "end_at": 1663873464879,
                "label": "big-test"
              },
              "1666892964879": {
                "begin_at": 1666892964879,
                "end_at": 1666894764879,
                "label": "big-test"
              },
              "1664054364879": {
                "begin_at": 1664054364879,
                "end_at": 1664056164879,
                "label": "big-test"
              }
            }
          },
          "15,18": {
            "day": 15,
            "index": 18,
            "start_time": 1662534000000,
            "end_time": 1662620399999,
            "all_day": {
              "1663866264879": {
                "begin_at": 1663866264879,
                "end_at": 1663873464879,
                "label": "big-test"
              },
              "1666892964879": {
                "begin_at": 1666892964879,
                "end_at": 1666894764879,
                "label": "big-test"
              },
              "1664054364879": {
                "begin_at": 1664054364879,
                "end_at": 1664056164879,
                "label": "big-test"
              }
            }
          },
          "16,19": {
            "day": 16,
            "index": 19,
            "start_time": 1662620400000,
            "end_time": 1662706799999,
            "all_day": {
              "1663866264879": {
                "begin_at": 1663866264879,
                "end_at": 1663873464879,
                "label": "big-test"
              },
              "1666892964879": {
                "begin_at": 1666892964879,
                "end_at": 1666894764879,
                "label": "big-test"
              },
              "1664054364879": {
                "begin_at": 1664054364879,
                "end_at": 1664056164879,
                "label": "big-test"
              }
            }
          },
          "17,20": {
            "day": 17,
            "index": 20,
            "start_time": 1662706800000,
            "end_time": 1662793199999,
            "all_day": {
              "1663866264879": {
                "begin_at": 1663866264879,
                "end_at": 1663873464879,
                "label": "big-test"
              },
              "1666892964879": {
                "begin_at": 1666892964879,
                "end_at": 1666894764879,
                "label": "big-test"
              },
              "1664054364879": {
                "begin_at": 1664054364879,
                "end_at": 1664056164879,
                "label": "big-test"
              }
            }
          },
          "18,21": {
            "day": 18,
            "index": 21,
            "start_time": 1662793200000,
            "end_time": 1662879599999,
            "all_day": {
              "1666892964879": {
                "begin_at": 1666892964879,
                "end_at": 1666894764879,
                "label": "big-test"
              },
              "1664054364879": {
                "begin_at": 1664054364879,
                "end_at": 1664056164879,
                "label": "big-test"
              }
            }
          },
          "19,22": {
            "day": 19,
            "index": 22,
            "start_time": 1662879600000,
            "end_time": 1662965999999,
            "all_day": {
              "1666892964879": {
                "begin_at": 1666892964879,
                "end_at": 1666894764879,
                "label": "big-test"
              },
              "1664054364879": {
                "begin_at": 1664054364879,
                "end_at": 1664056164879,
                "label": "big-test"
              }
            }
          },
          "20,23": {
            "day": 20,
            "index": 23,
            "start_time": 1663052400000,
            "end_time": 1663138799999,
            "all_day": {
              "1666892964879": {
                "begin_at": 1666892964879,
                "end_at": 1666894764879,
                "label": "big-test"
              }
            }
          },
          "21,24": {
            "day": 21,
            "index": 24,
            "start_time": 1663138800000,
            "end_time": 1663225199999,
            "all_day": {
              "1666892964879": {
                "begin_at": 1666892964879,
                "end_at": 1666894764879,
                "label": "big-test"
              }
            }
          },
          "22,25": {
            "day": 22,
            "index": 25,
            "start_time": 1663225200000,
            "end_time": 1663311599999,
            "all_day": {
              "1666892964879": {
                "begin_at": 1666892964879,
                "end_at": 1666894764879,
                "label": "big-test"
              }
            }
          },
          "23,26": {
            "day": 23,
            "index": 26,
            "start_time": 1663311600000,
            "end_time": 1663397999999,
            "all_day": {
              "1666892964879": {
                "begin_at": 1666892964879,
                "end_at": 1666894764879,
                "label": "big-test"
              }
            }
          },
          "24,27": {
            "day": 24,
            "index": 27,
            "start_time": 1663398000000,
            "end_time": 1663484399999,
            "all_day": {
              "1666892964879": {
                "begin_at": 1666892964879,
                "end_at": 1666894764879,
                "label": "big-test"
              }
            }
          },
          "25,28": {
            "day": 25,
            "index": 28,
            "start_time": 1663484400000,
            "end_time": 1663570799999,
            "all_day": {
              "1666892964879": {
                "begin_at": 1666892964879,
                "end_at": 1666894764879,
                "label": "big-test"
              }
            }
          },
          "26,29": {
            "day": 26,
            "index": 29,
            "start_time": 1663570800000,
            "end_time": 1663657199999,
            "all_day": {
              "1666892964879": {
                "begin_at": 1666892964879,
                "end_at": 1666894764879,
                "label": "big-test"
              }
            }
          },
          "27,30": {
            "day": 27,
            "index": 30,
            "start_time": 1663657200000,
            "end_time": 1663743599999,
            "all_day": {
              "1666892964879": {
                "begin_at": 1666892964879,
                "end_at": 1666894764879,
                "label": "big-test"
              }
            }
          },
          "28,31": {
            "day": 28,
            "index": 31,
            "start_time": 1663743600000,
            "end_time": 1663829999999,
            "all_day": {
              "1666892964879": {
                "begin_at": 1666892964879,
                "end_at": 1666894764879,
                "label": "big-test"
              }
            }
          },
          "29,32": {
            "day": 29,
            "index": 32,
            "start_time": 1663830000000,
            "end_time": 1663916399999,
            "all_day": {
              "1666892964879": {
                "begin_at": 1666892964879,
                "end_at": 1666894764879,
                "label": "big-test"
              }
            }
          },
          "30,33": {
            "day": 30,
            "index": 33,
            "start_time": 1664002800000,
            "end_time": 1664089199999,
            "all_day": {
              "1666892964879": {
                "begin_at": 1666892964879,
                "end_at": 1666894764879,
                "label": "big-test"
              }
            }
          }
        }
      },
      "end_time": 1664089199999
    },
    "1654066800000": {
      "date": "2022-06-01T07:00:00.000Z",
      "start_time": 1654066800000,
      "year": 2022,
      "month": 5,
      "cal": {
        "table": [
          [
            false,
            false,
            false,
            "1,3",
            "2,4",
            "3,5",
            "4,6"
          ],
          [
            "5,7",
            "6,8",
            "7,9",
            "8,10",
            "9,11",
            "10,12",
            "11,13"
          ],
          [
            "12,14",
            "13,15",
            "14,16",
            "15,17",
            "16,18",
            "17,19",
            "18,20"
          ],
          [
            "19,21",
            "20,22",
            "21,23",
            "22,24",
            "23,25",
            "24,26",
            "25,27"
          ],
          [
            "26,28",
            "27,29",
            "28,30",
            "29,31",
            "30,32",
            false,
            false
          ]
        ],
        "list": [
          false,
          false,
          false,
          "1,3",
          "2,4",
          "3,5",
          "4,6",
          "5,7",
          "6,8",
          "7,9",
          "8,10",
          "9,11",
          "10,12",
          "11,13",
          "12,14",
          "13,15",
          "14,16",
          "15,17",
          "16,18",
          "17,19",
          "18,20",
          "19,21",
          "20,22",
          "21,23",
          "22,24",
          "23,25",
          "24,26",
          "25,27",
          "26,28",
          "27,29",
          "28,30",
          "29,31",
          "30,32",
          false,
          false
        ],
        "map": {
          "1,3": {
            "day": 1,
            "index": 3,
            "start_time": 1654066800000,
            "end_time": 1654153199999,
            "all_day": {}
          },
          "2,4": {
            "day": 2,
            "index": 4,
            "start_time": 1655017200000,
            "end_time": 1655103599999,
            "all_day": {}
          },
          "3,5": {
            "day": 3,
            "index": 5,
            "start_time": 1655967600000,
            "end_time": 1656053999999,
            "all_day": {}
          },
          "4,6": {
            "day": 4,
            "index": 6,
            "start_time": 1656140400000,
            "end_time": 1656226799999,
            "all_day": {}
          },
          "5,7": {
            "day": 5,
            "index": 7,
            "start_time": 1656226800000,
            "end_time": 1656313199999,
            "all_day": {}
          },
          "6,8": {
            "day": 6,
            "index": 8,
            "start_time": 1656313200000,
            "end_time": 1656399599999,
            "all_day": {}
          },
          "7,9": {
            "day": 7,
            "index": 9,
            "start_time": 1656399600000,
            "end_time": 1656485999999,
            "all_day": {}
          },
          "8,10": {
            "day": 8,
            "index": 10,
            "start_time": 1656486000000,
            "end_time": 1656572399999,
            "all_day": {}
          },
          "9,11": {
            "day": 9,
            "index": 11,
            "start_time": 1656572400000,
            "end_time": 1656658799999,
            "all_day": {}
          },
          "10,12": {
            "day": 10,
            "index": 12,
            "start_time": 1654153200000,
            "end_time": 1654239599999,
            "all_day": {}
          },
          "11,13": {
            "day": 11,
            "index": 13,
            "start_time": 1654239600000,
            "end_time": 1654325999999,
            "all_day": {}
          },
          "12,14": {
            "day": 12,
            "index": 14,
            "start_time": 1654326000000,
            "end_time": 1654412399999,
            "all_day": {}
          },
          "13,15": {
            "day": 13,
            "index": 15,
            "start_time": 1654412400000,
            "end_time": 1654498799999,
            "all_day": {}
          },
          "14,16": {
            "day": 14,
            "index": 16,
            "start_time": 1654498800000,
            "end_time": 1654585199999,
            "all_day": {}
          },
          "15,17": {
            "day": 15,
            "index": 17,
            "start_time": 1654585200000,
            "end_time": 1654671599999,
            "all_day": {}
          },
          "16,18": {
            "day": 16,
            "index": 18,
            "start_time": 1654671600000,
            "end_time": 1654757999999,
            "all_day": {}
          },
          "17,19": {
            "day": 17,
            "index": 19,
            "start_time": 1654758000000,
            "end_time": 1654844399999,
            "all_day": {}
          },
          "18,20": {
            "day": 18,
            "index": 20,
            "start_time": 1654844400000,
            "end_time": 1654930799999,
            "all_day": {}
          },
          "19,21": {
            "day": 19,
            "index": 21,
            "start_time": 1654930800000,
            "end_time": 1655017199999,
            "all_day": {}
          },
          "20,22": {
            "day": 20,
            "index": 22,
            "start_time": 1655103600000,
            "end_time": 1655189999999,
            "all_day": {}
          },
          "21,23": {
            "day": 21,
            "index": 23,
            "start_time": 1655190000000,
            "end_time": 1655276399999,
            "all_day": {}
          },
          "22,24": {
            "day": 22,
            "index": 24,
            "start_time": 1655276400000,
            "end_time": 1655362799999,
            "all_day": {}
          },
          "23,25": {
            "day": 23,
            "index": 25,
            "start_time": 1655362800000,
            "end_time": 1655449199999,
            "all_day": {}
          },
          "24,26": {
            "day": 24,
            "index": 26,
            "start_time": 1655449200000,
            "end_time": 1655535599999,
            "all_day": {}
          },
          "25,27": {
            "day": 25,
            "index": 27,
            "start_time": 1655535600000,
            "end_time": 1655621999999,
            "all_day": {}
          },
          "26,28": {
            "day": 26,
            "index": 28,
            "start_time": 1655622000000,
            "end_time": 1655708399999,
            "all_day": {}
          },
          "27,29": {
            "day": 27,
            "index": 29,
            "start_time": 1655708400000,
            "end_time": 1655794799999,
            "all_day": {}
          },
          "28,30": {
            "day": 28,
            "index": 30,
            "start_time": 1655794800000,
            "end_time": 1655881199999,
            "all_day": {}
          },
          "29,31": {
            "day": 29,
            "index": 31,
            "start_time": 1655881200000,
            "end_time": 1655967599999,
            "all_day": {}
          },
          "30,32": {
            "day": 30,
            "index": 32,
            "start_time": 1656054000000,
            "end_time": 1656140399999,
            "all_day": {}
          }
        }
      },
      "end_time": 1656140399999
    },
    "1656658800000": {
      "date": "2022-07-01T07:00:00.000Z",
      "start_time": 1656658800000,
      "year": 2022,
      "month": 6,
      "cal": {
        "table": [
          [
            false,
            false,
            false,
            false,
            false,
            "1,5",
            "2,6"
          ],
          [
            "3,7",
            "4,8",
            "5,9",
            "6,10",
            "7,11",
            "8,12",
            "9,13"
          ],
          [
            "10,14",
            "11,15",
            "12,16",
            "13,17",
            "14,18",
            "15,19",
            "16,20"
          ],
          [
            "17,21",
            "18,22",
            "19,23",
            "20,24",
            "21,25",
            "22,26",
            "23,27"
          ],
          [
            "24,28",
            "25,29",
            "26,30",
            "27,31",
            "28,32",
            "29,33",
            "30,34"
          ],
          [
            "31,35",
            false,
            false,
            false,
            false,
            false,
            false
          ]
        ],
        "list": [
          false,
          false,
          false,
          false,
          false,
          "1,5",
          "2,6",
          "3,7",
          "4,8",
          "5,9",
          "6,10",
          "7,11",
          "8,12",
          "9,13",
          "10,14",
          "11,15",
          "12,16",
          "13,17",
          "14,18",
          "15,19",
          "16,20",
          "17,21",
          "18,22",
          "19,23",
          "20,24",
          "21,25",
          "22,26",
          "23,27",
          "24,28",
          "25,29",
          "26,30",
          "27,31",
          "28,32",
          "29,33",
          "30,34",
          "31,35",
          false,
          false,
          false,
          false,
          false,
          false
        ],
        "map": {
          "1,5": {
            "day": 1,
            "index": 5,
            "start_time": 1656658800000,
            "end_time": 1656745199999,
            "all_day": {}
          },
          "2,6": {
            "day": 2,
            "index": 6,
            "start_time": 1657609200000,
            "end_time": 1657695599999,
            "all_day": {}
          },
          "3,7": {
            "day": 3,
            "index": 7,
            "start_time": 1658559600000,
            "end_time": 1658645999999,
            "all_day": {}
          },
          "4,8": {
            "day": 4,
            "index": 8,
            "start_time": 1658818800000,
            "end_time": 1658905199999,
            "all_day": {}
          },
          "5,9": {
            "day": 5,
            "index": 9,
            "start_time": 1658905200000,
            "end_time": 1658991599999,
            "all_day": {}
          },
          "6,10": {
            "day": 6,
            "index": 10,
            "start_time": 1658991600000,
            "end_time": 1659077999999,
            "all_day": {}
          },
          "7,11": {
            "day": 7,
            "index": 11,
            "start_time": 1659078000000,
            "end_time": 1659164399999,
            "all_day": {}
          },
          "8,12": {
            "day": 8,
            "index": 12,
            "start_time": 1659164400000,
            "end_time": 1659250799999,
            "all_day": {}
          },
          "9,13": {
            "day": 9,
            "index": 13,
            "start_time": 1659250800000,
            "end_time": 1659337199999,
            "all_day": {}
          },
          "10,14": {
            "day": 10,
            "index": 14,
            "start_time": 1656745200000,
            "end_time": 1656831599999,
            "all_day": {}
          },
          "11,15": {
            "day": 11,
            "index": 15,
            "start_time": 1656831600000,
            "end_time": 1656917999999,
            "all_day": {}
          },
          "12,16": {
            "day": 12,
            "index": 16,
            "start_time": 1656918000000,
            "end_time": 1657004399999,
            "all_day": {}
          },
          "13,17": {
            "day": 13,
            "index": 17,
            "start_time": 1657004400000,
            "end_time": 1657090799999,
            "all_day": {}
          },
          "14,18": {
            "day": 14,
            "index": 18,
            "start_time": 1657090800000,
            "end_time": 1657177199999,
            "all_day": {}
          },
          "15,19": {
            "day": 15,
            "index": 19,
            "start_time": 1657177200000,
            "end_time": 1657263599999,
            "all_day": {}
          },
          "16,20": {
            "day": 16,
            "index": 20,
            "start_time": 1657263600000,
            "end_time": 1657349999999,
            "all_day": {}
          },
          "17,21": {
            "day": 17,
            "index": 21,
            "start_time": 1657350000000,
            "end_time": 1657436399999,
            "all_day": {}
          },
          "18,22": {
            "day": 18,
            "index": 22,
            "start_time": 1657436400000,
            "end_time": 1657522799999,
            "all_day": {}
          },
          "19,23": {
            "day": 19,
            "index": 23,
            "start_time": 1657522800000,
            "end_time": 1657609199999,
            "all_day": {}
          },
          "20,24": {
            "day": 20,
            "index": 24,
            "start_time": 1657695600000,
            "end_time": 1657781999999,
            "all_day": {}
          },
          "21,25": {
            "day": 21,
            "index": 25,
            "start_time": 1657782000000,
            "end_time": 1657868399999,
            "all_day": {}
          },
          "22,26": {
            "day": 22,
            "index": 26,
            "start_time": 1657868400000,
            "end_time": 1657954799999,
            "all_day": {}
          },
          "23,27": {
            "day": 23,
            "index": 27,
            "start_time": 1657954800000,
            "end_time": 1658041199999,
            "all_day": {}
          },
          "24,28": {
            "day": 24,
            "index": 28,
            "start_time": 1658041200000,
            "end_time": 1658127599999,
            "all_day": {}
          },
          "25,29": {
            "day": 25,
            "index": 29,
            "start_time": 1658127600000,
            "end_time": 1658213999999,
            "all_day": {}
          },
          "26,30": {
            "day": 26,
            "index": 30,
            "start_time": 1658214000000,
            "end_time": 1658300399999,
            "all_day": {}
          },
          "27,31": {
            "day": 27,
            "index": 31,
            "start_time": 1658300400000,
            "end_time": 1658386799999,
            "all_day": {}
          },
          "28,32": {
            "day": 28,
            "index": 32,
            "start_time": 1658386800000,
            "end_time": 1658473199999,
            "all_day": {}
          },
          "29,33": {
            "day": 29,
            "index": 33,
            "start_time": 1658473200000,
            "end_time": 1658559599999,
            "all_day": {}
          },
          "30,34": {
            "day": 30,
            "index": 34,
            "start_time": 1658646000000,
            "end_time": 1658732399999,
            "all_day": {}
          },
          "31,35": {
            "day": 31,
            "index": 35,
            "start_time": 1658732400000,
            "end_time": 1658818799999,
            "all_day": {}
          }
        }
      },
      "end_time": 1658818799999
    },
    "1659337200000": {
      "date": "2022-08-01T07:00:00.000Z",
      "start_time": 1659337200000,
      "year": 2022,
      "month": 7,
      "cal": {
        "table": [
          [
            false,
            "1,1",
            "2,2",
            "3,3",
            "4,4",
            "5,5",
            "6,6"
          ],
          [
            "7,7",
            "8,8",
            "9,9",
            "10,10",
            "11,11",
            "12,12",
            "13,13"
          ],
          [
            "14,14",
            "15,15",
            "16,16",
            "17,17",
            "18,18",
            "19,19",
            "20,20"
          ],
          [
            "21,21",
            "22,22",
            "23,23",
            "24,24",
            "25,25",
            "26,26",
            "27,27"
          ],
          [
            "28,28",
            "29,29",
            "30,30",
            "31,31",
            false,
            false,
            false
          ]
        ],
        "list": [
          false,
          "1,1",
          "2,2",
          "3,3",
          "4,4",
          "5,5",
          "6,6",
          "7,7",
          "8,8",
          "9,9",
          "10,10",
          "11,11",
          "12,12",
          "13,13",
          "14,14",
          "15,15",
          "16,16",
          "17,17",
          "18,18",
          "19,19",
          "20,20",
          "21,21",
          "22,22",
          "23,23",
          "24,24",
          "25,25",
          "26,26",
          "27,27",
          "28,28",
          "29,29",
          "30,30",
          "31,31",
          false,
          false,
          false
        ],
        "map": {
          "1,1": {
            "day": 1,
            "index": 1,
            "start_time": 1659337200000,
            "end_time": 1659423599999,
            "all_day": {}
          },
          "2,2": {
            "day": 2,
            "index": 2,
            "start_time": 1660287600000,
            "end_time": 1660373999999,
            "all_day": {}
          },
          "3,3": {
            "day": 3,
            "index": 3,
            "start_time": 1661238000000,
            "end_time": 1661324399999,
            "all_day": {}
          },
          "4,4": {
            "day": 4,
            "index": 4,
            "start_time": 1661497200000,
            "end_time": 1661583599999,
            "all_day": {}
          },
          "5,5": {
            "day": 5,
            "index": 5,
            "start_time": 1661583600000,
            "end_time": 1661669999999,
            "all_day": {}
          },
          "6,6": {
            "day": 6,
            "index": 6,
            "start_time": 1661670000000,
            "end_time": 1661756399999,
            "all_day": {}
          },
          "7,7": {
            "day": 7,
            "index": 7,
            "start_time": 1661756400000,
            "end_time": 1661842799999,
            "all_day": {}
          },
          "8,8": {
            "day": 8,
            "index": 8,
            "start_time": 1661842800000,
            "end_time": 1661929199999,
            "all_day": {}
          },
          "9,9": {
            "day": 9,
            "index": 9,
            "start_time": 1661929200000,
            "end_time": 1662015599999,
            "all_day": {}
          },
          "10,10": {
            "day": 10,
            "index": 10,
            "start_time": 1659423600000,
            "end_time": 1659509999999,
            "all_day": {}
          },
          "11,11": {
            "day": 11,
            "index": 11,
            "start_time": 1659510000000,
            "end_time": 1659596399999,
            "all_day": {}
          },
          "12,12": {
            "day": 12,
            "index": 12,
            "start_time": 1659596400000,
            "end_time": 1659682799999,
            "all_day": {}
          },
          "13,13": {
            "day": 13,
            "index": 13,
            "start_time": 1659682800000,
            "end_time": 1659769199999,
            "all_day": {}
          },
          "14,14": {
            "day": 14,
            "index": 14,
            "start_time": 1659769200000,
            "end_time": 1659855599999,
            "all_day": {}
          },
          "15,15": {
            "day": 15,
            "index": 15,
            "start_time": 1659855600000,
            "end_time": 1659941999999,
            "all_day": {}
          },
          "16,16": {
            "day": 16,
            "index": 16,
            "start_time": 1659942000000,
            "end_time": 1660028399999,
            "all_day": {}
          },
          "17,17": {
            "day": 17,
            "index": 17,
            "start_time": 1660028400000,
            "end_time": 1660114799999,
            "all_day": {}
          },
          "18,18": {
            "day": 18,
            "index": 18,
            "start_time": 1660114800000,
            "end_time": 1660201199999,
            "all_day": {}
          },
          "19,19": {
            "day": 19,
            "index": 19,
            "start_time": 1660201200000,
            "end_time": 1660287599999,
            "all_day": {}
          },
          "20,20": {
            "day": 20,
            "index": 20,
            "start_time": 1660374000000,
            "end_time": 1660460399999,
            "all_day": {}
          },
          "21,21": {
            "day": 21,
            "index": 21,
            "start_time": 1660460400000,
            "end_time": 1660546799999,
            "all_day": {}
          },
          "22,22": {
            "day": 22,
            "index": 22,
            "start_time": 1660546800000,
            "end_time": 1660633199999,
            "all_day": {}
          },
          "23,23": {
            "day": 23,
            "index": 23,
            "start_time": 1660633200000,
            "end_time": 1660719599999,
            "all_day": {}
          },
          "24,24": {
            "day": 24,
            "index": 24,
            "start_time": 1660719600000,
            "end_time": 1660805999999,
            "all_day": {}
          },
          "25,25": {
            "day": 25,
            "index": 25,
            "start_time": 1660806000000,
            "end_time": 1660892399999,
            "all_day": {}
          },
          "26,26": {
            "day": 26,
            "index": 26,
            "start_time": 1660892400000,
            "end_time": 1660978799999,
            "all_day": {}
          },
          "27,27": {
            "day": 27,
            "index": 27,
            "start_time": 1660978800000,
            "end_time": 1661065199999,
            "all_day": {}
          },
          "28,28": {
            "day": 28,
            "index": 28,
            "start_time": 1661065200000,
            "end_time": 1661151599999,
            "all_day": {}
          },
          "29,29": {
            "day": 29,
            "index": 29,
            "start_time": 1661151600000,
            "end_time": 1661237999999,
            "all_day": {}
          },
          "30,30": {
            "day": 30,
            "index": 30,
            "start_time": 1661324400000,
            "end_time": 1661410799999,
            "all_day": {}
          },
          "31,31": {
            "day": 31,
            "index": 31,
            "start_time": 1661410800000,
            "end_time": 1661497199999,
            "all_day": {}
          }
        }
      },
      "end_time": 1661497199999
    }
  }
][
  "fetching months"
][
  [
    1664607600000,
    1667286000000
  ]
][
  "(-1) <---- fetched months"
][
  {
    "1662015600000": {
      "date": "2022-09-16T17:04:24.879Z",
      "start_time": 1662015600000,
      "year": 2022,
      "month": 8,
      "cal": {
        "table": [
          [
            false,
            false,
            false,
            false,
            "1,4",
            "2,5",
            "3,6"
          ],
          [
            "4,7",
            "5,8",
            "6,9",
            "7,10",
            "8,11",
            "9,12",
            "10,13"
          ],
          [
            "11,14",
            "12,15",
            "13,16",
            "14,17",
            "15,18",
            "16,19",
            "17,20"
          ],
          [
            "18,21",
            "19,22",
            "20,23",
            "21,24",
            "22,25",
            "23,26",
            "24,27"
          ],
          [
            "25,28",
            "26,29",
            "27,30",
            "28,31",
            "29,32",
            "30,33",
            false
          ]
        ],
        "list": [
          false,
          false,
          false,
          false,
          "1,4",
          "2,5",
          "3,6",
          "4,7",
          "5,8",
          "6,9",
          "7,10",
          "8,11",
          "9,12",
          "10,13",
          "11,14",
          "12,15",
          "13,16",
          "14,17",
          "15,18",
          "16,19",
          "17,20",
          "18,21",
          "19,22",
          "20,23",
          "21,24",
          "22,25",
          "23,26",
          "24,27",
          "25,28",
          "26,29",
          "27,30",
          "28,31",
          "29,32",
          "30,33",
          false
        ],
        "map": {
          "1,4": {
            "day": 1,
            "index": 4,
            "start_time": 1662015600000,
            "end_time": 1662101999999,
            "all_day": {
              "1662653964879": {
                "begin_at": 1662653964879,
                "end_at": 1662655764879,
                "label": "big-test"
              },
              "1664054364879": {
                "begin_at": 1664054364879,
                "end_at": 1664056164879,
                "label": "big-test"
              }
            }
          },
          "2,5": {
            "day": 2,
            "index": 5,
            "start_time": 1662966000000,
            "end_time": 1663052399999,
            "all_day": {
              "1662653964879": {
                "begin_at": 1662653964879,
                "end_at": 1662655764879,
                "label": "big-test"
              },
              "1664054364879": {
                "begin_at": 1664054364879,
                "end_at": 1664056164879,
                "label": "big-test"
              }
            }
          },
          "3,6": {
            "day": 3,
            "index": 6,
            "start_time": 1663916400000,
            "end_time": 1664002799999,
            "all_day": {
              "1662653964879": {
                "begin_at": 1662653964879,
                "end_at": 1662655764879,
                "label": "big-test"
              },
              "1664054364879": {
                "begin_at": 1664054364879,
                "end_at": 1664056164879,
                "label": "big-test"
              }
            }
          },
          "4,7": {
            "day": 4,
            "index": 7,
            "start_time": 1664089200000,
            "end_time": 1664175599999,
            "all_day": {
              "1664054364879": {
                "begin_at": 1664054364879,
                "end_at": 1664056164879,
                "label": "big-test"
              }
            }
          },
          "5,8": {
            "day": 5,
            "index": 8,
            "start_time": 1664175600000,
            "end_time": 1664261999999,
            "all_day": {
              "1664054364879": {
                "begin_at": 1664054364879,
                "end_at": 1664056164879,
                "label": "big-test"
              }
            }
          },
          "6,9": {
            "day": 6,
            "index": 9,
            "start_time": 1664262000000,
            "end_time": 1664348399999,
            "all_day": {
              "1664054364879": {
                "begin_at": 1664054364879,
                "end_at": 1664056164879,
                "label": "big-test"
              }
            }
          },
          "7,10": {
            "day": 7,
            "index": 10,
            "start_time": 1664348400000,
            "end_time": 1664434799999,
            "all_day": {
              "1664054364879": {
                "begin_at": 1664054364879,
                "end_at": 1664056164879,
                "label": "big-test"
              }
            }
          },
          "8,11": {
            "day": 8,
            "index": 11,
            "start_time": 1664434800000,
            "end_time": 1664521199999,
            "all_day": {
              "1664054364879": {
                "begin_at": 1664054364879,
                "end_at": 1664056164879,
                "label": "big-test"
              }
            }
          },
          "9,12": {
            "day": 9,
            "index": 12,
            "start_time": 1664521200000,
            "end_time": 1664607599999,
            "all_day": {
              "1664054364879": {
                "begin_at": 1664054364879,
                "end_at": 1664056164879,
                "label": "big-test"
              }
            }
          },
          "10,13": {
            "day": 10,
            "index": 13,
            "start_time": 1662102000000,
            "end_time": 1662188399999,
            "all_day": {
              "1664054364879": {
                "begin_at": 1664054364879,
                "end_at": 1664056164879,
                "label": "big-test"
              }
            }
          },
          "11,14": {
            "day": 11,
            "index": 14,
            "start_time": 1662188400000,
            "end_time": 1662274799999,
            "all_day": {
              "1664054364879": {
                "begin_at": 1664054364879,
                "end_at": 1664056164879,
                "label": "big-test"
              }
            }
          },
          "12,15": {
            "day": 12,
            "index": 15,
            "start_time": 1662274800000,
            "end_time": 1662361199999,
            "all_day": {
              "1663866264879": {
                "begin_at": 1663866264879,
                "end_at": 1663873464879,
                "label": "big-test"
              },
              "1666892964879": {
                "begin_at": 1666892964879,
                "end_at": 1666894764879,
                "label": "big-test"
              },
              "1664054364879": {
                "begin_at": 1664054364879,
                "end_at": 1664056164879,
                "label": "big-test"
              }
            }
          },
          "13,16": {
            "day": 13,
            "index": 16,
            "start_time": 1662361200000,
            "end_time": 1662447599999,
            "all_day": {
              "1663866264879": {
                "begin_at": 1663866264879,
                "end_at": 1663873464879,
                "label": "big-test"
              },
              "1666892964879": {
                "begin_at": 1666892964879,
                "end_at": 1666894764879,
                "label": "big-test"
              },
              "1664054364879": {
                "begin_at": 1664054364879,
                "end_at": 1664056164879,
                "label": "big-test"
              }
            }
          },
          "14,17": {
            "day": 14,
            "index": 17,
            "start_time": 1662447600000,
            "end_time": 1662533999999,
            "all_day": {
              "1663866264879": {
                "begin_at": 1663866264879,
                "end_at": 1663873464879,
                "label": "big-test"
              },
              "1666892964879": {
                "begin_at": 1666892964879,
                "end_at": 1666894764879,
                "label": "big-test"
              },
              "1664054364879": {
                "begin_at": 1664054364879,
                "end_at": 1664056164879,
                "label": "big-test"
              }
            }
          },
          "15,18": {
            "day": 15,
            "index": 18,
            "start_time": 1662534000000,
            "end_time": 1662620399999,
            "all_day": {
              "1663866264879": {
                "begin_at": 1663866264879,
                "end_at": 1663873464879,
                "label": "big-test"
              },
              "1666892964879": {
                "begin_at": 1666892964879,
                "end_at": 1666894764879,
                "label": "big-test"
              },
              "1664054364879": {
                "begin_at": 1664054364879,
                "end_at": 1664056164879,
                "label": "big-test"
              }
            }
          },
          "16,19": {
            "day": 16,
            "index": 19,
            "start_time": 1662620400000,
            "end_time": 1662706799999,
            "all_day": {
              "1663866264879": {
                "begin_at": 1663866264879,
                "end_at": 1663873464879,
                "label": "big-test"
              },
              "1666892964879": {
                "begin_at": 1666892964879,
                "end_at": 1666894764879,
                "label": "big-test"
              },
              "1664054364879": {
                "begin_at": 1664054364879,
                "end_at": 1664056164879,
                "label": "big-test"
              }
            }
          },
          "17,20": {
            "day": 17,
            "index": 20,
            "start_time": 1662706800000,
            "end_time": 1662793199999,
            "all_day": {
              "1663866264879": {
                "begin_at": 1663866264879,
                "end_at": 1663873464879,
                "label": "big-test"
              },
              "1666892964879": {
                "begin_at": 1666892964879,
                "end_at": 1666894764879,
                "label": "big-test"
              },
              "1664054364879": {
                "begin_at": 1664054364879,
                "end_at": 1664056164879,
                "label": "big-test"
              }
            }
          },
          "18,21": {
            "day": 18,
            "index": 21,
            "start_time": 1662793200000,
            "end_time": 1662879599999,
            "all_day": {
              "1666892964879": {
                "begin_at": 1666892964879,
                "end_at": 1666894764879,
                "label": "big-test"
              },
              "1664054364879": {
                "begin_at": 1664054364879,
                "end_at": 1664056164879,
                "label": "big-test"
              }
            }
          },
          "19,22": {
            "day": 19,
            "index": 22,
            "start_time": 1662879600000,
            "end_time": 1662965999999,
            "all_day": {
              "1666892964879": {
                "begin_at": 1666892964879,
                "end_at": 1666894764879,
                "label": "big-test"
              },
              "1664054364879": {
                "begin_at": 1664054364879,
                "end_at": 1664056164879,
                "label": "big-test"
              }
            }
          },
          "20,23": {
            "day": 20,
            "index": 23,
            "start_time": 1663052400000,
            "end_time": 1663138799999,
            "all_day": {
              "1666892964879": {
                "begin_at": 1666892964879,
                "end_at": 1666894764879,
                "label": "big-test"
              }
            }
          },
          "21,24": {
            "day": 21,
            "index": 24,
            "start_time": 1663138800000,
            "end_time": 1663225199999,
            "all_day": {
              "1666892964879": {
                "begin_at": 1666892964879,
                "end_at": 1666894764879,
                "label": "big-test"
              }
            }
          },
          "22,25": {
            "day": 22,
            "index": 25,
            "start_time": 1663225200000,
            "end_time": 1663311599999,
            "all_day": {
              "1666892964879": {
                "begin_at": 1666892964879,
                "end_at": 1666894764879,
                "label": "big-test"
              }
            }
          },
          "23,26": {
            "day": 23,
            "index": 26,
            "start_time": 1663311600000,
            "end_time": 1663397999999,
            "all_day": {
              "1666892964879": {
                "begin_at": 1666892964879,
                "end_at": 1666894764879,
                "label": "big-test"
              }
            }
          },
          "24,27": {
            "day": 24,
            "index": 27,
            "start_time": 1663398000000,
            "end_time": 1663484399999,
            "all_day": {
              "1666892964879": {
                "begin_at": 1666892964879,
                "end_at": 1666894764879,
                "label": "big-test"
              }
            }
          },
          "25,28": {
            "day": 25,
            "index": 28,
            "start_time": 1663484400000,
            "end_time": 1663570799999,
            "all_day": {
              "1666892964879": {
                "begin_at": 1666892964879,
                "end_at": 1666894764879,
                "label": "big-test"
              }
            }
          },
          "26,29": {
            "day": 26,
            "index": 29,
            "start_time": 1663570800000,
            "end_time": 1663657199999,
            "all_day": {
              "1666892964879": {
                "begin_at": 1666892964879,
                "end_at": 1666894764879,
                "label": "big-test"
              }
            }
          },
          "27,30": {
            "day": 27,
            "index": 30,
            "start_time": 1663657200000,
            "end_time": 1663743599999,
            "all_day": {
              "1666892964879": {
                "begin_at": 1666892964879,
                "end_at": 1666894764879,
                "label": "big-test"
              }
            }
          },
          "28,31": {
            "day": 28,
            "index": 31,
            "start_time": 1663743600000,
            "end_time": 1663829999999,
            "all_day": {
              "1666892964879": {
                "begin_at": 1666892964879,
                "end_at": 1666894764879,
                "label": "big-test"
              }
            }
          },
          "29,32": {
            "day": 29,
            "index": 32,
            "start_time": 1663830000000,
            "end_time": 1663916399999,
            "all_day": {
              "1666892964879": {
                "begin_at": 1666892964879,
                "end_at": 1666894764879,
                "label": "big-test"
              }
            }
          },
          "30,33": {
            "day": 30,
            "index": 33,
            "start_time": 1664002800000,
            "end_time": 1664089199999,
            "all_day": {
              "1666892964879": {
                "begin_at": 1666892964879,
                "end_at": 1666894764879,
                "label": "big-test"
              }
            }
          }
        }
      },
      "end_time": 1664089199999
    },
    "1654066800000": {
      "date": "2022-06-01T07:00:00.000Z",
      "start_time": 1654066800000,
      "year": 2022,
      "month": 5,
      "cal": {
        "table": [
          [
            false,
            false,
            false,
            "1,3",
            "2,4",
            "3,5",
            "4,6"
          ],
          [
            "5,7",
            "6,8",
            "7,9",
            "8,10",
            "9,11",
            "10,12",
            "11,13"
          ],
          [
            "12,14",
            "13,15",
            "14,16",
            "15,17",
            "16,18",
            "17,19",
            "18,20"
          ],
          [
            "19,21",
            "20,22",
            "21,23",
            "22,24",
            "23,25",
            "24,26",
            "25,27"
          ],
          [
            "26,28",
            "27,29",
            "28,30",
            "29,31",
            "30,32",
            false,
            false
          ]
        ],
        "list": [
          false,
          false,
          false,
          "1,3",
          "2,4",
          "3,5",
          "4,6",
          "5,7",
          "6,8",
          "7,9",
          "8,10",
          "9,11",
          "10,12",
          "11,13",
          "12,14",
          "13,15",
          "14,16",
          "15,17",
          "16,18",
          "17,19",
          "18,20",
          "19,21",
          "20,22",
          "21,23",
          "22,24",
          "23,25",
          "24,26",
          "25,27",
          "26,28",
          "27,29",
          "28,30",
          "29,31",
          "30,32",
          false,
          false
        ],
        "map": {
          "1,3": {
            "day": 1,
            "index": 3,
            "start_time": 1654066800000,
            "end_time": 1654153199999,
            "all_day": {}
          },
          "2,4": {
            "day": 2,
            "index": 4,
            "start_time": 1655017200000,
            "end_time": 1655103599999,
            "all_day": {}
          },
          "3,5": {
            "day": 3,
            "index": 5,
            "start_time": 1655967600000,
            "end_time": 1656053999999,
            "all_day": {}
          },
          "4,6": {
            "day": 4,
            "index": 6,
            "start_time": 1656140400000,
            "end_time": 1656226799999,
            "all_day": {}
          },
          "5,7": {
            "day": 5,
            "index": 7,
            "start_time": 1656226800000,
            "end_time": 1656313199999,
            "all_day": {}
          },
          "6,8": {
            "day": 6,
            "index": 8,
            "start_time": 1656313200000,
            "end_time": 1656399599999,
            "all_day": {}
          },
          "7,9": {
            "day": 7,
            "index": 9,
            "start_time": 1656399600000,
            "end_time": 1656485999999,
            "all_day": {}
          },
          "8,10": {
            "day": 8,
            "index": 10,
            "start_time": 1656486000000,
            "end_time": 1656572399999,
            "all_day": {}
          },
          "9,11": {
            "day": 9,
            "index": 11,
            "start_time": 1656572400000,
            "end_time": 1656658799999,
            "all_day": {}
          },
          "10,12": {
            "day": 10,
            "index": 12,
            "start_time": 1654153200000,
            "end_time": 1654239599999,
            "all_day": {}
          },
          "11,13": {
            "day": 11,
            "index": 13,
            "start_time": 1654239600000,
            "end_time": 1654325999999,
            "all_day": {}
          },
          "12,14": {
            "day": 12,
            "index": 14,
            "start_time": 1654326000000,
            "end_time": 1654412399999,
            "all_day": {}
          },
          "13,15": {
            "day": 13,
            "index": 15,
            "start_time": 1654412400000,
            "end_time": 1654498799999,
            "all_day": {}
          },
          "14,16": {
            "day": 14,
            "index": 16,
            "start_time": 1654498800000,
            "end_time": 1654585199999,
            "all_day": {}
          },
          "15,17": {
            "day": 15,
            "index": 17,
            "start_time": 1654585200000,
            "end_time": 1654671599999,
            "all_day": {}
          },
          "16,18": {
            "day": 16,
            "index": 18,
            "start_time": 1654671600000,
            "end_time": 1654757999999,
            "all_day": {}
          },
          "17,19": {
            "day": 17,
            "index": 19,
            "start_time": 1654758000000,
            "end_time": 1654844399999,
            "all_day": {}
          },
          "18,20": {
            "day": 18,
            "index": 20,
            "start_time": 1654844400000,
            "end_time": 1654930799999,
            "all_day": {}
          },
          "19,21": {
            "day": 19,
            "index": 21,
            "start_time": 1654930800000,
            "end_time": 1655017199999,
            "all_day": {}
          },
          "20,22": {
            "day": 20,
            "index": 22,
            "start_time": 1655103600000,
            "end_time": 1655189999999,
            "all_day": {}
          },
          "21,23": {
            "day": 21,
            "index": 23,
            "start_time": 1655190000000,
            "end_time": 1655276399999,
            "all_day": {}
          },
          "22,24": {
            "day": 22,
            "index": 24,
            "start_time": 1655276400000,
            "end_time": 1655362799999,
            "all_day": {}
          },
          "23,25": {
            "day": 23,
            "index": 25,
            "start_time": 1655362800000,
            "end_time": 1655449199999,
            "all_day": {}
          },
          "24,26": {
            "day": 24,
            "index": 26,
            "start_time": 1655449200000,
            "end_time": 1655535599999,
            "all_day": {}
          },
          "25,27": {
            "day": 25,
            "index": 27,
            "start_time": 1655535600000,
            "end_time": 1655621999999,
            "all_day": {}
          },
          "26,28": {
            "day": 26,
            "index": 28,
            "start_time": 1655622000000,
            "end_time": 1655708399999,
            "all_day": {}
          },
          "27,29": {
            "day": 27,
            "index": 29,
            "start_time": 1655708400000,
            "end_time": 1655794799999,
            "all_day": {}
          },
          "28,30": {
            "day": 28,
            "index": 30,
            "start_time": 1655794800000,
            "end_time": 1655881199999,
            "all_day": {}
          },
          "29,31": {
            "day": 29,
            "index": 31,
            "start_time": 1655881200000,
            "end_time": 1655967599999,
            "all_day": {}
          },
          "30,32": {
            "day": 30,
            "index": 32,
            "start_time": 1656054000000,
            "end_time": 1656140399999,
            "all_day": {}
          }
        }
      },
      "end_time": 1656140399999
    },
    "1656658800000": {
      "date": "2022-07-01T07:00:00.000Z",
      "start_time": 1656658800000,
      "year": 2022,
      "month": 6,
      "cal": {
        "table": [
          [
            false,
            false,
            false,
            false,
            false,
            "1,5",
            "2,6"
          ],
          [
            "3,7",
            "4,8",
            "5,9",
            "6,10",
            "7,11",
            "8,12",
            "9,13"
          ],
          [
            "10,14",
            "11,15",
            "12,16",
            "13,17",
            "14,18",
            "15,19",
            "16,20"
          ],
          [
            "17,21",
            "18,22",
            "19,23",
            "20,24",
            "21,25",
            "22,26",
            "23,27"
          ],
          [
            "24,28",
            "25,29",
            "26,30",
            "27,31",
            "28,32",
            "29,33",
            "30,34"
          ],
          [
            "31,35",
            false,
            false,
            false,
            false,
            false,
            false
          ]
        ],
        "list": [
          false,
          false,
          false,
          false,
          false,
          "1,5",
          "2,6",
          "3,7",
          "4,8",
          "5,9",
          "6,10",
          "7,11",
          "8,12",
          "9,13",
          "10,14",
          "11,15",
          "12,16",
          "13,17",
          "14,18",
          "15,19",
          "16,20",
          "17,21",
          "18,22",
          "19,23",
          "20,24",
          "21,25",
          "22,26",
          "23,27",
          "24,28",
          "25,29",
          "26,30",
          "27,31",
          "28,32",
          "29,33",
          "30,34",
          "31,35",
          false,
          false,
          false,
          false,
          false,
          false
        ],
        "map": {
          "1,5": {
            "day": 1,
            "index": 5,
            "start_time": 1656658800000,
            "end_time": 1656745199999,
            "all_day": {}
          },
          "2,6": {
            "day": 2,
            "index": 6,
            "start_time": 1657609200000,
            "end_time": 1657695599999,
            "all_day": {}
          },
          "3,7": {
            "day": 3,
            "index": 7,
            "start_time": 1658559600000,
            "end_time": 1658645999999,
            "all_day": {}
          },
          "4,8": {
            "day": 4,
            "index": 8,
            "start_time": 1658818800000,
            "end_time": 1658905199999,
            "all_day": {}
          },
          "5,9": {
            "day": 5,
            "index": 9,
            "start_time": 1658905200000,
            "end_time": 1658991599999,
            "all_day": {}
          },
          "6,10": {
            "day": 6,
            "index": 10,
            "start_time": 1658991600000,
            "end_time": 1659077999999,
            "all_day": {}
          },
          "7,11": {
            "day": 7,
            "index": 11,
            "start_time": 1659078000000,
            "end_time": 1659164399999,
            "all_day": {}
          },
          "8,12": {
            "day": 8,
            "index": 12,
            "start_time": 1659164400000,
            "end_time": 1659250799999,
            "all_day": {}
          },
          "9,13": {
            "day": 9,
            "index": 13,
            "start_time": 1659250800000,
            "end_time": 1659337199999,
            "all_day": {}
          },
          "10,14": {
            "day": 10,
            "index": 14,
            "start_time": 1656745200000,
            "end_time": 1656831599999,
            "all_day": {}
          },
          "11,15": {
            "day": 11,
            "index": 15,
            "start_time": 1656831600000,
            "end_time": 1656917999999,
            "all_day": {}
          },
          "12,16": {
            "day": 12,
            "index": 16,
            "start_time": 1656918000000,
            "end_time": 1657004399999,
            "all_day": {}
          },
          "13,17": {
            "day": 13,
            "index": 17,
            "start_time": 1657004400000,
            "end_time": 1657090799999,
            "all_day": {}
          },
          "14,18": {
            "day": 14,
            "index": 18,
            "start_time": 1657090800000,
            "end_time": 1657177199999,
            "all_day": {}
          },
          "15,19": {
            "day": 15,
            "index": 19,
            "start_time": 1657177200000,
            "end_time": 1657263599999,
            "all_day": {}
          },
          "16,20": {
            "day": 16,
            "index": 20,
            "start_time": 1657263600000,
            "end_time": 1657349999999,
            "all_day": {}
          },
          "17,21": {
            "day": 17,
            "index": 21,
            "start_time": 1657350000000,
            "end_time": 1657436399999,
            "all_day": {}
          },
          "18,22": {
            "day": 18,
            "index": 22,
            "start_time": 1657436400000,
            "end_time": 1657522799999,
            "all_day": {}
          },
          "19,23": {
            "day": 19,
            "index": 23,
            "start_time": 1657522800000,
            "end_time": 1657609199999,
            "all_day": {}
          },
          "20,24": {
            "day": 20,
            "index": 24,
            "start_time": 1657695600000,
            "end_time": 1657781999999,
            "all_day": {}
          },
          "21,25": {
            "day": 21,
            "index": 25,
            "start_time": 1657782000000,
            "end_time": 1657868399999,
            "all_day": {}
          },
          "22,26": {
            "day": 22,
            "index": 26,
            "start_time": 1657868400000,
            "end_time": 1657954799999,
            "all_day": {}
          },
          "23,27": {
            "day": 23,
            "index": 27,
            "start_time": 1657954800000,
            "end_time": 1658041199999,
            "all_day": {}
          },
          "24,28": {
            "day": 24,
            "index": 28,
            "start_time": 1658041200000,
            "end_time": 1658127599999,
            "all_day": {}
          },
          "25,29": {
            "day": 25,
            "index": 29,
            "start_time": 1658127600000,
            "end_time": 1658213999999,
            "all_day": {}
          },
          "26,30": {
            "day": 26,
            "index": 30,
            "start_time": 1658214000000,
            "end_time": 1658300399999,
            "all_day": {}
          },
          "27,31": {
            "day": 27,
            "index": 31,
            "start_time": 1658300400000,
            "end_time": 1658386799999,
            "all_day": {}
          },
          "28,32": {
            "day": 28,
            "index": 32,
            "start_time": 1658386800000,
            "end_time": 1658473199999,
            "all_day": {}
          },
          "29,33": {
            "day": 29,
            "index": 33,
            "start_time": 1658473200000,
            "end_time": 1658559599999,
            "all_day": {}
          },
          "30,34": {
            "day": 30,
            "index": 34,
            "start_time": 1658646000000,
            "end_time": 1658732399999,
            "all_day": {}
          },
          "31,35": {
            "day": 31,
            "index": 35,
            "start_time": 1658732400000,
            "end_time": 1658818799999,
            "all_day": {}
          }
        }
      },
      "end_time": 1658818799999
    },
    "1659337200000": {
      "date": "2022-08-01T07:00:00.000Z",
      "start_time": 1659337200000,
      "year": 2022,
      "month": 7,
      "cal": {
        "table": [
          [
            false,
            "1,1",
            "2,2",
            "3,3",
            "4,4",
            "5,5",
            "6,6"
          ],
          [
            "7,7",
            "8,8",
            "9,9",
            "10,10",
            "11,11",
            "12,12",
            "13,13"
          ],
          [
            "14,14",
            "15,15",
            "16,16",
            "17,17",
            "18,18",
            "19,19",
            "20,20"
          ],
          [
            "21,21",
            "22,22",
            "23,23",
            "24,24",
            "25,25",
            "26,26",
            "27,27"
          ],
          [
            "28,28",
            "29,29",
            "30,30",
            "31,31",
            false,
            false,
            false
          ]
        ],
        "list": [
          false,
          "1,1",
          "2,2",
          "3,3",
          "4,4",
          "5,5",
          "6,6",
          "7,7",
          "8,8",
          "9,9",
          "10,10",
          "11,11",
          "12,12",
          "13,13",
          "14,14",
          "15,15",
          "16,16",
          "17,17",
          "18,18",
          "19,19",
          "20,20",
          "21,21",
          "22,22",
          "23,23",
          "24,24",
          "25,25",
          "26,26",
          "27,27",
          "28,28",
          "29,29",
          "30,30",
          "31,31",
          false,
          false,
          false
        ],
        "map": {
          "1,1": {
            "day": 1,
            "index": 1,
            "start_time": 1659337200000,
            "end_time": 1659423599999,
            "all_day": {}
          },
          "2,2": {
            "day": 2,
            "index": 2,
            "start_time": 1660287600000,
            "end_time": 1660373999999,
            "all_day": {}
          },
          "3,3": {
            "day": 3,
            "index": 3,
            "start_time": 1661238000000,
            "end_time": 1661324399999,
            "all_day": {}
          },
          "4,4": {
            "day": 4,
            "index": 4,
            "start_time": 1661497200000,
            "end_time": 1661583599999,
            "all_day": {}
          },
          "5,5": {
            "day": 5,
            "index": 5,
            "start_time": 1661583600000,
            "end_time": 1661669999999,
            "all_day": {}
          },
          "6,6": {
            "day": 6,
            "index": 6,
            "start_time": 1661670000000,
            "end_time": 1661756399999,
            "all_day": {}
          },
          "7,7": {
            "day": 7,
            "index": 7,
            "start_time": 1661756400000,
            "end_time": 1661842799999,
            "all_day": {}
          },
          "8,8": {
            "day": 8,
            "index": 8,
            "start_time": 1661842800000,
            "end_time": 1661929199999,
            "all_day": {}
          },
          "9,9": {
            "day": 9,
            "index": 9,
            "start_time": 1661929200000,
            "end_time": 1662015599999,
            "all_day": {}
          },
          "10,10": {
            "day": 10,
            "index": 10,
            "start_time": 1659423600000,
            "end_time": 1659509999999,
            "all_day": {}
          },
          "11,11": {
            "day": 11,
            "index": 11,
            "start_time": 1659510000000,
            "end_time": 1659596399999,
            "all_day": {}
          },
          "12,12": {
            "day": 12,
            "index": 12,
            "start_time": 1659596400000,
            "end_time": 1659682799999,
            "all_day": {}
          },
          "13,13": {
            "day": 13,
            "index": 13,
            "start_time": 1659682800000,
            "end_time": 1659769199999,
            "all_day": {}
          },
          "14,14": {
            "day": 14,
            "index": 14,
            "start_time": 1659769200000,
            "end_time": 1659855599999,
            "all_day": {}
          },
          "15,15": {
            "day": 15,
            "index": 15,
            "start_time": 1659855600000,
            "end_time": 1659941999999,
            "all_day": {}
          },
          "16,16": {
            "day": 16,
            "index": 16,
            "start_time": 1659942000000,
            "end_time": 1660028399999,
            "all_day": {}
          },
          "17,17": {
            "day": 17,
            "index": 17,
            "start_time": 1660028400000,
            "end_time": 1660114799999,
            "all_day": {}
          },
          "18,18": {
            "day": 18,
            "index": 18,
            "start_time": 1660114800000,
            "end_time": 1660201199999,
            "all_day": {}
          },
          "19,19": {
            "day": 19,
            "index": 19,
            "start_time": 1660201200000,
            "end_time": 1660287599999,
            "all_day": {}
          },
          "20,20": {
            "day": 20,
            "index": 20,
            "start_time": 1660374000000,
            "end_time": 1660460399999,
            "all_day": {}
          },
          "21,21": {
            "day": 21,
            "index": 21,
            "start_time": 1660460400000,
            "end_time": 1660546799999,
            "all_day": {}
          },
          "22,22": {
            "day": 22,
            "index": 22,
            "start_time": 1660546800000,
            "end_time": 1660633199999,
            "all_day": {}
          },
          "23,23": {
            "day": 23,
            "index": 23,
            "start_time": 1660633200000,
            "end_time": 1660719599999,
            "all_day": {}
          },
          "24,24": {
            "day": 24,
            "index": 24,
            "start_time": 1660719600000,
            "end_time": 1660805999999,
            "all_day": {}
          },
          "25,25": {
            "day": 25,
            "index": 25,
            "start_time": 1660806000000,
            "end_time": 1660892399999,
            "all_day": {}
          },
          "26,26": {
            "day": 26,
            "index": 26,
            "start_time": 1660892400000,
            "end_time": 1660978799999,
            "all_day": {}
          },
          "27,27": {
            "day": 27,
            "index": 27,
            "start_time": 1660978800000,
            "end_time": 1661065199999,
            "all_day": {}
          },
          "28,28": {
            "day": 28,
            "index": 28,
            "start_time": 1661065200000,
            "end_time": 1661151599999,
            "all_day": {}
          },
          "29,29": {
            "day": 29,
            "index": 29,
            "start_time": 1661151600000,
            "end_time": 1661237999999,
            "all_day": {}
          },
          "30,30": {
            "day": 30,
            "index": 30,
            "start_time": 1661324400000,
            "end_time": 1661410799999,
            "all_day": {}
          },
          "31,31": {
            "day": 31,
            "index": 31,
            "start_time": 1661410800000,
            "end_time": 1661497199999,
            "all_day": {}
          }
        }
      },
      "end_time": 1661497199999
    },
    "1664607600000": {
      "date": "2022-10-01T07:00:00.000Z",
      "start_time": 1664607600000,
      "year": 2022,
      "month": 9,
      "cal": {
        "table": [
          [
            false,
            false,
            false,
            false,
            false,
            false,
            "1,6"
          ],
          [
            "2,7",
            "3,8",
            "4,9",
            "5,10",
            "6,11",
            "7,12",
            "8,13"
          ],
          [
            "9,14",
            "10,15",
            "11,16",
            "12,17",
            "13,18",
            "14,19",
            "15,20"
          ],
          [
            "16,21",
            "17,22",
            "18,23",
            "19,24",
            "20,25",
            "21,26",
            "22,27"
          ],
          [
            "23,28",
            "24,29",
            "25,30",
            "26,31",
            "27,32",
            "28,33",
            "29,34"
          ],
          [
            "30,35",
            "31,36",
            false,
            false,
            false,
            false,
            false
          ]
        ],
        "list": [
          false,
          false,
          false,
          false,
          false,
          false,
          "1,6",
          "2,7",
          "3,8",
          "4,9",
          "5,10",
          "6,11",
          "7,12",
          "8,13",
          "9,14",
          "10,15",
          "11,16",
          "12,17",
          "13,18",
          "14,19",
          "15,20",
          "16,21",
          "17,22",
          "18,23",
          "19,24",
          "20,25",
          "21,26",
          "22,27",
          "23,28",
          "24,29",
          "25,30",
          "26,31",
          "27,32",
          "28,33",
          "29,34",
          "30,35",
          "31,36",
          false,
          false,
          false,
          false,
          false
        ],
        "map": {
          "1,6": {
            "day": 1,
            "index": 6,
            "start_time": 1664607600000,
            "end_time": 1664693999999,
            "all_day": {}
          },
          "2,7": {
            "day": 2,
            "index": 7,
            "start_time": 1665558000000,
            "end_time": 1665644399999,
            "all_day": {}
          },
          "3,8": {
            "day": 3,
            "index": 8,
            "start_time": 1666508400000,
            "end_time": 1666594799999,
            "all_day": {}
          },
          "4,9": {
            "day": 4,
            "index": 9,
            "start_time": 1666767600000,
            "end_time": 1666853999999,
            "all_day": {}
          },
          "5,10": {
            "day": 5,
            "index": 10,
            "start_time": 1666854000000,
            "end_time": 1666940399999,
            "all_day": {}
          },
          "6,11": {
            "day": 6,
            "index": 11,
            "start_time": 1666940400000,
            "end_time": 1667026799999,
            "all_day": {}
          },
          "7,12": {
            "day": 7,
            "index": 12,
            "start_time": 1667026800000,
            "end_time": 1667113199999,
            "all_day": {}
          },
          "8,13": {
            "day": 8,
            "index": 13,
            "start_time": 1667113200000,
            "end_time": 1667199599999,
            "all_day": {}
          },
          "9,14": {
            "day": 9,
            "index": 14,
            "start_time": 1667199600000,
            "end_time": 1667285999999,
            "all_day": {}
          },
          "10,15": {
            "day": 10,
            "index": 15,
            "start_time": 1664694000000,
            "end_time": 1664780399999,
            "all_day": {}
          },
          "11,16": {
            "day": 11,
            "index": 16,
            "start_time": 1664780400000,
            "end_time": 1664866799999,
            "all_day": {}
          },
          "12,17": {
            "day": 12,
            "index": 17,
            "start_time": 1664866800000,
            "end_time": 1664953199999,
            "all_day": {}
          },
          "13,18": {
            "day": 13,
            "index": 18,
            "start_time": 1664953200000,
            "end_time": 1665039599999,
            "all_day": {}
          },
          "14,19": {
            "day": 14,
            "index": 19,
            "start_time": 1665039600000,
            "end_time": 1665125999999,
            "all_day": {}
          },
          "15,20": {
            "day": 15,
            "index": 20,
            "start_time": 1665126000000,
            "end_time": 1665212399999,
            "all_day": {}
          },
          "16,21": {
            "day": 16,
            "index": 21,
            "start_time": 1665212400000,
            "end_time": 1665298799999,
            "all_day": {}
          },
          "17,22": {
            "day": 17,
            "index": 22,
            "start_time": 1665298800000,
            "end_time": 1665385199999,
            "all_day": {}
          },
          "18,23": {
            "day": 18,
            "index": 23,
            "start_time": 1665385200000,
            "end_time": 1665471599999,
            "all_day": {}
          },
          "19,24": {
            "day": 19,
            "index": 24,
            "start_time": 1665471600000,
            "end_time": 1665557999999,
            "all_day": {}
          },
          "20,25": {
            "day": 20,
            "index": 25,
            "start_time": 1665644400000,
            "end_time": 1665730799999,
            "all_day": {}
          },
          "21,26": {
            "day": 21,
            "index": 26,
            "start_time": 1665730800000,
            "end_time": 1665817199999,
            "all_day": {}
          },
          "22,27": {
            "day": 22,
            "index": 27,
            "start_time": 1665817200000,
            "end_time": 1665903599999,
            "all_day": {}
          },
          "23,28": {
            "day": 23,
            "index": 28,
            "start_time": 1665903600000,
            "end_time": 1665989999999,
            "all_day": {}
          },
          "24,29": {
            "day": 24,
            "index": 29,
            "start_time": 1665990000000,
            "end_time": 1666076399999,
            "all_day": {}
          },
          "25,30": {
            "day": 25,
            "index": 30,
            "start_time": 1666076400000,
            "end_time": 1666162799999,
            "all_day": {}
          },
          "26,31": {
            "day": 26,
            "index": 31,
            "start_time": 1666162800000,
            "end_time": 1666249199999,
            "all_day": {}
          },
          "27,32": {
            "day": 27,
            "index": 32,
            "start_time": 1666249200000,
            "end_time": 1666335599999,
            "all_day": {}
          },
          "28,33": {
            "day": 28,
            "index": 33,
            "start_time": 1666335600000,
            "end_time": 1666421999999,
            "all_day": {}
          },
          "29,34": {
            "day": 29,
            "index": 34,
            "start_time": 1666422000000,
            "end_time": 1666508399999,
            "all_day": {}
          },
          "30,35": {
            "day": 30,
            "index": 35,
            "start_time": 1666594800000,
            "end_time": 1666681199999,
            "all_day": {}
          },
          "31,36": {
            "day": 31,
            "index": 36,
            "start_time": 1666681200000,
            "end_time": 1666767599999,
            "all_day": {}
          }
        }
      },
      "end_time": 1666767599999
    },
    "1667286000000": {
      "date": "2022-11-01T07:00:00.000Z",
      "start_time": 1667286000000,
      "year": 2022,
      "month": 10,
      "cal": {
        "table": [
          [
            false,
            false,
            "1,2",
            "2,3",
            "3,4",
            "4,5",
            "5,6"
          ],
          [
            "6,7",
            "7,8",
            "8,9",
            "9,10",
            "10,11",
            "11,12",
            "12,13"
          ],
          [
            "13,14",
            "14,15",
            "15,16",
            "16,17",
            "17,18",
            "18,19",
            "19,20"
          ],
          [
            "20,21",
            "21,22",
            "22,23",
            "23,24",
            "24,25",
            "25,26",
            "26,27"
          ],
          [
            "27,28",
            "28,29",
            "29,30",
            "30,31",
            false,
            false,
            false
          ]
        ],
        "list": [
          false,
          false,
          "1,2",
          "2,3",
          "3,4",
          "4,5",
          "5,6",
          "6,7",
          "7,8",
          "8,9",
          "9,10",
          "10,11",
          "11,12",
          "12,13",
          "13,14",
          "14,15",
          "15,16",
          "16,17",
          "17,18",
          "18,19",
          "19,20",
          "20,21",
          "21,22",
          "22,23",
          "23,24",
          "24,25",
          "25,26",
          "26,27",
          "27,28",
          "28,29",
          "29,30",
          "30,31",
          false,
          false,
          false
        ],
        "map": {
          "1,2": {
            "day": 1,
            "index": 2,
            "start_time": 1667286000000,
            "end_time": 1667372399999,
            "all_day": {}
          },
          "2,3": {
            "day": 2,
            "index": 3,
            "start_time": 1668236400000,
            "end_time": 1668322799999,
            "all_day": {}
          },
          "3,4": {
            "day": 3,
            "index": 4,
            "start_time": 1669186800000,
            "end_time": 1669273199999,
            "all_day": {}
          },
          "4,5": {
            "day": 4,
            "index": 5,
            "start_time": 1669359600000,
            "end_time": 1669445999999,
            "all_day": {}
          },
          "5,6": {
            "day": 5,
            "index": 6,
            "start_time": 1669446000000,
            "end_time": 1669532399999,
            "all_day": {}
          },
          "6,7": {
            "day": 6,
            "index": 7,
            "start_time": 1669532400000,
            "end_time": 1669618799999,
            "all_day": {}
          },
          "7,8": {
            "day": 7,
            "index": 8,
            "start_time": 1669618800000,
            "end_time": 1669705199999,
            "all_day": {}
          },
          "8,9": {
            "day": 8,
            "index": 9,
            "start_time": 1669705200000,
            "end_time": 1669791599999,
            "all_day": {}
          },
          "9,10": {
            "day": 9,
            "index": 10,
            "start_time": 1669791600000,
            "end_time": 1669877999999,
            "all_day": {}
          },
          "10,11": {
            "day": 10,
            "index": 11,
            "start_time": 1667372400000,
            "end_time": 1667458799999,
            "all_day": {}
          },
          "11,12": {
            "day": 11,
            "index": 12,
            "start_time": 1667458800000,
            "end_time": 1667545199999,
            "all_day": {}
          },
          "12,13": {
            "day": 12,
            "index": 13,
            "start_time": 1667545200000,
            "end_time": 1667631599999,
            "all_day": {}
          },
          "13,14": {
            "day": 13,
            "index": 14,
            "start_time": 1667631600000,
            "end_time": 1667717999999,
            "all_day": {}
          },
          "14,15": {
            "day": 14,
            "index": 15,
            "start_time": 1667718000000,
            "end_time": 1667804399999,
            "all_day": {}
          },
          "15,16": {
            "day": 15,
            "index": 16,
            "start_time": 1667804400000,
            "end_time": 1667890799999,
            "all_day": {}
          },
          "16,17": {
            "day": 16,
            "index": 17,
            "start_time": 1667890800000,
            "end_time": 1667977199999,
            "all_day": {}
          },
          "17,18": {
            "day": 17,
            "index": 18,
            "start_time": 1667977200000,
            "end_time": 1668063599999,
            "all_day": {}
          },
          "18,19": {
            "day": 18,
            "index": 19,
            "start_time": 1668063600000,
            "end_time": 1668149999999,
            "all_day": {}
          },
          "19,20": {
            "day": 19,
            "index": 20,
            "start_time": 1668150000000,
            "end_time": 1668236399999,
            "all_day": {}
          },
          "20,21": {
            "day": 20,
            "index": 21,
            "start_time": 1668322800000,
            "end_time": 1668409199999,
            "all_day": {}
          },
          "21,22": {
            "day": 21,
            "index": 22,
            "start_time": 1668409200000,
            "end_time": 1668495599999,
            "all_day": {}
          },
          "22,23": {
            "day": 22,
            "index": 23,
            "start_time": 1668495600000,
            "end_time": 1668581999999,
            "all_day": {}
          },
          "23,24": {
            "day": 23,
            "index": 24,
            "start_time": 1668582000000,
            "end_time": 1668668399999,
            "all_day": {}
          },
          "24,25": {
            "day": 24,
            "index": 25,
            "start_time": 1668668400000,
            "end_time": 1668754799999,
            "all_day": {}
          },
          "25,26": {
            "day": 25,
            "index": 26,
            "start_time": 1668754800000,
            "end_time": 1668841199999,
            "all_day": {}
          },
          "26,27": {
            "day": 26,
            "index": 27,
            "start_time": 1668841200000,
            "end_time": 1668927599999,
            "all_day": {}
          },
          "27,28": {
            "day": 27,
            "index": 28,
            "start_time": 1668927600000,
            "end_time": 1669013999999,
            "all_day": {}
          },
          "28,29": {
            "day": 28,
            "index": 29,
            "start_time": 1669014000000,
            "end_time": 1669100399999,
            "all_day": {}
          },
          "29,30": {
            "day": 29,
            "index": 30,
            "start_time": 1669100400000,
            "end_time": 1669186799999,
            "all_day": {}
          },
          "30,31": {
            "day": 30,
            "index": 31,
            "start_time": 1669273200000,
            "end_time": 1669359599999,
            "all_day": {}
          }
        }
      },
      "end_time": 1669359599999
    }
  }
][
  "fetching months"
][
  [
    1648796400000,
    1651388400000
  ]
][
  "(-1) <---- fetched months"
][
  {
    "1662015600000": {
      "date": "2022-09-16T17:04:24.879Z",
      "start_time": 1662015600000,
      "year": 2022,
      "month": 8,
      "cal": {
        "table": [
          [
            false,
            false,
            false,
            false,
            "1,4",
            "2,5",
            "3,6"
          ],
          [
            "4,7",
            "5,8",
            "6,9",
            "7,10",
            "8,11",
            "9,12",
            "10,13"
          ],
          [
            "11,14",
            "12,15",
            "13,16",
            "14,17",
            "15,18",
            "16,19",
            "17,20"
          ],
          [
            "18,21",
            "19,22",
            "20,23",
            "21,24",
            "22,25",
            "23,26",
            "24,27"
          ],
          [
            "25,28",
            "26,29",
            "27,30",
            "28,31",
            "29,32",
            "30,33",
            false
          ]
        ],
        "list": [
          false,
          false,
          false,
          false,
          "1,4",
          "2,5",
          "3,6",
          "4,7",
          "5,8",
          "6,9",
          "7,10",
          "8,11",
          "9,12",
          "10,13",
          "11,14",
          "12,15",
          "13,16",
          "14,17",
          "15,18",
          "16,19",
          "17,20",
          "18,21",
          "19,22",
          "20,23",
          "21,24",
          "22,25",
          "23,26",
          "24,27",
          "25,28",
          "26,29",
          "27,30",
          "28,31",
          "29,32",
          "30,33",
          false
        ],
        "map": {
          "1,4": {
            "day": 1,
            "index": 4,
            "start_time": 1662015600000,
            "end_time": 1662101999999,
            "all_day": {
              "1662653964879": {
                "begin_at": 1662653964879,
                "end_at": 1662655764879,
                "label": "big-test"
              },
              "1664054364879": {
                "begin_at": 1664054364879,
                "end_at": 1664056164879,
                "label": "big-test"
              }
            }
          },
          "2,5": {
            "day": 2,
            "index": 5,
            "start_time": 1662966000000,
            "end_time": 1663052399999,
            "all_day": {
              "1662653964879": {
                "begin_at": 1662653964879,
                "end_at": 1662655764879,
                "label": "big-test"
              },
              "1664054364879": {
                "begin_at": 1664054364879,
                "end_at": 1664056164879,
                "label": "big-test"
              }
            }
          },
          "3,6": {
            "day": 3,
            "index": 6,
            "start_time": 1663916400000,
            "end_time": 1664002799999,
            "all_day": {
              "1662653964879": {
                "begin_at": 1662653964879,
                "end_at": 1662655764879,
                "label": "big-test"
              },
              "1664054364879": {
                "begin_at": 1664054364879,
                "end_at": 1664056164879,
                "label": "big-test"
              }
            }
          },
          "4,7": {
            "day": 4,
            "index": 7,
            "start_time": 1664089200000,
            "end_time": 1664175599999,
            "all_day": {
              "1664054364879": {
                "begin_at": 1664054364879,
                "end_at": 1664056164879,
                "label": "big-test"
              }
            }
          },
          "5,8": {
            "day": 5,
            "index": 8,
            "start_time": 1664175600000,
            "end_time": 1664261999999,
            "all_day": {
              "1664054364879": {
                "begin_at": 1664054364879,
                "end_at": 1664056164879,
                "label": "big-test"
              }
            }
          },
          "6,9": {
            "day": 6,
            "index": 9,
            "start_time": 1664262000000,
            "end_time": 1664348399999,
            "all_day": {
              "1664054364879": {
                "begin_at": 1664054364879,
                "end_at": 1664056164879,
                "label": "big-test"
              }
            }
          },
          "7,10": {
            "day": 7,
            "index": 10,
            "start_time": 1664348400000,
            "end_time": 1664434799999,
            "all_day": {
              "1664054364879": {
                "begin_at": 1664054364879,
                "end_at": 1664056164879,
                "label": "big-test"
              }
            }
          },
          "8,11": {
            "day": 8,
            "index": 11,
            "start_time": 1664434800000,
            "end_time": 1664521199999,
            "all_day": {
              "1664054364879": {
                "begin_at": 1664054364879,
                "end_at": 1664056164879,
                "label": "big-test"
              }
            }
          },
          "9,12": {
            "day": 9,
            "index": 12,
            "start_time": 1664521200000,
            "end_time": 1664607599999,
            "all_day": {
              "1664054364879": {
                "begin_at": 1664054364879,
                "end_at": 1664056164879,
                "label": "big-test"
              }
            }
          },
          "10,13": {
            "day": 10,
            "index": 13,
            "start_time": 1662102000000,
            "end_time": 1662188399999,
            "all_day": {
              "1664054364879": {
                "begin_at": 1664054364879,
                "end_at": 1664056164879,
                "label": "big-test"
              }
            }
          },
          "11,14": {
            "day": 11,
            "index": 14,
            "start_time": 1662188400000,
            "end_time": 1662274799999,
            "all_day": {
              "1664054364879": {
                "begin_at": 1664054364879,
                "end_at": 1664056164879,
                "label": "big-test"
              }
            }
          },
          "12,15": {
            "day": 12,
            "index": 15,
            "start_time": 1662274800000,
            "end_time": 1662361199999,
            "all_day": {
              "1663866264879": {
                "begin_at": 1663866264879,
                "end_at": 1663873464879,
                "label": "big-test"
              },
              "1666892964879": {
                "begin_at": 1666892964879,
                "end_at": 1666894764879,
                "label": "big-test"
              },
              "1664054364879": {
                "begin_at": 1664054364879,
                "end_at": 1664056164879,
                "label": "big-test"
              }
            }
          },
          "13,16": {
            "day": 13,
            "index": 16,
            "start_time": 1662361200000,
            "end_time": 1662447599999,
            "all_day": {
              "1663866264879": {
                "begin_at": 1663866264879,
                "end_at": 1663873464879,
                "label": "big-test"
              },
              "1666892964879": {
                "begin_at": 1666892964879,
                "end_at": 1666894764879,
                "label": "big-test"
              },
              "1664054364879": {
                "begin_at": 1664054364879,
                "end_at": 1664056164879,
                "label": "big-test"
              }
            }
          },
          "14,17": {
            "day": 14,
            "index": 17,
            "start_time": 1662447600000,
            "end_time": 1662533999999,
            "all_day": {
              "1663866264879": {
                "begin_at": 1663866264879,
                "end_at": 1663873464879,
                "label": "big-test"
              },
              "1666892964879": {
                "begin_at": 1666892964879,
                "end_at": 1666894764879,
                "label": "big-test"
              },
              "1664054364879": {
                "begin_at": 1664054364879,
                "end_at": 1664056164879,
                "label": "big-test"
              }
            }
          },
          "15,18": {
            "day": 15,
            "index": 18,
            "start_time": 1662534000000,
            "end_time": 1662620399999,
            "all_day": {
              "1663866264879": {
                "begin_at": 1663866264879,
                "end_at": 1663873464879,
                "label": "big-test"
              },
              "1666892964879": {
                "begin_at": 1666892964879,
                "end_at": 1666894764879,
                "label": "big-test"
              },
              "1664054364879": {
                "begin_at": 1664054364879,
                "end_at": 1664056164879,
                "label": "big-test"
              }
            }
          },
          "16,19": {
            "day": 16,
            "index": 19,
            "start_time": 1662620400000,
            "end_time": 1662706799999,
            "all_day": {
              "1663866264879": {
                "begin_at": 1663866264879,
                "end_at": 1663873464879,
                "label": "big-test"
              },
              "1666892964879": {
                "begin_at": 1666892964879,
                "end_at": 1666894764879,
                "label": "big-test"
              },
              "1664054364879": {
                "begin_at": 1664054364879,
                "end_at": 1664056164879,
                "label": "big-test"
              }
            }
          },
          "17,20": {
            "day": 17,
            "index": 20,
            "start_time": 1662706800000,
            "end_time": 1662793199999,
            "all_day": {
              "1663866264879": {
                "begin_at": 1663866264879,
                "end_at": 1663873464879,
                "label": "big-test"
              },
              "1666892964879": {
                "begin_at": 1666892964879,
                "end_at": 1666894764879,
                "label": "big-test"
              },
              "1664054364879": {
                "begin_at": 1664054364879,
                "end_at": 1664056164879,
                "label": "big-test"
              }
            }
          },
          "18,21": {
            "day": 18,
            "index": 21,
            "start_time": 1662793200000,
            "end_time": 1662879599999,
            "all_day": {
              "1666892964879": {
                "begin_at": 1666892964879,
                "end_at": 1666894764879,
                "label": "big-test"
              },
              "1664054364879": {
                "begin_at": 1664054364879,
                "end_at": 1664056164879,
                "label": "big-test"
              }
            }
          },
          "19,22": {
            "day": 19,
            "index": 22,
            "start_time": 1662879600000,
            "end_time": 1662965999999,
            "all_day": {
              "1666892964879": {
                "begin_at": 1666892964879,
                "end_at": 1666894764879,
                "label": "big-test"
              },
              "1664054364879": {
                "begin_at": 1664054364879,
                "end_at": 1664056164879,
                "label": "big-test"
              }
            }
          },
          "20,23": {
            "day": 20,
            "index": 23,
            "start_time": 1663052400000,
            "end_time": 1663138799999,
            "all_day": {
              "1666892964879": {
                "begin_at": 1666892964879,
                "end_at": 1666894764879,
                "label": "big-test"
              }
            }
          },
          "21,24": {
            "day": 21,
            "index": 24,
            "start_time": 1663138800000,
            "end_time": 1663225199999,
            "all_day": {
              "1666892964879": {
                "begin_at": 1666892964879,
                "end_at": 1666894764879,
                "label": "big-test"
              }
            }
          },
          "22,25": {
            "day": 22,
            "index": 25,
            "start_time": 1663225200000,
            "end_time": 1663311599999,
            "all_day": {
              "1666892964879": {
                "begin_at": 1666892964879,
                "end_at": 1666894764879,
                "label": "big-test"
              }
            }
          },
          "23,26": {
            "day": 23,
            "index": 26,
            "start_time": 1663311600000,
            "end_time": 1663397999999,
            "all_day": {
              "1666892964879": {
                "begin_at": 1666892964879,
                "end_at": 1666894764879,
                "label": "big-test"
              }
            }
          },
          "24,27": {
            "day": 24,
            "index": 27,
            "start_time": 1663398000000,
            "end_time": 1663484399999,
            "all_day": {
              "1666892964879": {
                "begin_at": 1666892964879,
                "end_at": 1666894764879,
                "label": "big-test"
              }
            }
          },
          "25,28": {
            "day": 25,
            "index": 28,
            "start_time": 1663484400000,
            "end_time": 1663570799999,
            "all_day": {
              "1666892964879": {
                "begin_at": 1666892964879,
                "end_at": 1666894764879,
                "label": "big-test"
              }
            }
          },
          "26,29": {
            "day": 26,
            "index": 29,
            "start_time": 1663570800000,
            "end_time": 1663657199999,
            "all_day": {
              "1666892964879": {
                "begin_at": 1666892964879,
                "end_at": 1666894764879,
                "label": "big-test"
              }
            }
          },
          "27,30": {
            "day": 27,
            "index": 30,
            "start_time": 1663657200000,
            "end_time": 1663743599999,
            "all_day": {
              "1666892964879": {
                "begin_at": 1666892964879,
                "end_at": 1666894764879,
                "label": "big-test"
              }
            }
          },
          "28,31": {
            "day": 28,
            "index": 31,
            "start_time": 1663743600000,
            "end_time": 1663829999999,
            "all_day": {
              "1666892964879": {
                "begin_at": 1666892964879,
                "end_at": 1666894764879,
                "label": "big-test"
              }
            }
          },
          "29,32": {
            "day": 29,
            "index": 32,
            "start_time": 1663830000000,
            "end_time": 1663916399999,
            "all_day": {
              "1666892964879": {
                "begin_at": 1666892964879,
                "end_at": 1666894764879,
                "label": "big-test"
              }
            }
          },
          "30,33": {
            "day": 30,
            "index": 33,
            "start_time": 1664002800000,
            "end_time": 1664089199999,
            "all_day": {
              "1666892964879": {
                "begin_at": 1666892964879,
                "end_at": 1666894764879,
                "label": "big-test"
              }
            }
          }
        }
      },
      "end_time": 1664089199999
    },
    "1654066800000": {
      "date": "2022-06-01T07:00:00.000Z",
      "start_time": 1654066800000,
      "year": 2022,
      "month": 5,
      "cal": {
        "table": [
          [
            false,
            false,
            false,
            "1,3",
            "2,4",
            "3,5",
            "4,6"
          ],
          [
            "5,7",
            "6,8",
            "7,9",
            "8,10",
            "9,11",
            "10,12",
            "11,13"
          ],
          [
            "12,14",
            "13,15",
            "14,16",
            "15,17",
            "16,18",
            "17,19",
            "18,20"
          ],
          [
            "19,21",
            "20,22",
            "21,23",
            "22,24",
            "23,25",
            "24,26",
            "25,27"
          ],
          [
            "26,28",
            "27,29",
            "28,30",
            "29,31",
            "30,32",
            false,
            false
          ]
        ],
        "list": [
          false,
          false,
          false,
          "1,3",
          "2,4",
          "3,5",
          "4,6",
          "5,7",
          "6,8",
          "7,9",
          "8,10",
          "9,11",
          "10,12",
          "11,13",
          "12,14",
          "13,15",
          "14,16",
          "15,17",
          "16,18",
          "17,19",
          "18,20",
          "19,21",
          "20,22",
          "21,23",
          "22,24",
          "23,25",
          "24,26",
          "25,27",
          "26,28",
          "27,29",
          "28,30",
          "29,31",
          "30,32",
          false,
          false
        ],
        "map": {
          "1,3": {
            "day": 1,
            "index": 3,
            "start_time": 1654066800000,
            "end_time": 1654153199999,
            "all_day": {}
          },
          "2,4": {
            "day": 2,
            "index": 4,
            "start_time": 1655017200000,
            "end_time": 1655103599999,
            "all_day": {}
          },
          "3,5": {
            "day": 3,
            "index": 5,
            "start_time": 1655967600000,
            "end_time": 1656053999999,
            "all_day": {}
          },
          "4,6": {
            "day": 4,
            "index": 6,
            "start_time": 1656140400000,
            "end_time": 1656226799999,
            "all_day": {}
          },
          "5,7": {
            "day": 5,
            "index": 7,
            "start_time": 1656226800000,
            "end_time": 1656313199999,
            "all_day": {}
          },
          "6,8": {
            "day": 6,
            "index": 8,
            "start_time": 1656313200000,
            "end_time": 1656399599999,
            "all_day": {}
          },
          "7,9": {
            "day": 7,
            "index": 9,
            "start_time": 1656399600000,
            "end_time": 1656485999999,
            "all_day": {}
          },
          "8,10": {
            "day": 8,
            "index": 10,
            "start_time": 1656486000000,
            "end_time": 1656572399999,
            "all_day": {}
          },
          "9,11": {
            "day": 9,
            "index": 11,
            "start_time": 1656572400000,
            "end_time": 1656658799999,
            "all_day": {}
          },
          "10,12": {
            "day": 10,
            "index": 12,
            "start_time": 1654153200000,
            "end_time": 1654239599999,
            "all_day": {}
          },
          "11,13": {
            "day": 11,
            "index": 13,
            "start_time": 1654239600000,
            "end_time": 1654325999999,
            "all_day": {}
          },
          "12,14": {
            "day": 12,
            "index": 14,
            "start_time": 1654326000000,
            "end_time": 1654412399999,
            "all_day": {}
          },
          "13,15": {
            "day": 13,
            "index": 15,
            "start_time": 1654412400000,
            "end_time": 1654498799999,
            "all_day": {}
          },
          "14,16": {
            "day": 14,
            "index": 16,
            "start_time": 1654498800000,
            "end_time": 1654585199999,
            "all_day": {}
          },
          "15,17": {
            "day": 15,
            "index": 17,
            "start_time": 1654585200000,
            "end_time": 1654671599999,
            "all_day": {}
          },
          "16,18": {
            "day": 16,
            "index": 18,
            "start_time": 1654671600000,
            "end_time": 1654757999999,
            "all_day": {}
          },
          "17,19": {
            "day": 17,
            "index": 19,
            "start_time": 1654758000000,
            "end_time": 1654844399999,
            "all_day": {}
          },
          "18,20": {
            "day": 18,
            "index": 20,
            "start_time": 1654844400000,
            "end_time": 1654930799999,
            "all_day": {}
          },
          "19,21": {
            "day": 19,
            "index": 21,
            "start_time": 1654930800000,
            "end_time": 1655017199999,
            "all_day": {}
          },
          "20,22": {
            "day": 20,
            "index": 22,
            "start_time": 1655103600000,
            "end_time": 1655189999999,
            "all_day": {}
          },
          "21,23": {
            "day": 21,
            "index": 23,
            "start_time": 1655190000000,
            "end_time": 1655276399999,
            "all_day": {}
          },
          "22,24": {
            "day": 22,
            "index": 24,
            "start_time": 1655276400000,
            "end_time": 1655362799999,
            "all_day": {}
          },
          "23,25": {
            "day": 23,
            "index": 25,
            "start_time": 1655362800000,
            "end_time": 1655449199999,
            "all_day": {}
          },
          "24,26": {
            "day": 24,
            "index": 26,
            "start_time": 1655449200000,
            "end_time": 1655535599999,
            "all_day": {}
          },
          "25,27": {
            "day": 25,
            "index": 27,
            "start_time": 1655535600000,
            "end_time": 1655621999999,
            "all_day": {}
          },
          "26,28": {
            "day": 26,
            "index": 28,
            "start_time": 1655622000000,
            "end_time": 1655708399999,
            "all_day": {}
          },
          "27,29": {
            "day": 27,
            "index": 29,
            "start_time": 1655708400000,
            "end_time": 1655794799999,
            "all_day": {}
          },
          "28,30": {
            "day": 28,
            "index": 30,
            "start_time": 1655794800000,
            "end_time": 1655881199999,
            "all_day": {}
          },
          "29,31": {
            "day": 29,
            "index": 31,
            "start_time": 1655881200000,
            "end_time": 1655967599999,
            "all_day": {}
          },
          "30,32": {
            "day": 30,
            "index": 32,
            "start_time": 1656054000000,
            "end_time": 1656140399999,
            "all_day": {}
          }
        }
      },
      "end_time": 1656140399999
    },
    "1656658800000": {
      "date": "2022-07-01T07:00:00.000Z",
      "start_time": 1656658800000,
      "year": 2022,
      "month": 6,
      "cal": {
        "table": [
          [
            false,
            false,
            false,
            false,
            false,
            "1,5",
            "2,6"
          ],
          [
            "3,7",
            "4,8",
            "5,9",
            "6,10",
            "7,11",
            "8,12",
            "9,13"
          ],
          [
            "10,14",
            "11,15",
            "12,16",
            "13,17",
            "14,18",
            "15,19",
            "16,20"
          ],
          [
            "17,21",
            "18,22",
            "19,23",
            "20,24",
            "21,25",
            "22,26",
            "23,27"
          ],
          [
            "24,28",
            "25,29",
            "26,30",
            "27,31",
            "28,32",
            "29,33",
            "30,34"
          ],
          [
            "31,35",
            false,
            false,
            false,
            false,
            false,
            false
          ]
        ],
        "list": [
          false,
          false,
          false,
          false,
          false,
          "1,5",
          "2,6",
          "3,7",
          "4,8",
          "5,9",
          "6,10",
          "7,11",
          "8,12",
          "9,13",
          "10,14",
          "11,15",
          "12,16",
          "13,17",
          "14,18",
          "15,19",
          "16,20",
          "17,21",
          "18,22",
          "19,23",
          "20,24",
          "21,25",
          "22,26",
          "23,27",
          "24,28",
          "25,29",
          "26,30",
          "27,31",
          "28,32",
          "29,33",
          "30,34",
          "31,35",
          false,
          false,
          false,
          false,
          false,
          false
        ],
        "map": {
          "1,5": {
            "day": 1,
            "index": 5,
            "start_time": 1656658800000,
            "end_time": 1656745199999,
            "all_day": {}
          },
          "2,6": {
            "day": 2,
            "index": 6,
            "start_time": 1657609200000,
            "end_time": 1657695599999,
            "all_day": {}
          },
          "3,7": {
            "day": 3,
            "index": 7,
            "start_time": 1658559600000,
            "end_time": 1658645999999,
            "all_day": {}
          },
          "4,8": {
            "day": 4,
            "index": 8,
            "start_time": 1658818800000,
            "end_time": 1658905199999,
            "all_day": {}
          },
          "5,9": {
            "day": 5,
            "index": 9,
            "start_time": 1658905200000,
            "end_time": 1658991599999,
            "all_day": {}
          },
          "6,10": {
            "day": 6,
            "index": 10,
            "start_time": 1658991600000,
            "end_time": 1659077999999,
            "all_day": {}
          },
          "7,11": {
            "day": 7,
            "index": 11,
            "start_time": 1659078000000,
            "end_time": 1659164399999,
            "all_day": {}
          },
          "8,12": {
            "day": 8,
            "index": 12,
            "start_time": 1659164400000,
            "end_time": 1659250799999,
            "all_day": {}
          },
          "9,13": {
            "day": 9,
            "index": 13,
            "start_time": 1659250800000,
            "end_time": 1659337199999,
            "all_day": {}
          },
          "10,14": {
            "day": 10,
            "index": 14,
            "start_time": 1656745200000,
            "end_time": 1656831599999,
            "all_day": {}
          },
          "11,15": {
            "day": 11,
            "index": 15,
            "start_time": 1656831600000,
            "end_time": 1656917999999,
            "all_day": {}
          },
          "12,16": {
            "day": 12,
            "index": 16,
            "start_time": 1656918000000,
            "end_time": 1657004399999,
            "all_day": {}
          },
          "13,17": {
            "day": 13,
            "index": 17,
            "start_time": 1657004400000,
            "end_time": 1657090799999,
            "all_day": {}
          },
          "14,18": {
            "day": 14,
            "index": 18,
            "start_time": 1657090800000,
            "end_time": 1657177199999,
            "all_day": {}
          },
          "15,19": {
            "day": 15,
            "index": 19,
            "start_time": 1657177200000,
            "end_time": 1657263599999,
            "all_day": {}
          },
          "16,20": {
            "day": 16,
            "index": 20,
            "start_time": 1657263600000,
            "end_time": 1657349999999,
            "all_day": {}
          },
          "17,21": {
            "day": 17,
            "index": 21,
            "start_time": 1657350000000,
            "end_time": 1657436399999,
            "all_day": {}
          },
          "18,22": {
            "day": 18,
            "index": 22,
            "start_time": 1657436400000,
            "end_time": 1657522799999,
            "all_day": {}
          },
          "19,23": {
            "day": 19,
            "index": 23,
            "start_time": 1657522800000,
            "end_time": 1657609199999,
            "all_day": {}
          },
          "20,24": {
            "day": 20,
            "index": 24,
            "start_time": 1657695600000,
            "end_time": 1657781999999,
            "all_day": {}
          },
          "21,25": {
            "day": 21,
            "index": 25,
            "start_time": 1657782000000,
            "end_time": 1657868399999,
            "all_day": {}
          },
          "22,26": {
            "day": 22,
            "index": 26,
            "start_time": 1657868400000,
            "end_time": 1657954799999,
            "all_day": {}
          },
          "23,27": {
            "day": 23,
            "index": 27,
            "start_time": 1657954800000,
            "end_time": 1658041199999,
            "all_day": {}
          },
          "24,28": {
            "day": 24,
            "index": 28,
            "start_time": 1658041200000,
            "end_time": 1658127599999,
            "all_day": {}
          },
          "25,29": {
            "day": 25,
            "index": 29,
            "start_time": 1658127600000,
            "end_time": 1658213999999,
            "all_day": {}
          },
          "26,30": {
            "day": 26,
            "index": 30,
            "start_time": 1658214000000,
            "end_time": 1658300399999,
            "all_day": {}
          },
          "27,31": {
            "day": 27,
            "index": 31,
            "start_time": 1658300400000,
            "end_time": 1658386799999,
            "all_day": {}
          },
          "28,32": {
            "day": 28,
            "index": 32,
            "start_time": 1658386800000,
            "end_time": 1658473199999,
            "all_day": {}
          },
          "29,33": {
            "day": 29,
            "index": 33,
            "start_time": 1658473200000,
            "end_time": 1658559599999,
            "all_day": {}
          },
          "30,34": {
            "day": 30,
            "index": 34,
            "start_time": 1658646000000,
            "end_time": 1658732399999,
            "all_day": {}
          },
          "31,35": {
            "day": 31,
            "index": 35,
            "start_time": 1658732400000,
            "end_time": 1658818799999,
            "all_day": {}
          }
        }
      },
      "end_time": 1658818799999
    },
    "1659337200000": {
      "date": "2022-08-01T07:00:00.000Z",
      "start_time": 1659337200000,
      "year": 2022,
      "month": 7,
      "cal": {
        "table": [
          [
            false,
            "1,1",
            "2,2",
            "3,3",
            "4,4",
            "5,5",
            "6,6"
          ],
          [
            "7,7",
            "8,8",
            "9,9",
            "10,10",
            "11,11",
            "12,12",
            "13,13"
          ],
          [
            "14,14",
            "15,15",
            "16,16",
            "17,17",
            "18,18",
            "19,19",
            "20,20"
          ],
          [
            "21,21",
            "22,22",
            "23,23",
            "24,24",
            "25,25",
            "26,26",
            "27,27"
          ],
          [
            "28,28",
            "29,29",
            "30,30",
            "31,31",
            false,
            false,
            false
          ]
        ],
        "list": [
          false,
          "1,1",
          "2,2",
          "3,3",
          "4,4",
          "5,5",
          "6,6",
          "7,7",
          "8,8",
          "9,9",
          "10,10",
          "11,11",
          "12,12",
          "13,13",
          "14,14",
          "15,15",
          "16,16",
          "17,17",
          "18,18",
          "19,19",
          "20,20",
          "21,21",
          "22,22",
          "23,23",
          "24,24",
          "25,25",
          "26,26",
          "27,27",
          "28,28",
          "29,29",
          "30,30",
          "31,31",
          false,
          false,
          false
        ],
        "map": {
          "1,1": {
            "day": 1,
            "index": 1,
            "start_time": 1659337200000,
            "end_time": 1659423599999,
            "all_day": {}
          },
          "2,2": {
            "day": 2,
            "index": 2,
            "start_time": 1660287600000,
            "end_time": 1660373999999,
            "all_day": {}
          },
          "3,3": {
            "day": 3,
            "index": 3,
            "start_time": 1661238000000,
            "end_time": 1661324399999,
            "all_day": {}
          },
          "4,4": {
            "day": 4,
            "index": 4,
            "start_time": 1661497200000,
            "end_time": 1661583599999,
            "all_day": {}
          },
          "5,5": {
            "day": 5,
            "index": 5,
            "start_time": 1661583600000,
            "end_time": 1661669999999,
            "all_day": {}
          },
          "6,6": {
            "day": 6,
            "index": 6,
            "start_time": 1661670000000,
            "end_time": 1661756399999,
            "all_day": {}
          },
          "7,7": {
            "day": 7,
            "index": 7,
            "start_time": 1661756400000,
            "end_time": 1661842799999,
            "all_day": {}
          },
          "8,8": {
            "day": 8,
            "index": 8,
            "start_time": 1661842800000,
            "end_time": 1661929199999,
            "all_day": {}
          },
          "9,9": {
            "day": 9,
            "index": 9,
            "start_time": 1661929200000,
            "end_time": 1662015599999,
            "all_day": {}
          },
          "10,10": {
            "day": 10,
            "index": 10,
            "start_time": 1659423600000,
            "end_time": 1659509999999,
            "all_day": {}
          },
          "11,11": {
            "day": 11,
            "index": 11,
            "start_time": 1659510000000,
            "end_time": 1659596399999,
            "all_day": {}
          },
          "12,12": {
            "day": 12,
            "index": 12,
            "start_time": 1659596400000,
            "end_time": 1659682799999,
            "all_day": {}
          },
          "13,13": {
            "day": 13,
            "index": 13,
            "start_time": 1659682800000,
            "end_time": 1659769199999,
            "all_day": {}
          },
          "14,14": {
            "day": 14,
            "index": 14,
            "start_time": 1659769200000,
            "end_time": 1659855599999,
            "all_day": {}
          },
          "15,15": {
            "day": 15,
            "index": 15,
            "start_time": 1659855600000,
            "end_time": 1659941999999,
            "all_day": {}
          },
          "16,16": {
            "day": 16,
            "index": 16,
            "start_time": 1659942000000,
            "end_time": 1660028399999,
            "all_day": {}
          },
          "17,17": {
            "day": 17,
            "index": 17,
            "start_time": 1660028400000,
            "end_time": 1660114799999,
            "all_day": {}
          },
          "18,18": {
            "day": 18,
            "index": 18,
            "start_time": 1660114800000,
            "end_time": 1660201199999,
            "all_day": {}
          },
          "19,19": {
            "day": 19,
            "index": 19,
            "start_time": 1660201200000,
            "end_time": 1660287599999,
            "all_day": {}
          },
          "20,20": {
            "day": 20,
            "index": 20,
            "start_time": 1660374000000,
            "end_time": 1660460399999,
            "all_day": {}
          },
          "21,21": {
            "day": 21,
            "index": 21,
            "start_time": 1660460400000,
            "end_time": 1660546799999,
            "all_day": {}
          },
          "22,22": {
            "day": 22,
            "index": 22,
            "start_time": 1660546800000,
            "end_time": 1660633199999,
            "all_day": {}
          },
          "23,23": {
            "day": 23,
            "index": 23,
            "start_time": 1660633200000,
            "end_time": 1660719599999,
            "all_day": {}
          },
          "24,24": {
            "day": 24,
            "index": 24,
            "start_time": 1660719600000,
            "end_time": 1660805999999,
            "all_day": {}
          },
          "25,25": {
            "day": 25,
            "index": 25,
            "start_time": 1660806000000,
            "end_time": 1660892399999,
            "all_day": {}
          },
          "26,26": {
            "day": 26,
            "index": 26,
            "start_time": 1660892400000,
            "end_time": 1660978799999,
            "all_day": {}
          },
          "27,27": {
            "day": 27,
            "index": 27,
            "start_time": 1660978800000,
            "end_time": 1661065199999,
            "all_day": {}
          },
          "28,28": {
            "day": 28,
            "index": 28,
            "start_time": 1661065200000,
            "end_time": 1661151599999,
            "all_day": {}
          },
          "29,29": {
            "day": 29,
            "index": 29,
            "start_time": 1661151600000,
            "end_time": 1661237999999,
            "all_day": {}
          },
          "30,30": {
            "day": 30,
            "index": 30,
            "start_time": 1661324400000,
            "end_time": 1661410799999,
            "all_day": {}
          },
          "31,31": {
            "day": 31,
            "index": 31,
            "start_time": 1661410800000,
            "end_time": 1661497199999,
            "all_day": {}
          }
        }
      },
      "end_time": 1661497199999
    },
    "1664607600000": {
      "date": "2022-10-01T07:00:00.000Z",
      "start_time": 1664607600000,
      "year": 2022,
      "month": 9,
      "cal": {
        "table": [
          [
            false,
            false,
            false,
            false,
            false,
            false,
            "1,6"
          ],
          [
            "2,7",
            "3,8",
            "4,9",
            "5,10",
            "6,11",
            "7,12",
            "8,13"
          ],
          [
            "9,14",
            "10,15",
            "11,16",
            "12,17",
            "13,18",
            "14,19",
            "15,20"
          ],
          [
            "16,21",
            "17,22",
            "18,23",
            "19,24",
            "20,25",
            "21,26",
            "22,27"
          ],
          [
            "23,28",
            "24,29",
            "25,30",
            "26,31",
            "27,32",
            "28,33",
            "29,34"
          ],
          [
            "30,35",
            "31,36",
            false,
            false,
            false,
            false,
            false
          ]
        ],
        "list": [
          false,
          false,
          false,
          false,
          false,
          false,
          "1,6",
          "2,7",
          "3,8",
          "4,9",
          "5,10",
          "6,11",
          "7,12",
          "8,13",
          "9,14",
          "10,15",
          "11,16",
          "12,17",
          "13,18",
          "14,19",
          "15,20",
          "16,21",
          "17,22",
          "18,23",
          "19,24",
          "20,25",
          "21,26",
          "22,27",
          "23,28",
          "24,29",
          "25,30",
          "26,31",
          "27,32",
          "28,33",
          "29,34",
          "30,35",
          "31,36",
          false,
          false,
          false,
          false,
          false
        ],
        "map": {
          "1,6": {
            "day": 1,
            "index": 6,
            "start_time": 1664607600000,
            "end_time": 1664693999999,
            "all_day": {}
          },
          "2,7": {
            "day": 2,
            "index": 7,
            "start_time": 1665558000000,
            "end_time": 1665644399999,
            "all_day": {}
          },
          "3,8": {
            "day": 3,
            "index": 8,
            "start_time": 1666508400000,
            "end_time": 1666594799999,
            "all_day": {}
          },
          "4,9": {
            "day": 4,
            "index": 9,
            "start_time": 1666767600000,
            "end_time": 1666853999999,
            "all_day": {}
          },
          "5,10": {
            "day": 5,
            "index": 10,
            "start_time": 1666854000000,
            "end_time": 1666940399999,
            "all_day": {}
          },
          "6,11": {
            "day": 6,
            "index": 11,
            "start_time": 1666940400000,
            "end_time": 1667026799999,
            "all_day": {}
          },
          "7,12": {
            "day": 7,
            "index": 12,
            "start_time": 1667026800000,
            "end_time": 1667113199999,
            "all_day": {}
          },
          "8,13": {
            "day": 8,
            "index": 13,
            "start_time": 1667113200000,
            "end_time": 1667199599999,
            "all_day": {}
          },
          "9,14": {
            "day": 9,
            "index": 14,
            "start_time": 1667199600000,
            "end_time": 1667285999999,
            "all_day": {}
          },
          "10,15": {
            "day": 10,
            "index": 15,
            "start_time": 1664694000000,
            "end_time": 1664780399999,
            "all_day": {}
          },
          "11,16": {
            "day": 11,
            "index": 16,
            "start_time": 1664780400000,
            "end_time": 1664866799999,
            "all_day": {}
          },
          "12,17": {
            "day": 12,
            "index": 17,
            "start_time": 1664866800000,
            "end_time": 1664953199999,
            "all_day": {}
          },
          "13,18": {
            "day": 13,
            "index": 18,
            "start_time": 1664953200000,
            "end_time": 1665039599999,
            "all_day": {}
          },
          "14,19": {
            "day": 14,
            "index": 19,
            "start_time": 1665039600000,
            "end_time": 1665125999999,
            "all_day": {}
          },
          "15,20": {
            "day": 15,
            "index": 20,
            "start_time": 1665126000000,
            "end_time": 1665212399999,
            "all_day": {}
          },
          "16,21": {
            "day": 16,
            "index": 21,
            "start_time": 1665212400000,
            "end_time": 1665298799999,
            "all_day": {}
          },
          "17,22": {
            "day": 17,
            "index": 22,
            "start_time": 1665298800000,
            "end_time": 1665385199999,
            "all_day": {}
          },
          "18,23": {
            "day": 18,
            "index": 23,
            "start_time": 1665385200000,
            "end_time": 1665471599999,
            "all_day": {}
          },
          "19,24": {
            "day": 19,
            "index": 24,
            "start_time": 1665471600000,
            "end_time": 1665557999999,
            "all_day": {}
          },
          "20,25": {
            "day": 20,
            "index": 25,
            "start_time": 1665644400000,
            "end_time": 1665730799999,
            "all_day": {}
          },
          "21,26": {
            "day": 21,
            "index": 26,
            "start_time": 1665730800000,
            "end_time": 1665817199999,
            "all_day": {}
          },
          "22,27": {
            "day": 22,
            "index": 27,
            "start_time": 1665817200000,
            "end_time": 1665903599999,
            "all_day": {}
          },
          "23,28": {
            "day": 23,
            "index": 28,
            "start_time": 1665903600000,
            "end_time": 1665989999999,
            "all_day": {}
          },
          "24,29": {
            "day": 24,
            "index": 29,
            "start_time": 1665990000000,
            "end_time": 1666076399999,
            "all_day": {}
          },
          "25,30": {
            "day": 25,
            "index": 30,
            "start_time": 1666076400000,
            "end_time": 1666162799999,
            "all_day": {}
          },
          "26,31": {
            "day": 26,
            "index": 31,
            "start_time": 1666162800000,
            "end_time": 1666249199999,
            "all_day": {}
          },
          "27,32": {
            "day": 27,
            "index": 32,
            "start_time": 1666249200000,
            "end_time": 1666335599999,
            "all_day": {}
          },
          "28,33": {
            "day": 28,
            "index": 33,
            "start_time": 1666335600000,
            "end_time": 1666421999999,
            "all_day": {}
          },
          "29,34": {
            "day": 29,
            "index": 34,
            "start_time": 1666422000000,
            "end_time": 1666508399999,
            "all_day": {}
          },
          "30,35": {
            "day": 30,
            "index": 35,
            "start_time": 1666594800000,
            "end_time": 1666681199999,
            "all_day": {}
          },
          "31,36": {
            "day": 31,
            "index": 36,
            "start_time": 1666681200000,
            "end_time": 1666767599999,
            "all_day": {}
          }
        }
      },
      "end_time": 1666767599999
    },
    "1667286000000": {
      "date": "2022-11-01T07:00:00.000Z",
      "start_time": 1667286000000,
      "year": 2022,
      "month": 10,
      "cal": {
        "table": [
          [
            false,
            false,
            "1,2",
            "2,3",
            "3,4",
            "4,5",
            "5,6"
          ],
          [
            "6,7",
            "7,8",
            "8,9",
            "9,10",
            "10,11",
            "11,12",
            "12,13"
          ],
          [
            "13,14",
            "14,15",
            "15,16",
            "16,17",
            "17,18",
            "18,19",
            "19,20"
          ],
          [
            "20,21",
            "21,22",
            "22,23",
            "23,24",
            "24,25",
            "25,26",
            "26,27"
          ],
          [
            "27,28",
            "28,29",
            "29,30",
            "30,31",
            false,
            false,
            false
          ]
        ],
        "list": [
          false,
          false,
          "1,2",
          "2,3",
          "3,4",
          "4,5",
          "5,6",
          "6,7",
          "7,8",
          "8,9",
          "9,10",
          "10,11",
          "11,12",
          "12,13",
          "13,14",
          "14,15",
          "15,16",
          "16,17",
          "17,18",
          "18,19",
          "19,20",
          "20,21",
          "21,22",
          "22,23",
          "23,24",
          "24,25",
          "25,26",
          "26,27",
          "27,28",
          "28,29",
          "29,30",
          "30,31",
          false,
          false,
          false
        ],
        "map": {
          "1,2": {
            "day": 1,
            "index": 2,
            "start_time": 1667286000000,
            "end_time": 1667372399999,
            "all_day": {}
          },
          "2,3": {
            "day": 2,
            "index": 3,
            "start_time": 1668236400000,
            "end_time": 1668322799999,
            "all_day": {}
          },
          "3,4": {
            "day": 3,
            "index": 4,
            "start_time": 1669186800000,
            "end_time": 1669273199999,
            "all_day": {}
          },
          "4,5": {
            "day": 4,
            "index": 5,
            "start_time": 1669359600000,
            "end_time": 1669445999999,
            "all_day": {}
          },
          "5,6": {
            "day": 5,
            "index": 6,
            "start_time": 1669446000000,
            "end_time": 1669532399999,
            "all_day": {}
          },
          "6,7": {
            "day": 6,
            "index": 7,
            "start_time": 1669532400000,
            "end_time": 1669618799999,
            "all_day": {}
          },
          "7,8": {
            "day": 7,
            "index": 8,
            "start_time": 1669618800000,
            "end_time": 1669705199999,
            "all_day": {}
          },
          "8,9": {
            "day": 8,
            "index": 9,
            "start_time": 1669705200000,
            "end_time": 1669791599999,
            "all_day": {}
          },
          "9,10": {
            "day": 9,
            "index": 10,
            "start_time": 1669791600000,
            "end_time": 1669877999999,
            "all_day": {}
          },
          "10,11": {
            "day": 10,
            "index": 11,
            "start_time": 1667372400000,
            "end_time": 1667458799999,
            "all_day": {}
          },
          "11,12": {
            "day": 11,
            "index": 12,
            "start_time": 1667458800000,
            "end_time": 1667545199999,
            "all_day": {}
          },
          "12,13": {
            "day": 12,
            "index": 13,
            "start_time": 1667545200000,
            "end_time": 1667631599999,
            "all_day": {}
          },
          "13,14": {
            "day": 13,
            "index": 14,
            "start_time": 1667631600000,
            "end_time": 1667717999999,
            "all_day": {}
          },
          "14,15": {
            "day": 14,
            "index": 15,
            "start_time": 1667718000000,
            "end_time": 1667804399999,
            "all_day": {}
          },
          "15,16": {
            "day": 15,
            "index": 16,
            "start_time": 1667804400000,
            "end_time": 1667890799999,
            "all_day": {}
          },
          "16,17": {
            "day": 16,
            "index": 17,
            "start_time": 1667890800000,
            "end_time": 1667977199999,
            "all_day": {}
          },
          "17,18": {
            "day": 17,
            "index": 18,
            "start_time": 1667977200000,
            "end_time": 1668063599999,
            "all_day": {}
          },
          "18,19": {
            "day": 18,
            "index": 19,
            "start_time": 1668063600000,
            "end_time": 1668149999999,
            "all_day": {}
          },
          "19,20": {
            "day": 19,
            "index": 20,
            "start_time": 1668150000000,
            "end_time": 1668236399999,
            "all_day": {}
          },
          "20,21": {
            "day": 20,
            "index": 21,
            "start_time": 1668322800000,
            "end_time": 1668409199999,
            "all_day": {}
          },
          "21,22": {
            "day": 21,
            "index": 22,
            "start_time": 1668409200000,
            "end_time": 1668495599999,
            "all_day": {}
          },
          "22,23": {
            "day": 22,
            "index": 23,
            "start_time": 1668495600000,
            "end_time": 1668581999999,
            "all_day": {}
          },
          "23,24": {
            "day": 23,
            "index": 24,
            "start_time": 1668582000000,
            "end_time": 1668668399999,
            "all_day": {}
          },
          "24,25": {
            "day": 24,
            "index": 25,
            "start_time": 1668668400000,
            "end_time": 1668754799999,
            "all_day": {}
          },
          "25,26": {
            "day": 25,
            "index": 26,
            "start_time": 1668754800000,
            "end_time": 1668841199999,
            "all_day": {}
          },
          "26,27": {
            "day": 26,
            "index": 27,
            "start_time": 1668841200000,
            "end_time": 1668927599999,
            "all_day": {}
          },
          "27,28": {
            "day": 27,
            "index": 28,
            "start_time": 1668927600000,
            "end_time": 1669013999999,
            "all_day": {}
          },
          "28,29": {
            "day": 28,
            "index": 29,
            "start_time": 1669014000000,
            "end_time": 1669100399999,
            "all_day": {}
          },
          "29,30": {
            "day": 29,
            "index": 30,
            "start_time": 1669100400000,
            "end_time": 1669186799999,
            "all_day": {}
          },
          "30,31": {
            "day": 30,
            "index": 31,
            "start_time": 1669273200000,
            "end_time": 1669359599999,
            "all_day": {}
          }
        }
      },
      "end_time": 1669359599999
    },
    "1648796400000": {
      "date": "2022-04-01T07:00:00.000Z",
      "start_time": 1648796400000,
      "year": 2022,
      "month": 3,
      "cal": {
        "table": [
          [
            false,
            false,
            false,
            false,
            false,
            "1,5",
            "2,6"
          ],
          [
            "3,7",
            "4,8",
            "5,9",
            "6,10",
            "7,11",
            "8,12",
            "9,13"
          ],
          [
            "10,14",
            "11,15",
            "12,16",
            "13,17",
            "14,18",
            "15,19",
            "16,20"
          ],
          [
            "17,21",
            "18,22",
            "19,23",
            "20,24",
            "21,25",
            "22,26",
            "23,27"
          ],
          [
            "24,28",
            "25,29",
            "26,30",
            "27,31",
            "28,32",
            "29,33",
            "30,34"
          ]
        ],
        "list": [
          false,
          false,
          false,
          false,
          false,
          "1,5",
          "2,6",
          "3,7",
          "4,8",
          "5,9",
          "6,10",
          "7,11",
          "8,12",
          "9,13",
          "10,14",
          "11,15",
          "12,16",
          "13,17",
          "14,18",
          "15,19",
          "16,20",
          "17,21",
          "18,22",
          "19,23",
          "20,24",
          "21,25",
          "22,26",
          "23,27",
          "24,28",
          "25,29",
          "26,30",
          "27,31",
          "28,32",
          "29,33",
          "30,34"
        ],
        "map": {
          "1,5": {
            "day": 1,
            "index": 5,
            "start_time": 1648796400000,
            "end_time": 1648882799999,
            "all_day": {}
          },
          "2,6": {
            "day": 2,
            "index": 6,
            "start_time": 1649746800000,
            "end_time": 1649833199999,
            "all_day": {}
          },
          "3,7": {
            "day": 3,
            "index": 7,
            "start_time": 1650697200000,
            "end_time": 1650783599999,
            "all_day": {}
          },
          "4,8": {
            "day": 4,
            "index": 8,
            "start_time": 1650870000000,
            "end_time": 1650956399999,
            "all_day": {}
          },
          "5,9": {
            "day": 5,
            "index": 9,
            "start_time": 1650956400000,
            "end_time": 1651042799999,
            "all_day": {}
          },
          "6,10": {
            "day": 6,
            "index": 10,
            "start_time": 1651042800000,
            "end_time": 1651129199999,
            "all_day": {}
          },
          "7,11": {
            "day": 7,
            "index": 11,
            "start_time": 1651129200000,
            "end_time": 1651215599999,
            "all_day": {}
          },
          "8,12": {
            "day": 8,
            "index": 12,
            "start_time": 1651215600000,
            "end_time": 1651301999999,
            "all_day": {}
          },
          "9,13": {
            "day": 9,
            "index": 13,
            "start_time": 1651302000000,
            "end_time": 1651388399999,
            "all_day": {}
          },
          "10,14": {
            "day": 10,
            "index": 14,
            "start_time": 1648882800000,
            "end_time": 1648969199999,
            "all_day": {}
          },
          "11,15": {
            "day": 11,
            "index": 15,
            "start_time": 1648969200000,
            "end_time": 1649055599999,
            "all_day": {}
          },
          "12,16": {
            "day": 12,
            "index": 16,
            "start_time": 1649055600000,
            "end_time": 1649141999999,
            "all_day": {}
          },
          "13,17": {
            "day": 13,
            "index": 17,
            "start_time": 1649142000000,
            "end_time": 1649228399999,
            "all_day": {}
          },
          "14,18": {
            "day": 14,
            "index": 18,
            "start_time": 1649228400000,
            "end_time": 1649314799999,
            "all_day": {}
          },
          "15,19": {
            "day": 15,
            "index": 19,
            "start_time": 1649314800000,
            "end_time": 1649401199999,
            "all_day": {}
          },
          "16,20": {
            "day": 16,
            "index": 20,
            "start_time": 1649401200000,
            "end_time": 1649487599999,
            "all_day": {}
          },
          "17,21": {
            "day": 17,
            "index": 21,
            "start_time": 1649487600000,
            "end_time": 1649573999999,
            "all_day": {}
          },
          "18,22": {
            "day": 18,
            "index": 22,
            "start_time": 1649574000000,
            "end_time": 1649660399999,
            "all_day": {}
          },
          "19,23": {
            "day": 19,
            "index": 23,
            "start_time": 1649660400000,
            "end_time": 1649746799999,
            "all_day": {}
          },
          "20,24": {
            "day": 20,
            "index": 24,
            "start_time": 1649833200000,
            "end_time": 1649919599999,
            "all_day": {}
          },
          "21,25": {
            "day": 21,
            "index": 25,
            "start_time": 1649919600000,
            "end_time": 1650005999999,
            "all_day": {}
          },
          "22,26": {
            "day": 22,
            "index": 26,
            "start_time": 1650006000000,
            "end_time": 1650092399999,
            "all_day": {}
          },
          "23,27": {
            "day": 23,
            "index": 27,
            "start_time": 1650092400000,
            "end_time": 1650178799999,
            "all_day": {}
          },
          "24,28": {
            "day": 24,
            "index": 28,
            "start_time": 1650178800000,
            "end_time": 1650265199999,
            "all_day": {}
          },
          "25,29": {
            "day": 25,
            "index": 29,
            "start_time": 1650265200000,
            "end_time": 1650351599999,
            "all_day": {}
          },
          "26,30": {
            "day": 26,
            "index": 30,
            "start_time": 1650351600000,
            "end_time": 1650437999999,
            "all_day": {}
          },
          "27,31": {
            "day": 27,
            "index": 31,
            "start_time": 1650438000000,
            "end_time": 1650524399999,
            "all_day": {}
          },
          "28,32": {
            "day": 28,
            "index": 32,
            "start_time": 1650524400000,
            "end_time": 1650610799999,
            "all_day": {}
          },
          "29,33": {
            "day": 29,
            "index": 33,
            "start_time": 1650610800000,
            "end_time": 1650697199999,
            "all_day": {}
          },
          "30,34": {
            "day": 30,
            "index": 34,
            "start_time": 1650783600000,
            "end_time": 1650869999999,
            "all_day": {}
          }
        }
      },
      "end_time": 1650697199999
    },
    "1651388400000": {
      "date": "2022-05-01T07:00:00.000Z",
      "start_time": 1651388400000,
      "year": 2022,
      "month": 4,
      "cal": {
        "table": [
          [
            "1,0",
            "2,1",
            "3,2",
            "4,3",
            "5,4",
            "6,5",
            "7,6"
          ],
          [
            "8,7",
            "9,8",
            "10,9",
            "11,10",
            "12,11",
            "13,12",
            "14,13"
          ],
          [
            "15,14",
            "16,15",
            "17,16",
            "18,17",
            "19,18",
            "20,19",
            "21,20"
          ],
          [
            "22,21",
            "23,22",
            "24,23",
            "25,24",
            "26,25",
            "27,26",
            "28,27"
          ],
          [
            "29,28",
            "30,29",
            "31,30",
            false,
            false,
            false,
            false
          ]
        ],
        "list": [
          "1,0",
          "2,1",
          "3,2",
          "4,3",
          "5,4",
          "6,5",
          "7,6",
          "8,7",
          "9,8",
          "10,9",
          "11,10",
          "12,11",
          "13,12",
          "14,13",
          "15,14",
          "16,15",
          "17,16",
          "18,17",
          "19,18",
          "20,19",
          "21,20",
          "22,21",
          "23,22",
          "24,23",
          "25,24",
          "26,25",
          "27,26",
          "28,27",
          "29,28",
          "30,29",
          "31,30",
          false,
          false,
          false,
          false
        ],
        "map": {
          "1,0": {
            "day": 1,
            "index": 0,
            "start_time": 1651388400000,
            "end_time": 1651474799999,
            "all_day": {}
          },
          "2,1": {
            "day": 2,
            "index": 1,
            "start_time": 1652338800000,
            "end_time": 1652425199999,
            "all_day": {}
          },
          "3,2": {
            "day": 3,
            "index": 2,
            "start_time": 1653289200000,
            "end_time": 1653375599999,
            "all_day": {}
          },
          "4,3": {
            "day": 4,
            "index": 3,
            "start_time": 1653548400000,
            "end_time": 1653634799999,
            "all_day": {}
          },
          "5,4": {
            "day": 5,
            "index": 4,
            "start_time": 1653634800000,
            "end_time": 1653721199999,
            "all_day": {}
          },
          "6,5": {
            "day": 6,
            "index": 5,
            "start_time": 1653721200000,
            "end_time": 1653807599999,
            "all_day": {}
          },
          "7,6": {
            "day": 7,
            "index": 6,
            "start_time": 1653807600000,
            "end_time": 1653893999999,
            "all_day": {}
          },
          "8,7": {
            "day": 8,
            "index": 7,
            "start_time": 1653894000000,
            "end_time": 1653980399999,
            "all_day": {}
          },
          "9,8": {
            "day": 9,
            "index": 8,
            "start_time": 1653980400000,
            "end_time": 1654066799999,
            "all_day": {}
          },
          "10,9": {
            "day": 10,
            "index": 9,
            "start_time": 1651474800000,
            "end_time": 1651561199999,
            "all_day": {}
          },
          "11,10": {
            "day": 11,
            "index": 10,
            "start_time": 1651561200000,
            "end_time": 1651647599999,
            "all_day": {}
          },
          "12,11": {
            "day": 12,
            "index": 11,
            "start_time": 1651647600000,
            "end_time": 1651733999999,
            "all_day": {}
          },
          "13,12": {
            "day": 13,
            "index": 12,
            "start_time": 1651734000000,
            "end_time": 1651820399999,
            "all_day": {}
          },
          "14,13": {
            "day": 14,
            "index": 13,
            "start_time": 1651820400000,
            "end_time": 1651906799999,
            "all_day": {}
          },
          "15,14": {
            "day": 15,
            "index": 14,
            "start_time": 1651906800000,
            "end_time": 1651993199999,
            "all_day": {}
          },
          "16,15": {
            "day": 16,
            "index": 15,
            "start_time": 1651993200000,
            "end_time": 1652079599999,
            "all_day": {}
          },
          "17,16": {
            "day": 17,
            "index": 16,
            "start_time": 1652079600000,
            "end_time": 1652165999999,
            "all_day": {}
          },
          "18,17": {
            "day": 18,
            "index": 17,
            "start_time": 1652166000000,
            "end_time": 1652252399999,
            "all_day": {}
          },
          "19,18": {
            "day": 19,
            "index": 18,
            "start_time": 1652252400000,
            "end_time": 1652338799999,
            "all_day": {}
          },
          "20,19": {
            "day": 20,
            "index": 19,
            "start_time": 1652425200000,
            "end_time": 1652511599999,
            "all_day": {}
          },
          "21,20": {
            "day": 21,
            "index": 20,
            "start_time": 1652511600000,
            "end_time": 1652597999999,
            "all_day": {}
          },
          "22,21": {
            "day": 22,
            "index": 21,
            "start_time": 1652598000000,
            "end_time": 1652684399999,
            "all_day": {}
          },
          "23,22": {
            "day": 23,
            "index": 22,
            "start_time": 1652684400000,
            "end_time": 1652770799999,
            "all_day": {}
          },
          "24,23": {
            "day": 24,
            "index": 23,
            "start_time": 1652770800000,
            "end_time": 1652857199999,
            "all_day": {}
          },
          "25,24": {
            "day": 25,
            "index": 24,
            "start_time": 1652857200000,
            "end_time": 1652943599999,
            "all_day": {}
          },
          "26,25": {
            "day": 26,
            "index": 25,
            "start_time": 1652943600000,
            "end_time": 1653029999999,
            "all_day": {}
          },
          "27,26": {
            "day": 27,
            "index": 26,
            "start_time": 1653030000000,
            "end_time": 1653116399999,
            "all_day": {}
          },
          "28,27": {
            "day": 28,
            "index": 27,
            "start_time": 1653116400000,
            "end_time": 1653202799999,
            "all_day": {}
          },
          "29,28": {
            "day": 29,
            "index": 28,
            "start_time": 1653202800000,
            "end_time": 1653289199999,
            "all_day": {}
          },
          "30,29": {
            "day": 30,
            "index": 29,
            "start_time": 1653375600000,
            "end_time": 1653461999999,
            "all_day": {}
          },
          "31,30": {
            "day": 31,
            "index": 30,
            "start_time": 1653462000000,
            "end_time": 1653548399999,
            "all_day": {}
          }
        }
      },
      "end_time": 1653548399999
    }
  }
][
  "fetching months"
][
  [
    1669881600000,
    1672560000000,
    1675238400000,
    1677657600000,
    1680332400000,
    1682924400000,
    1685602800000,
    1688194800000,
    1690873200000,
    1693551600000
  ]
][
  "(-1) <---- fetched months"
][
  {
    "1662015600000": {
      "date": "2022-09-16T17:04:24.879Z",
      "start_time": 1662015600000,
      "year": 2022,
      "month": 8,
      "cal": {
        "table": [
          [
            false,
            false,
            false,
            false,
            "1,4",
            "2,5",
            "3,6"
          ],
          [
            "4,7",
            "5,8",
            "6,9",
            "7,10",
            "8,11",
            "9,12",
            "10,13"
          ],
          [
            "11,14",
            "12,15",
            "13,16",
            "14,17",
            "15,18",
            "16,19",
            "17,20"
          ],
          [
            "18,21",
            "19,22",
            "20,23",
            "21,24",
            "22,25",
            "23,26",
            "24,27"
          ],
          [
            "25,28",
            "26,29",
            "27,30",
            "28,31",
            "29,32",
            "30,33",
            false
          ]
        ],
        "list": [
          false,
          false,
          false,
          false,
          "1,4",
          "2,5",
          "3,6",
          "4,7",
          "5,8",
          "6,9",
          "7,10",
          "8,11",
          "9,12",
          "10,13",
          "11,14",
          "12,15",
          "13,16",
          "14,17",
          "15,18",
          "16,19",
          "17,20",
          "18,21",
          "19,22",
          "20,23",
          "21,24",
          "22,25",
          "23,26",
          "24,27",
          "25,28",
          "26,29",
          "27,30",
          "28,31",
          "29,32",
          "30,33",
          false
        ],
        "map": {
          "1,4": {
            "day": 1,
            "index": 4,
            "start_time": 1662015600000,
            "end_time": 1662101999999,
            "all_day": {
              "1662653964879": {
                "begin_at": 1662653964879,
                "end_at": 1662655764879,
                "label": "big-test"
              },
              "1664054364879": {
                "begin_at": 1664054364879,
                "end_at": 1664056164879,
                "label": "big-test"
              }
            }
          },
          "2,5": {
            "day": 2,
            "index": 5,
            "start_time": 1662966000000,
            "end_time": 1663052399999,
            "all_day": {
              "1662653964879": {
                "begin_at": 1662653964879,
                "end_at": 1662655764879,
                "label": "big-test"
              },
              "1664054364879": {
                "begin_at": 1664054364879,
                "end_at": 1664056164879,
                "label": "big-test"
              }
            }
          },
          "3,6": {
            "day": 3,
            "index": 6,
            "start_time": 1663916400000,
            "end_time": 1664002799999,
            "all_day": {
              "1662653964879": {
                "begin_at": 1662653964879,
                "end_at": 1662655764879,
                "label": "big-test"
              },
              "1664054364879": {
                "begin_at": 1664054364879,
                "end_at": 1664056164879,
                "label": "big-test"
              }
            }
          },
          "4,7": {
            "day": 4,
            "index": 7,
            "start_time": 1664089200000,
            "end_time": 1664175599999,
            "all_day": {
              "1664054364879": {
                "begin_at": 1664054364879,
                "end_at": 1664056164879,
                "label": "big-test"
              }
            }
          },
          "5,8": {
            "day": 5,
            "index": 8,
            "start_time": 1664175600000,
            "end_time": 1664261999999,
            "all_day": {
              "1664054364879": {
                "begin_at": 1664054364879,
                "end_at": 1664056164879,
                "label": "big-test"
              }
            }
          },
          "6,9": {
            "day": 6,
            "index": 9,
            "start_time": 1664262000000,
            "end_time": 1664348399999,
            "all_day": {
              "1664054364879": {
                "begin_at": 1664054364879,
                "end_at": 1664056164879,
                "label": "big-test"
              }
            }
          },
          "7,10": {
            "day": 7,
            "index": 10,
            "start_time": 1664348400000,
            "end_time": 1664434799999,
            "all_day": {
              "1664054364879": {
                "begin_at": 1664054364879,
                "end_at": 1664056164879,
                "label": "big-test"
              }
            }
          },
          "8,11": {
            "day": 8,
            "index": 11,
            "start_time": 1664434800000,
            "end_time": 1664521199999,
            "all_day": {
              "1664054364879": {
                "begin_at": 1664054364879,
                "end_at": 1664056164879,
                "label": "big-test"
              }
            }
          },
          "9,12": {
            "day": 9,
            "index": 12,
            "start_time": 1664521200000,
            "end_time": 1664607599999,
            "all_day": {
              "1664054364879": {
                "begin_at": 1664054364879,
                "end_at": 1664056164879,
                "label": "big-test"
              }
            }
          },
          "10,13": {
            "day": 10,
            "index": 13,
            "start_time": 1662102000000,
            "end_time": 1662188399999,
            "all_day": {
              "1664054364879": {
                "begin_at": 1664054364879,
                "end_at": 1664056164879,
                "label": "big-test"
              }
            }
          },
          "11,14": {
            "day": 11,
            "index": 14,
            "start_time": 1662188400000,
            "end_time": 1662274799999,
            "all_day": {
              "1664054364879": {
                "begin_at": 1664054364879,
                "end_at": 1664056164879,
                "label": "big-test"
              }
            }
          },
          "12,15": {
            "day": 12,
            "index": 15,
            "start_time": 1662274800000,
            "end_time": 1662361199999,
            "all_day": {
              "1663866264879": {
                "begin_at": 1663866264879,
                "end_at": 1663873464879,
                "label": "big-test"
              },
              "1666892964879": {
                "begin_at": 1666892964879,
                "end_at": 1666894764879,
                "label": "big-test"
              },
              "1664054364879": {
                "begin_at": 1664054364879,
                "end_at": 1664056164879,
                "label": "big-test"
              }
            }
          },
          "13,16": {
            "day": 13,
            "index": 16,
            "start_time": 1662361200000,
            "end_time": 1662447599999,
            "all_day": {
              "1663866264879": {
                "begin_at": 1663866264879,
                "end_at": 1663873464879,
                "label": "big-test"
              },
              "1666892964879": {
                "begin_at": 1666892964879,
                "end_at": 1666894764879,
                "label": "big-test"
              },
              "1664054364879": {
                "begin_at": 1664054364879,
                "end_at": 1664056164879,
                "label": "big-test"
              }
            }
          },
          "14,17": {
            "day": 14,
            "index": 17,
            "start_time": 1662447600000,
            "end_time": 1662533999999,
            "all_day": {
              "1663866264879": {
                "begin_at": 1663866264879,
                "end_at": 1663873464879,
                "label": "big-test"
              },
              "1666892964879": {
                "begin_at": 1666892964879,
                "end_at": 1666894764879,
                "label": "big-test"
              },
              "1664054364879": {
                "begin_at": 1664054364879,
                "end_at": 1664056164879,
                "label": "big-test"
              }
            }
          },
          "15,18": {
            "day": 15,
            "index": 18,
            "start_time": 1662534000000,
            "end_time": 1662620399999,
            "all_day": {
              "1663866264879": {
                "begin_at": 1663866264879,
                "end_at": 1663873464879,
                "label": "big-test"
              },
              "1666892964879": {
                "begin_at": 1666892964879,
                "end_at": 1666894764879,
                "label": "big-test"
              },
              "1664054364879": {
                "begin_at": 1664054364879,
                "end_at": 1664056164879,
                "label": "big-test"
              }
            }
          },
          "16,19": {
            "day": 16,
            "index": 19,
            "start_time": 1662620400000,
            "end_time": 1662706799999,
            "all_day": {
              "1663866264879": {
                "begin_at": 1663866264879,
                "end_at": 1663873464879,
                "label": "big-test"
              },
              "1666892964879": {
                "begin_at": 1666892964879,
                "end_at": 1666894764879,
                "label": "big-test"
              },
              "1664054364879": {
                "begin_at": 1664054364879,
                "end_at": 1664056164879,
                "label": "big-test"
              }
            }
          },
          "17,20": {
            "day": 17,
            "index": 20,
            "start_time": 1662706800000,
            "end_time": 1662793199999,
            "all_day": {
              "1663866264879": {
                "begin_at": 1663866264879,
                "end_at": 1663873464879,
                "label": "big-test"
              },
              "1666892964879": {
                "begin_at": 1666892964879,
                "end_at": 1666894764879,
                "label": "big-test"
              },
              "1664054364879": {
                "begin_at": 1664054364879,
                "end_at": 1664056164879,
                "label": "big-test"
              }
            }
          },
          "18,21": {
            "day": 18,
            "index": 21,
            "start_time": 1662793200000,
            "end_time": 1662879599999,
            "all_day": {
              "1666892964879": {
                "begin_at": 1666892964879,
                "end_at": 1666894764879,
                "label": "big-test"
              },
              "1664054364879": {
                "begin_at": 1664054364879,
                "end_at": 1664056164879,
                "label": "big-test"
              }
            }
          },
          "19,22": {
            "day": 19,
            "index": 22,
            "start_time": 1662879600000,
            "end_time": 1662965999999,
            "all_day": {
              "1666892964879": {
                "begin_at": 1666892964879,
                "end_at": 1666894764879,
                "label": "big-test"
              },
              "1664054364879": {
                "begin_at": 1664054364879,
                "end_at": 1664056164879,
                "label": "big-test"
              }
            }
          },
          "20,23": {
            "day": 20,
            "index": 23,
            "start_time": 1663052400000,
            "end_time": 1663138799999,
            "all_day": {
              "1666892964879": {
                "begin_at": 1666892964879,
                "end_at": 1666894764879,
                "label": "big-test"
              }
            }
          },
          "21,24": {
            "day": 21,
            "index": 24,
            "start_time": 1663138800000,
            "end_time": 1663225199999,
            "all_day": {
              "1666892964879": {
                "begin_at": 1666892964879,
                "end_at": 1666894764879,
                "label": "big-test"
              }
            }
          },
          "22,25": {
            "day": 22,
            "index": 25,
            "start_time": 1663225200000,
            "end_time": 1663311599999,
            "all_day": {
              "1666892964879": {
                "begin_at": 1666892964879,
                "end_at": 1666894764879,
                "label": "big-test"
              }
            }
          },
          "23,26": {
            "day": 23,
            "index": 26,
            "start_time": 1663311600000,
            "end_time": 1663397999999,
            "all_day": {
              "1666892964879": {
                "begin_at": 1666892964879,
                "end_at": 1666894764879,
                "label": "big-test"
              }
            }
          },
          "24,27": {
            "day": 24,
            "index": 27,
            "start_time": 1663398000000,
            "end_time": 1663484399999,
            "all_day": {
              "1666892964879": {
                "begin_at": 1666892964879,
                "end_at": 1666894764879,
                "label": "big-test"
              }
            }
          },
          "25,28": {
            "day": 25,
            "index": 28,
            "start_time": 1663484400000,
            "end_time": 1663570799999,
            "all_day": {
              "1666892964879": {
                "begin_at": 1666892964879,
                "end_at": 1666894764879,
                "label": "big-test"
              }
            }
          },
          "26,29": {
            "day": 26,
            "index": 29,
            "start_time": 1663570800000,
            "end_time": 1663657199999,
            "all_day": {
              "1666892964879": {
                "begin_at": 1666892964879,
                "end_at": 1666894764879,
                "label": "big-test"
              }
            }
          },
          "27,30": {
            "day": 27,
            "index": 30,
            "start_time": 1663657200000,
            "end_time": 1663743599999,
            "all_day": {
              "1666892964879": {
                "begin_at": 1666892964879,
                "end_at": 1666894764879,
                "label": "big-test"
              }
            }
          },
          "28,31": {
            "day": 28,
            "index": 31,
            "start_time": 1663743600000,
            "end_time": 1663829999999,
            "all_day": {
              "1666892964879": {
                "begin_at": 1666892964879,
                "end_at": 1666894764879,
                "label": "big-test"
              }
            }
          },
          "29,32": {
            "day": 29,
            "index": 32,
            "start_time": 1663830000000,
            "end_time": 1663916399999,
            "all_day": {
              "1666892964879": {
                "begin_at": 1666892964879,
                "end_at": 1666894764879,
                "label": "big-test"
              }
            }
          },
          "30,33": {
            "day": 30,
            "index": 33,
            "start_time": 1664002800000,
            "end_time": 1664089199999,
            "all_day": {
              "1666892964879": {
                "begin_at": 1666892964879,
                "end_at": 1666894764879,
                "label": "big-test"
              }
            }
          }
        }
      },
      "end_time": 1664089199999
    },
    "1654066800000": {
      "date": "2022-06-01T07:00:00.000Z",
      "start_time": 1654066800000,
      "year": 2022,
      "month": 5,
      "cal": {
        "table": [
          [
            false,
            false,
            false,
            "1,3",
            "2,4",
            "3,5",
            "4,6"
          ],
          [
            "5,7",
            "6,8",
            "7,9",
            "8,10",
            "9,11",
            "10,12",
            "11,13"
          ],
          [
            "12,14",
            "13,15",
            "14,16",
            "15,17",
            "16,18",
            "17,19",
            "18,20"
          ],
          [
            "19,21",
            "20,22",
            "21,23",
            "22,24",
            "23,25",
            "24,26",
            "25,27"
          ],
          [
            "26,28",
            "27,29",
            "28,30",
            "29,31",
            "30,32",
            false,
            false
          ]
        ],
        "list": [
          false,
          false,
          false,
          "1,3",
          "2,4",
          "3,5",
          "4,6",
          "5,7",
          "6,8",
          "7,9",
          "8,10",
          "9,11",
          "10,12",
          "11,13",
          "12,14",
          "13,15",
          "14,16",
          "15,17",
          "16,18",
          "17,19",
          "18,20",
          "19,21",
          "20,22",
          "21,23",
          "22,24",
          "23,25",
          "24,26",
          "25,27",
          "26,28",
          "27,29",
          "28,30",
          "29,31",
          "30,32",
          false,
          false
        ],
        "map": {
          "1,3": {
            "day": 1,
            "index": 3,
            "start_time": 1654066800000,
            "end_time": 1654153199999,
            "all_day": {}
          },
          "2,4": {
            "day": 2,
            "index": 4,
            "start_time": 1655017200000,
            "end_time": 1655103599999,
            "all_day": {}
          },
          "3,5": {
            "day": 3,
            "index": 5,
            "start_time": 1655967600000,
            "end_time": 1656053999999,
            "all_day": {}
          },
          "4,6": {
            "day": 4,
            "index": 6,
            "start_time": 1656140400000,
            "end_time": 1656226799999,
            "all_day": {}
          },
          "5,7": {
            "day": 5,
            "index": 7,
            "start_time": 1656226800000,
            "end_time": 1656313199999,
            "all_day": {}
          },
          "6,8": {
            "day": 6,
            "index": 8,
            "start_time": 1656313200000,
            "end_time": 1656399599999,
            "all_day": {}
          },
          "7,9": {
            "day": 7,
            "index": 9,
            "start_time": 1656399600000,
            "end_time": 1656485999999,
            "all_day": {}
          },
          "8,10": {
            "day": 8,
            "index": 10,
            "start_time": 1656486000000,
            "end_time": 1656572399999,
            "all_day": {}
          },
          "9,11": {
            "day": 9,
            "index": 11,
            "start_time": 1656572400000,
            "end_time": 1656658799999,
            "all_day": {}
          },
          "10,12": {
            "day": 10,
            "index": 12,
            "start_time": 1654153200000,
            "end_time": 1654239599999,
            "all_day": {}
          },
          "11,13": {
            "day": 11,
            "index": 13,
            "start_time": 1654239600000,
            "end_time": 1654325999999,
            "all_day": {}
          },
          "12,14": {
            "day": 12,
            "index": 14,
            "start_time": 1654326000000,
            "end_time": 1654412399999,
            "all_day": {}
          },
          "13,15": {
            "day": 13,
            "index": 15,
            "start_time": 1654412400000,
            "end_time": 1654498799999,
            "all_day": {}
          },
          "14,16": {
            "day": 14,
            "index": 16,
            "start_time": 1654498800000,
            "end_time": 1654585199999,
            "all_day": {}
          },
          "15,17": {
            "day": 15,
            "index": 17,
            "start_time": 1654585200000,
            "end_time": 1654671599999,
            "all_day": {}
          },
          "16,18": {
            "day": 16,
            "index": 18,
            "start_time": 1654671600000,
            "end_time": 1654757999999,
            "all_day": {}
          },
          "17,19": {
            "day": 17,
            "index": 19,
            "start_time": 1654758000000,
            "end_time": 1654844399999,
            "all_day": {}
          },
          "18,20": {
            "day": 18,
            "index": 20,
            "start_time": 1654844400000,
            "end_time": 1654930799999,
            "all_day": {}
          },
          "19,21": {
            "day": 19,
            "index": 21,
            "start_time": 1654930800000,
            "end_time": 1655017199999,
            "all_day": {}
          },
          "20,22": {
            "day": 20,
            "index": 22,
            "start_time": 1655103600000,
            "end_time": 1655189999999,
            "all_day": {}
          },
          "21,23": {
            "day": 21,
            "index": 23,
            "start_time": 1655190000000,
            "end_time": 1655276399999,
            "all_day": {}
          },
          "22,24": {
            "day": 22,
            "index": 24,
            "start_time": 1655276400000,
            "end_time": 1655362799999,
            "all_day": {}
          },
          "23,25": {
            "day": 23,
            "index": 25,
            "start_time": 1655362800000,
            "end_time": 1655449199999,
            "all_day": {}
          },
          "24,26": {
            "day": 24,
            "index": 26,
            "start_time": 1655449200000,
            "end_time": 1655535599999,
            "all_day": {}
          },
          "25,27": {
            "day": 25,
            "index": 27,
            "start_time": 1655535600000,
            "end_time": 1655621999999,
            "all_day": {}
          },
          "26,28": {
            "day": 26,
            "index": 28,
            "start_time": 1655622000000,
            "end_time": 1655708399999,
            "all_day": {}
          },
          "27,29": {
            "day": 27,
            "index": 29,
            "start_time": 1655708400000,
            "end_time": 1655794799999,
            "all_day": {}
          },
          "28,30": {
            "day": 28,
            "index": 30,
            "start_time": 1655794800000,
            "end_time": 1655881199999,
            "all_day": {}
          },
          "29,31": {
            "day": 29,
            "index": 31,
            "start_time": 1655881200000,
            "end_time": 1655967599999,
            "all_day": {}
          },
          "30,32": {
            "day": 30,
            "index": 32,
            "start_time": 1656054000000,
            "end_time": 1656140399999,
            "all_day": {}
          }
        }
      },
      "end_time": 1656140399999
    },
    "1656658800000": {
      "date": "2022-07-01T07:00:00.000Z",
      "start_time": 1656658800000,
      "year": 2022,
      "month": 6,
      "cal": {
        "table": [
          [
            false,
            false,
            false,
            false,
            false,
            "1,5",
            "2,6"
          ],
          [
            "3,7",
            "4,8",
            "5,9",
            "6,10",
            "7,11",
            "8,12",
            "9,13"
          ],
          [
            "10,14",
            "11,15",
            "12,16",
            "13,17",
            "14,18",
            "15,19",
            "16,20"
          ],
          [
            "17,21",
            "18,22",
            "19,23",
            "20,24",
            "21,25",
            "22,26",
            "23,27"
          ],
          [
            "24,28",
            "25,29",
            "26,30",
            "27,31",
            "28,32",
            "29,33",
            "30,34"
          ],
          [
            "31,35",
            false,
            false,
            false,
            false,
            false,
            false
          ]
        ],
        "list": [
          false,
          false,
          false,
          false,
          false,
          "1,5",
          "2,6",
          "3,7",
          "4,8",
          "5,9",
          "6,10",
          "7,11",
          "8,12",
          "9,13",
          "10,14",
          "11,15",
          "12,16",
          "13,17",
          "14,18",
          "15,19",
          "16,20",
          "17,21",
          "18,22",
          "19,23",
          "20,24",
          "21,25",
          "22,26",
          "23,27",
          "24,28",
          "25,29",
          "26,30",
          "27,31",
          "28,32",
          "29,33",
          "30,34",
          "31,35",
          false,
          false,
          false,
          false,
          false,
          false
        ],
        "map": {
          "1,5": {
            "day": 1,
            "index": 5,
            "start_time": 1656658800000,
            "end_time": 1656745199999,
            "all_day": {}
          },
          "2,6": {
            "day": 2,
            "index": 6,
            "start_time": 1657609200000,
            "end_time": 1657695599999,
            "all_day": {}
          },
          "3,7": {
            "day": 3,
            "index": 7,
            "start_time": 1658559600000,
            "end_time": 1658645999999,
            "all_day": {}
          },
          "4,8": {
            "day": 4,
            "index": 8,
            "start_time": 1658818800000,
            "end_time": 1658905199999,
            "all_day": {}
          },
          "5,9": {
            "day": 5,
            "index": 9,
            "start_time": 1658905200000,
            "end_time": 1658991599999,
            "all_day": {}
          },
          "6,10": {
            "day": 6,
            "index": 10,
            "start_time": 1658991600000,
            "end_time": 1659077999999,
            "all_day": {}
          },
          "7,11": {
            "day": 7,
            "index": 11,
            "start_time": 1659078000000,
            "end_time": 1659164399999,
            "all_day": {}
          },
          "8,12": {
            "day": 8,
            "index": 12,
            "start_time": 1659164400000,
            "end_time": 1659250799999,
            "all_day": {}
          },
          "9,13": {
            "day": 9,
            "index": 13,
            "start_time": 1659250800000,
            "end_time": 1659337199999,
            "all_day": {}
          },
          "10,14": {
            "day": 10,
            "index": 14,
            "start_time": 1656745200000,
            "end_time": 1656831599999,
            "all_day": {}
          },
          "11,15": {
            "day": 11,
            "index": 15,
            "start_time": 1656831600000,
            "end_time": 1656917999999,
            "all_day": {}
          },
          "12,16": {
            "day": 12,
            "index": 16,
            "start_time": 1656918000000,
            "end_time": 1657004399999,
            "all_day": {}
          },
          "13,17": {
            "day": 13,
            "index": 17,
            "start_time": 1657004400000,
            "end_time": 1657090799999,
            "all_day": {}
          },
          "14,18": {
            "day": 14,
            "index": 18,
            "start_time": 1657090800000,
            "end_time": 1657177199999,
            "all_day": {}
          },
          "15,19": {
            "day": 15,
            "index": 19,
            "start_time": 1657177200000,
            "end_time": 1657263599999,
            "all_day": {}
          },
          "16,20": {
            "day": 16,
            "index": 20,
            "start_time": 1657263600000,
            "end_time": 1657349999999,
            "all_day": {}
          },
          "17,21": {
            "day": 17,
            "index": 21,
            "start_time": 1657350000000,
            "end_time": 1657436399999,
            "all_day": {}
          },
          "18,22": {
            "day": 18,
            "index": 22,
            "start_time": 1657436400000,
            "end_time": 1657522799999,
            "all_day": {}
          },
          "19,23": {
            "day": 19,
            "index": 23,
            "start_time": 1657522800000,
            "end_time": 1657609199999,
            "all_day": {}
          },
          "20,24": {
            "day": 20,
            "index": 24,
            "start_time": 1657695600000,
            "end_time": 1657781999999,
            "all_day": {}
          },
          "21,25": {
            "day": 21,
            "index": 25,
            "start_time": 1657782000000,
            "end_time": 1657868399999,
            "all_day": {}
          },
          "22,26": {
            "day": 22,
            "index": 26,
            "start_time": 1657868400000,
            "end_time": 1657954799999,
            "all_day": {}
          },
          "23,27": {
            "day": 23,
            "index": 27,
            "start_time": 1657954800000,
            "end_time": 1658041199999,
            "all_day": {}
          },
          "24,28": {
            "day": 24,
            "index": 28,
            "start_time": 1658041200000,
            "end_time": 1658127599999,
            "all_day": {}
          },
          "25,29": {
            "day": 25,
            "index": 29,
            "start_time": 1658127600000,
            "end_time": 1658213999999,
            "all_day": {}
          },
          "26,30": {
            "day": 26,
            "index": 30,
            "start_time": 1658214000000,
            "end_time": 1658300399999,
            "all_day": {}
          },
          "27,31": {
            "day": 27,
            "index": 31,
            "start_time": 1658300400000,
            "end_time": 1658386799999,
            "all_day": {}
          },
          "28,32": {
            "day": 28,
            "index": 32,
            "start_time": 1658386800000,
            "end_time": 1658473199999,
            "all_day": {}
          },
          "29,33": {
            "day": 29,
            "index": 33,
            "start_time": 1658473200000,
            "end_time": 1658559599999,
            "all_day": {}
          },
          "30,34": {
            "day": 30,
            "index": 34,
            "start_time": 1658646000000,
            "end_time": 1658732399999,
            "all_day": {}
          },
          "31,35": {
            "day": 31,
            "index": 35,
            "start_time": 1658732400000,
            "end_time": 1658818799999,
            "all_day": {}
          }
        }
      },
      "end_time": 1658818799999
    },
    "1659337200000": {
      "date": "2022-08-01T07:00:00.000Z",
      "start_time": 1659337200000,
      "year": 2022,
      "month": 7,
      "cal": {
        "table": [
          [
            false,
            "1,1",
            "2,2",
            "3,3",
            "4,4",
            "5,5",
            "6,6"
          ],
          [
            "7,7",
            "8,8",
            "9,9",
            "10,10",
            "11,11",
            "12,12",
            "13,13"
          ],
          [
            "14,14",
            "15,15",
            "16,16",
            "17,17",
            "18,18",
            "19,19",
            "20,20"
          ],
          [
            "21,21",
            "22,22",
            "23,23",
            "24,24",
            "25,25",
            "26,26",
            "27,27"
          ],
          [
            "28,28",
            "29,29",
            "30,30",
            "31,31",
            false,
            false,
            false
          ]
        ],
        "list": [
          false,
          "1,1",
          "2,2",
          "3,3",
          "4,4",
          "5,5",
          "6,6",
          "7,7",
          "8,8",
          "9,9",
          "10,10",
          "11,11",
          "12,12",
          "13,13",
          "14,14",
          "15,15",
          "16,16",
          "17,17",
          "18,18",
          "19,19",
          "20,20",
          "21,21",
          "22,22",
          "23,23",
          "24,24",
          "25,25",
          "26,26",
          "27,27",
          "28,28",
          "29,29",
          "30,30",
          "31,31",
          false,
          false,
          false
        ],
        "map": {
          "1,1": {
            "day": 1,
            "index": 1,
            "start_time": 1659337200000,
            "end_time": 1659423599999,
            "all_day": {}
          },
          "2,2": {
            "day": 2,
            "index": 2,
            "start_time": 1660287600000,
            "end_time": 1660373999999,
            "all_day": {}
          },
          "3,3": {
            "day": 3,
            "index": 3,
            "start_time": 1661238000000,
            "end_time": 1661324399999,
            "all_day": {}
          },
          "4,4": {
            "day": 4,
            "index": 4,
            "start_time": 1661497200000,
            "end_time": 1661583599999,
            "all_day": {}
          },
          "5,5": {
            "day": 5,
            "index": 5,
            "start_time": 1661583600000,
            "end_time": 1661669999999,
            "all_day": {}
          },
          "6,6": {
            "day": 6,
            "index": 6,
            "start_time": 1661670000000,
            "end_time": 1661756399999,
            "all_day": {}
          },
          "7,7": {
            "day": 7,
            "index": 7,
            "start_time": 1661756400000,
            "end_time": 1661842799999,
            "all_day": {}
          },
          "8,8": {
            "day": 8,
            "index": 8,
            "start_time": 1661842800000,
            "end_time": 1661929199999,
            "all_day": {}
          },
          "9,9": {
            "day": 9,
            "index": 9,
            "start_time": 1661929200000,
            "end_time": 1662015599999,
            "all_day": {}
          },
          "10,10": {
            "day": 10,
            "index": 10,
            "start_time": 1659423600000,
            "end_time": 1659509999999,
            "all_day": {}
          },
          "11,11": {
            "day": 11,
            "index": 11,
            "start_time": 1659510000000,
            "end_time": 1659596399999,
            "all_day": {}
          },
          "12,12": {
            "day": 12,
            "index": 12,
            "start_time": 1659596400000,
            "end_time": 1659682799999,
            "all_day": {}
          },
          "13,13": {
            "day": 13,
            "index": 13,
            "start_time": 1659682800000,
            "end_time": 1659769199999,
            "all_day": {}
          },
          "14,14": {
            "day": 14,
            "index": 14,
            "start_time": 1659769200000,
            "end_time": 1659855599999,
            "all_day": {}
          },
          "15,15": {
            "day": 15,
            "index": 15,
            "start_time": 1659855600000,
            "end_time": 1659941999999,
            "all_day": {}
          },
          "16,16": {
            "day": 16,
            "index": 16,
            "start_time": 1659942000000,
            "end_time": 1660028399999,
            "all_day": {}
          },
          "17,17": {
            "day": 17,
            "index": 17,
            "start_time": 1660028400000,
            "end_time": 1660114799999,
            "all_day": {}
          },
          "18,18": {
            "day": 18,
            "index": 18,
            "start_time": 1660114800000,
            "end_time": 1660201199999,
            "all_day": {}
          },
          "19,19": {
            "day": 19,
            "index": 19,
            "start_time": 1660201200000,
            "end_time": 1660287599999,
            "all_day": {}
          },
          "20,20": {
            "day": 20,
            "index": 20,
            "start_time": 1660374000000,
            "end_time": 1660460399999,
            "all_day": {}
          },
          "21,21": {
            "day": 21,
            "index": 21,
            "start_time": 1660460400000,
            "end_time": 1660546799999,
            "all_day": {}
          },
          "22,22": {
            "day": 22,
            "index": 22,
            "start_time": 1660546800000,
            "end_time": 1660633199999,
            "all_day": {}
          },
          "23,23": {
            "day": 23,
            "index": 23,
            "start_time": 1660633200000,
            "end_time": 1660719599999,
            "all_day": {}
          },
          "24,24": {
            "day": 24,
            "index": 24,
            "start_time": 1660719600000,
            "end_time": 1660805999999,
            "all_day": {}
          },
          "25,25": {
            "day": 25,
            "index": 25,
            "start_time": 1660806000000,
            "end_time": 1660892399999,
            "all_day": {}
          },
          "26,26": {
            "day": 26,
            "index": 26,
            "start_time": 1660892400000,
            "end_time": 1660978799999,
            "all_day": {}
          },
          "27,27": {
            "day": 27,
            "index": 27,
            "start_time": 1660978800000,
            "end_time": 1661065199999,
            "all_day": {}
          },
          "28,28": {
            "day": 28,
            "index": 28,
            "start_time": 1661065200000,
            "end_time": 1661151599999,
            "all_day": {}
          },
          "29,29": {
            "day": 29,
            "index": 29,
            "start_time": 1661151600000,
            "end_time": 1661237999999,
            "all_day": {}
          },
          "30,30": {
            "day": 30,
            "index": 30,
            "start_time": 1661324400000,
            "end_time": 1661410799999,
            "all_day": {}
          },
          "31,31": {
            "day": 31,
            "index": 31,
            "start_time": 1661410800000,
            "end_time": 1661497199999,
            "all_day": {}
          }
        }
      },
      "end_time": 1661497199999
    },
    "1664607600000": {
      "date": "2022-10-01T07:00:00.000Z",
      "start_time": 1664607600000,
      "year": 2022,
      "month": 9,
      "cal": {
        "table": [
          [
            false,
            false,
            false,
            false,
            false,
            false,
            "1,6"
          ],
          [
            "2,7",
            "3,8",
            "4,9",
            "5,10",
            "6,11",
            "7,12",
            "8,13"
          ],
          [
            "9,14",
            "10,15",
            "11,16",
            "12,17",
            "13,18",
            "14,19",
            "15,20"
          ],
          [
            "16,21",
            "17,22",
            "18,23",
            "19,24",
            "20,25",
            "21,26",
            "22,27"
          ],
          [
            "23,28",
            "24,29",
            "25,30",
            "26,31",
            "27,32",
            "28,33",
            "29,34"
          ],
          [
            "30,35",
            "31,36",
            false,
            false,
            false,
            false,
            false
          ]
        ],
        "list": [
          false,
          false,
          false,
          false,
          false,
          false,
          "1,6",
          "2,7",
          "3,8",
          "4,9",
          "5,10",
          "6,11",
          "7,12",
          "8,13",
          "9,14",
          "10,15",
          "11,16",
          "12,17",
          "13,18",
          "14,19",
          "15,20",
          "16,21",
          "17,22",
          "18,23",
          "19,24",
          "20,25",
          "21,26",
          "22,27",
          "23,28",
          "24,29",
          "25,30",
          "26,31",
          "27,32",
          "28,33",
          "29,34",
          "30,35",
          "31,36",
          false,
          false,
          false,
          false,
          false
        ],
        "map": {
          "1,6": {
            "day": 1,
            "index": 6,
            "start_time": 1664607600000,
            "end_time": 1664693999999,
            "all_day": {}
          },
          "2,7": {
            "day": 2,
            "index": 7,
            "start_time": 1665558000000,
            "end_time": 1665644399999,
            "all_day": {}
          },
          "3,8": {
            "day": 3,
            "index": 8,
            "start_time": 1666508400000,
            "end_time": 1666594799999,
            "all_day": {}
          },
          "4,9": {
            "day": 4,
            "index": 9,
            "start_time": 1666767600000,
            "end_time": 1666853999999,
            "all_day": {}
          },
          "5,10": {
            "day": 5,
            "index": 10,
            "start_time": 1666854000000,
            "end_time": 1666940399999,
            "all_day": {}
          },
          "6,11": {
            "day": 6,
            "index": 11,
            "start_time": 1666940400000,
            "end_time": 1667026799999,
            "all_day": {}
          },
          "7,12": {
            "day": 7,
            "index": 12,
            "start_time": 1667026800000,
            "end_time": 1667113199999,
            "all_day": {}
          },
          "8,13": {
            "day": 8,
            "index": 13,
            "start_time": 1667113200000,
            "end_time": 1667199599999,
            "all_day": {}
          },
          "9,14": {
            "day": 9,
            "index": 14,
            "start_time": 1667199600000,
            "end_time": 1667285999999,
            "all_day": {}
          },
          "10,15": {
            "day": 10,
            "index": 15,
            "start_time": 1664694000000,
            "end_time": 1664780399999,
            "all_day": {}
          },
          "11,16": {
            "day": 11,
            "index": 16,
            "start_time": 1664780400000,
            "end_time": 1664866799999,
            "all_day": {}
          },
          "12,17": {
            "day": 12,
            "index": 17,
            "start_time": 1664866800000,
            "end_time": 1664953199999,
            "all_day": {}
          },
          "13,18": {
            "day": 13,
            "index": 18,
            "start_time": 1664953200000,
            "end_time": 1665039599999,
            "all_day": {}
          },
          "14,19": {
            "day": 14,
            "index": 19,
            "start_time": 1665039600000,
            "end_time": 1665125999999,
            "all_day": {}
          },
          "15,20": {
            "day": 15,
            "index": 20,
            "start_time": 1665126000000,
            "end_time": 1665212399999,
            "all_day": {}
          },
          "16,21": {
            "day": 16,
            "index": 21,
            "start_time": 1665212400000,
            "end_time": 1665298799999,
            "all_day": {}
          },
          "17,22": {
            "day": 17,
            "index": 22,
            "start_time": 1665298800000,
            "end_time": 1665385199999,
            "all_day": {}
          },
          "18,23": {
            "day": 18,
            "index": 23,
            "start_time": 1665385200000,
            "end_time": 1665471599999,
            "all_day": {}
          },
          "19,24": {
            "day": 19,
            "index": 24,
            "start_time": 1665471600000,
            "end_time": 1665557999999,
            "all_day": {}
          },
          "20,25": {
            "day": 20,
            "index": 25,
            "start_time": 1665644400000,
            "end_time": 1665730799999,
            "all_day": {}
          },
          "21,26": {
            "day": 21,
            "index": 26,
            "start_time": 1665730800000,
            "end_time": 1665817199999,
            "all_day": {}
          },
          "22,27": {
            "day": 22,
            "index": 27,
            "start_time": 1665817200000,
            "end_time": 1665903599999,
            "all_day": {}
          },
          "23,28": {
            "day": 23,
            "index": 28,
            "start_time": 1665903600000,
            "end_time": 1665989999999,
            "all_day": {}
          },
          "24,29": {
            "day": 24,
            "index": 29,
            "start_time": 1665990000000,
            "end_time": 1666076399999,
            "all_day": {}
          },
          "25,30": {
            "day": 25,
            "index": 30,
            "start_time": 1666076400000,
            "end_time": 1666162799999,
            "all_day": {}
          },
          "26,31": {
            "day": 26,
            "index": 31,
            "start_time": 1666162800000,
            "end_time": 1666249199999,
            "all_day": {}
          },
          "27,32": {
            "day": 27,
            "index": 32,
            "start_time": 1666249200000,
            "end_time": 1666335599999,
            "all_day": {}
          },
          "28,33": {
            "day": 28,
            "index": 33,
            "start_time": 1666335600000,
            "end_time": 1666421999999,
            "all_day": {}
          },
          "29,34": {
            "day": 29,
            "index": 34,
            "start_time": 1666422000000,
            "end_time": 1666508399999,
            "all_day": {}
          },
          "30,35": {
            "day": 30,
            "index": 35,
            "start_time": 1666594800000,
            "end_time": 1666681199999,
            "all_day": {}
          },
          "31,36": {
            "day": 31,
            "index": 36,
            "start_time": 1666681200000,
            "end_time": 1666767599999,
            "all_day": {}
          }
        }
      },
      "end_time": 1666767599999
    },
    "1667286000000": {
      "date": "2022-11-01T07:00:00.000Z",
      "start_time": 1667286000000,
      "year": 2022,
      "month": 10,
      "cal": {
        "table": [
          [
            false,
            false,
            "1,2",
            "2,3",
            "3,4",
            "4,5",
            "5,6"
          ],
          [
            "6,7",
            "7,8",
            "8,9",
            "9,10",
            "10,11",
            "11,12",
            "12,13"
          ],
          [
            "13,14",
            "14,15",
            "15,16",
            "16,17",
            "17,18",
            "18,19",
            "19,20"
          ],
          [
            "20,21",
            "21,22",
            "22,23",
            "23,24",
            "24,25",
            "25,26",
            "26,27"
          ],
          [
            "27,28",
            "28,29",
            "29,30",
            "30,31",
            false,
            false,
            false
          ]
        ],
        "list": [
          false,
          false,
          "1,2",
          "2,3",
          "3,4",
          "4,5",
          "5,6",
          "6,7",
          "7,8",
          "8,9",
          "9,10",
          "10,11",
          "11,12",
          "12,13",
          "13,14",
          "14,15",
          "15,16",
          "16,17",
          "17,18",
          "18,19",
          "19,20",
          "20,21",
          "21,22",
          "22,23",
          "23,24",
          "24,25",
          "25,26",
          "26,27",
          "27,28",
          "28,29",
          "29,30",
          "30,31",
          false,
          false,
          false
        ],
        "map": {
          "1,2": {
            "day": 1,
            "index": 2,
            "start_time": 1667286000000,
            "end_time": 1667372399999,
            "all_day": {}
          },
          "2,3": {
            "day": 2,
            "index": 3,
            "start_time": 1668236400000,
            "end_time": 1668322799999,
            "all_day": {}
          },
          "3,4": {
            "day": 3,
            "index": 4,
            "start_time": 1669186800000,
            "end_time": 1669273199999,
            "all_day": {}
          },
          "4,5": {
            "day": 4,
            "index": 5,
            "start_time": 1669359600000,
            "end_time": 1669445999999,
            "all_day": {}
          },
          "5,6": {
            "day": 5,
            "index": 6,
            "start_time": 1669446000000,
            "end_time": 1669532399999,
            "all_day": {}
          },
          "6,7": {
            "day": 6,
            "index": 7,
            "start_time": 1669532400000,
            "end_time": 1669618799999,
            "all_day": {}
          },
          "7,8": {
            "day": 7,
            "index": 8,
            "start_time": 1669618800000,
            "end_time": 1669705199999,
            "all_day": {}
          },
          "8,9": {
            "day": 8,
            "index": 9,
            "start_time": 1669705200000,
            "end_time": 1669791599999,
            "all_day": {}
          },
          "9,10": {
            "day": 9,
            "index": 10,
            "start_time": 1669791600000,
            "end_time": 1669877999999,
            "all_day": {}
          },
          "10,11": {
            "day": 10,
            "index": 11,
            "start_time": 1667372400000,
            "end_time": 1667458799999,
            "all_day": {}
          },
          "11,12": {
            "day": 11,
            "index": 12,
            "start_time": 1667458800000,
            "end_time": 1667545199999,
            "all_day": {}
          },
          "12,13": {
            "day": 12,
            "index": 13,
            "start_time": 1667545200000,
            "end_time": 1667631599999,
            "all_day": {}
          },
          "13,14": {
            "day": 13,
            "index": 14,
            "start_time": 1667631600000,
            "end_time": 1667717999999,
            "all_day": {}
          },
          "14,15": {
            "day": 14,
            "index": 15,
            "start_time": 1667718000000,
            "end_time": 1667804399999,
            "all_day": {}
          },
          "15,16": {
            "day": 15,
            "index": 16,
            "start_time": 1667804400000,
            "end_time": 1667890799999,
            "all_day": {}
          },
          "16,17": {
            "day": 16,
            "index": 17,
            "start_time": 1667890800000,
            "end_time": 1667977199999,
            "all_day": {}
          },
          "17,18": {
            "day": 17,
            "index": 18,
            "start_time": 1667977200000,
            "end_time": 1668063599999,
            "all_day": {}
          },
          "18,19": {
            "day": 18,
            "index": 19,
            "start_time": 1668063600000,
            "end_time": 1668149999999,
            "all_day": {}
          },
          "19,20": {
            "day": 19,
            "index": 20,
            "start_time": 1668150000000,
            "end_time": 1668236399999,
            "all_day": {}
          },
          "20,21": {
            "day": 20,
            "index": 21,
            "start_time": 1668322800000,
            "end_time": 1668409199999,
            "all_day": {}
          },
          "21,22": {
            "day": 21,
            "index": 22,
            "start_time": 1668409200000,
            "end_time": 1668495599999,
            "all_day": {}
          },
          "22,23": {
            "day": 22,
            "index": 23,
            "start_time": 1668495600000,
            "end_time": 1668581999999,
            "all_day": {}
          },
          "23,24": {
            "day": 23,
            "index": 24,
            "start_time": 1668582000000,
            "end_time": 1668668399999,
            "all_day": {}
          },
          "24,25": {
            "day": 24,
            "index": 25,
            "start_time": 1668668400000,
            "end_time": 1668754799999,
            "all_day": {}
          },
          "25,26": {
            "day": 25,
            "index": 26,
            "start_time": 1668754800000,
            "end_time": 1668841199999,
            "all_day": {}
          },
          "26,27": {
            "day": 26,
            "index": 27,
            "start_time": 1668841200000,
            "end_time": 1668927599999,
            "all_day": {}
          },
          "27,28": {
            "day": 27,
            "index": 28,
            "start_time": 1668927600000,
            "end_time": 1669013999999,
            "all_day": {}
          },
          "28,29": {
            "day": 28,
            "index": 29,
            "start_time": 1669014000000,
            "end_time": 1669100399999,
            "all_day": {}
          },
          "29,30": {
            "day": 29,
            "index": 30,
            "start_time": 1669100400000,
            "end_time": 1669186799999,
            "all_day": {}
          },
          "30,31": {
            "day": 30,
            "index": 31,
            "start_time": 1669273200000,
            "end_time": 1669359599999,
            "all_day": {}
          }
        }
      },
      "end_time": 1669359599999
    },
    "1648796400000": {
      "date": "2022-04-01T07:00:00.000Z",
      "start_time": 1648796400000,
      "year": 2022,
      "month": 3,
      "cal": {
        "table": [
          [
            false,
            false,
            false,
            false,
            false,
            "1,5",
            "2,6"
          ],
          [
            "3,7",
            "4,8",
            "5,9",
            "6,10",
            "7,11",
            "8,12",
            "9,13"
          ],
          [
            "10,14",
            "11,15",
            "12,16",
            "13,17",
            "14,18",
            "15,19",
            "16,20"
          ],
          [
            "17,21",
            "18,22",
            "19,23",
            "20,24",
            "21,25",
            "22,26",
            "23,27"
          ],
          [
            "24,28",
            "25,29",
            "26,30",
            "27,31",
            "28,32",
            "29,33",
            "30,34"
          ]
        ],
        "list": [
          false,
          false,
          false,
          false,
          false,
          "1,5",
          "2,6",
          "3,7",
          "4,8",
          "5,9",
          "6,10",
          "7,11",
          "8,12",
          "9,13",
          "10,14",
          "11,15",
          "12,16",
          "13,17",
          "14,18",
          "15,19",
          "16,20",
          "17,21",
          "18,22",
          "19,23",
          "20,24",
          "21,25",
          "22,26",
          "23,27",
          "24,28",
          "25,29",
          "26,30",
          "27,31",
          "28,32",
          "29,33",
          "30,34"
        ],
        "map": {
          "1,5": {
            "day": 1,
            "index": 5,
            "start_time": 1648796400000,
            "end_time": 1648882799999,
            "all_day": {}
          },
          "2,6": {
            "day": 2,
            "index": 6,
            "start_time": 1649746800000,
            "end_time": 1649833199999,
            "all_day": {}
          },
          "3,7": {
            "day": 3,
            "index": 7,
            "start_time": 1650697200000,
            "end_time": 1650783599999,
            "all_day": {}
          },
          "4,8": {
            "day": 4,
            "index": 8,
            "start_time": 1650870000000,
            "end_time": 1650956399999,
            "all_day": {}
          },
          "5,9": {
            "day": 5,
            "index": 9,
            "start_time": 1650956400000,
            "end_time": 1651042799999,
            "all_day": {}
          },
          "6,10": {
            "day": 6,
            "index": 10,
            "start_time": 1651042800000,
            "end_time": 1651129199999,
            "all_day": {}
          },
          "7,11": {
            "day": 7,
            "index": 11,
            "start_time": 1651129200000,
            "end_time": 1651215599999,
            "all_day": {}
          },
          "8,12": {
            "day": 8,
            "index": 12,
            "start_time": 1651215600000,
            "end_time": 1651301999999,
            "all_day": {}
          },
          "9,13": {
            "day": 9,
            "index": 13,
            "start_time": 1651302000000,
            "end_time": 1651388399999,
            "all_day": {}
          },
          "10,14": {
            "day": 10,
            "index": 14,
            "start_time": 1648882800000,
            "end_time": 1648969199999,
            "all_day": {}
          },
          "11,15": {
            "day": 11,
            "index": 15,
            "start_time": 1648969200000,
            "end_time": 1649055599999,
            "all_day": {}
          },
          "12,16": {
            "day": 12,
            "index": 16,
            "start_time": 1649055600000,
            "end_time": 1649141999999,
            "all_day": {}
          },
          "13,17": {
            "day": 13,
            "index": 17,
            "start_time": 1649142000000,
            "end_time": 1649228399999,
            "all_day": {}
          },
          "14,18": {
            "day": 14,
            "index": 18,
            "start_time": 1649228400000,
            "end_time": 1649314799999,
            "all_day": {}
          },
          "15,19": {
            "day": 15,
            "index": 19,
            "start_time": 1649314800000,
            "end_time": 1649401199999,
            "all_day": {}
          },
          "16,20": {
            "day": 16,
            "index": 20,
            "start_time": 1649401200000,
            "end_time": 1649487599999,
            "all_day": {}
          },
          "17,21": {
            "day": 17,
            "index": 21,
            "start_time": 1649487600000,
            "end_time": 1649573999999,
            "all_day": {}
          },
          "18,22": {
            "day": 18,
            "index": 22,
            "start_time": 1649574000000,
            "end_time": 1649660399999,
            "all_day": {}
          },
          "19,23": {
            "day": 19,
            "index": 23,
            "start_time": 1649660400000,
            "end_time": 1649746799999,
            "all_day": {}
          },
          "20,24": {
            "day": 20,
            "index": 24,
            "start_time": 1649833200000,
            "end_time": 1649919599999,
            "all_day": {}
          },
          "21,25": {
            "day": 21,
            "index": 25,
            "start_time": 1649919600000,
            "end_time": 1650005999999,
            "all_day": {}
          },
          "22,26": {
            "day": 22,
            "index": 26,
            "start_time": 1650006000000,
            "end_time": 1650092399999,
            "all_day": {}
          },
          "23,27": {
            "day": 23,
            "index": 27,
            "start_time": 1650092400000,
            "end_time": 1650178799999,
            "all_day": {}
          },
          "24,28": {
            "day": 24,
            "index": 28,
            "start_time": 1650178800000,
            "end_time": 1650265199999,
            "all_day": {}
          },
          "25,29": {
            "day": 25,
            "index": 29,
            "start_time": 1650265200000,
            "end_time": 1650351599999,
            "all_day": {}
          },
          "26,30": {
            "day": 26,
            "index": 30,
            "start_time": 1650351600000,
            "end_time": 1650437999999,
            "all_day": {}
          },
          "27,31": {
            "day": 27,
            "index": 31,
            "start_time": 1650438000000,
            "end_time": 1650524399999,
            "all_day": {}
          },
          "28,32": {
            "day": 28,
            "index": 32,
            "start_time": 1650524400000,
            "end_time": 1650610799999,
            "all_day": {}
          },
          "29,33": {
            "day": 29,
            "index": 33,
            "start_time": 1650610800000,
            "end_time": 1650697199999,
            "all_day": {}
          },
          "30,34": {
            "day": 30,
            "index": 34,
            "start_time": 1650783600000,
            "end_time": 1650869999999,
            "all_day": {}
          }
        }
      },
      "end_time": 1650697199999
    },
    "1651388400000": {
      "date": "2022-05-01T07:00:00.000Z",
      "start_time": 1651388400000,
      "year": 2022,
      "month": 4,
      "cal": {
        "table": [
          [
            "1,0",
            "2,1",
            "3,2",
            "4,3",
            "5,4",
            "6,5",
            "7,6"
          ],
          [
            "8,7",
            "9,8",
            "10,9",
            "11,10",
            "12,11",
            "13,12",
            "14,13"
          ],
          [
            "15,14",
            "16,15",
            "17,16",
            "18,17",
            "19,18",
            "20,19",
            "21,20"
          ],
          [
            "22,21",
            "23,22",
            "24,23",
            "25,24",
            "26,25",
            "27,26",
            "28,27"
          ],
          [
            "29,28",
            "30,29",
            "31,30",
            false,
            false,
            false,
            false
          ]
        ],
        "list": [
          "1,0",
          "2,1",
          "3,2",
          "4,3",
          "5,4",
          "6,5",
          "7,6",
          "8,7",
          "9,8",
          "10,9",
          "11,10",
          "12,11",
          "13,12",
          "14,13",
          "15,14",
          "16,15",
          "17,16",
          "18,17",
          "19,18",
          "20,19",
          "21,20",
          "22,21",
          "23,22",
          "24,23",
          "25,24",
          "26,25",
          "27,26",
          "28,27",
          "29,28",
          "30,29",
          "31,30",
          false,
          false,
          false,
          false
        ],
        "map": {
          "1,0": {
            "day": 1,
            "index": 0,
            "start_time": 1651388400000,
            "end_time": 1651474799999,
            "all_day": {}
          },
          "2,1": {
            "day": 2,
            "index": 1,
            "start_time": 1652338800000,
            "end_time": 1652425199999,
            "all_day": {}
          },
          "3,2": {
            "day": 3,
            "index": 2,
            "start_time": 1653289200000,
            "end_time": 1653375599999,
            "all_day": {}
          },
          "4,3": {
            "day": 4,
            "index": 3,
            "start_time": 1653548400000,
            "end_time": 1653634799999,
            "all_day": {}
          },
          "5,4": {
            "day": 5,
            "index": 4,
            "start_time": 1653634800000,
            "end_time": 1653721199999,
            "all_day": {}
          },
          "6,5": {
            "day": 6,
            "index": 5,
            "start_time": 1653721200000,
            "end_time": 1653807599999,
            "all_day": {}
          },
          "7,6": {
            "day": 7,
            "index": 6,
            "start_time": 1653807600000,
            "end_time": 1653893999999,
            "all_day": {}
          },
          "8,7": {
            "day": 8,
            "index": 7,
            "start_time": 1653894000000,
            "end_time": 1653980399999,
            "all_day": {}
          },
          "9,8": {
            "day": 9,
            "index": 8,
            "start_time": 1653980400000,
            "end_time": 1654066799999,
            "all_day": {}
          },
          "10,9": {
            "day": 10,
            "index": 9,
            "start_time": 1651474800000,
            "end_time": 1651561199999,
            "all_day": {}
          },
          "11,10": {
            "day": 11,
            "index": 10,
            "start_time": 1651561200000,
            "end_time": 1651647599999,
            "all_day": {}
          },
          "12,11": {
            "day": 12,
            "index": 11,
            "start_time": 1651647600000,
            "end_time": 1651733999999,
            "all_day": {}
          },
          "13,12": {
            "day": 13,
            "index": 12,
            "start_time": 1651734000000,
            "end_time": 1651820399999,
            "all_day": {}
          },
          "14,13": {
            "day": 14,
            "index": 13,
            "start_time": 1651820400000,
            "end_time": 1651906799999,
            "all_day": {}
          },
          "15,14": {
            "day": 15,
            "index": 14,
            "start_time": 1651906800000,
            "end_time": 1651993199999,
            "all_day": {}
          },
          "16,15": {
            "day": 16,
            "index": 15,
            "start_time": 1651993200000,
            "end_time": 1652079599999,
            "all_day": {}
          },
          "17,16": {
            "day": 17,
            "index": 16,
            "start_time": 1652079600000,
            "end_time": 1652165999999,
            "all_day": {}
          },
          "18,17": {
            "day": 18,
            "index": 17,
            "start_time": 1652166000000,
            "end_time": 1652252399999,
            "all_day": {}
          },
          "19,18": {
            "day": 19,
            "index": 18,
            "start_time": 1652252400000,
            "end_time": 1652338799999,
            "all_day": {}
          },
          "20,19": {
            "day": 20,
            "index": 19,
            "start_time": 1652425200000,
            "end_time": 1652511599999,
            "all_day": {}
          },
          "21,20": {
            "day": 21,
            "index": 20,
            "start_time": 1652511600000,
            "end_time": 1652597999999,
            "all_day": {}
          },
          "22,21": {
            "day": 22,
            "index": 21,
            "start_time": 1652598000000,
            "end_time": 1652684399999,
            "all_day": {}
          },
          "23,22": {
            "day": 23,
            "index": 22,
            "start_time": 1652684400000,
            "end_time": 1652770799999,
            "all_day": {}
          },
          "24,23": {
            "day": 24,
            "index": 23,
            "start_time": 1652770800000,
            "end_time": 1652857199999,
            "all_day": {}
          },
          "25,24": {
            "day": 25,
            "index": 24,
            "start_time": 1652857200000,
            "end_time": 1652943599999,
            "all_day": {}
          },
          "26,25": {
            "day": 26,
            "index": 25,
            "start_time": 1652943600000,
            "end_time": 1653029999999,
            "all_day": {}
          },
          "27,26": {
            "day": 27,
            "index": 26,
            "start_time": 1653030000000,
            "end_time": 1653116399999,
            "all_day": {}
          },
          "28,27": {
            "day": 28,
            "index": 27,
            "start_time": 1653116400000,
            "end_time": 1653202799999,
            "all_day": {}
          },
          "29,28": {
            "day": 29,
            "index": 28,
            "start_time": 1653202800000,
            "end_time": 1653289199999,
            "all_day": {}
          },
          "30,29": {
            "day": 30,
            "index": 29,
            "start_time": 1653375600000,
            "end_time": 1653461999999,
            "all_day": {}
          },
          "31,30": {
            "day": 31,
            "index": 30,
            "start_time": 1653462000000,
            "end_time": 1653548399999,
            "all_day": {}
          }
        }
      },
      "end_time": 1653548399999
    },
    "1669881600000": {
      "date": "2022-12-01T08:00:00.000Z",
      "start_time": 1669881600000,
      "year": 2022,
      "month": 11,
      "cal": {
        "table": [
          [
            false,
            false,
            false,
            false,
            "1,4",
            "2,5",
            "3,6"
          ],
          [
            "4,7",
            "5,8",
            "6,9",
            "7,10",
            "8,11",
            "9,12",
            "10,13"
          ],
          [
            "11,14",
            "12,15",
            "13,16",
            "14,17",
            "15,18",
            "16,19",
            "17,20"
          ],
          [
            "18,21",
            "19,22",
            "20,23",
            "21,24",
            "22,25",
            "23,26",
            "24,27"
          ],
          [
            "25,28",
            "26,29",
            "27,30",
            "28,31",
            "29,32",
            "30,33",
            "31,34"
          ]
        ],
        "list": [
          false,
          false,
          false,
          false,
          "1,4",
          "2,5",
          "3,6",
          "4,7",
          "5,8",
          "6,9",
          "7,10",
          "8,11",
          "9,12",
          "10,13",
          "11,14",
          "12,15",
          "13,16",
          "14,17",
          "15,18",
          "16,19",
          "17,20",
          "18,21",
          "19,22",
          "20,23",
          "21,24",
          "22,25",
          "23,26",
          "24,27",
          "25,28",
          "26,29",
          "27,30",
          "28,31",
          "29,32",
          "30,33",
          "31,34"
        ],
        "map": {
          "1,4": {
            "day": 1,
            "index": 4,
            "start_time": 1669881600000,
            "end_time": 1669967999999,
            "all_day": {}
          },
          "2,5": {
            "day": 2,
            "index": 5,
            "start_time": 1670832000000,
            "end_time": 1670918399999,
            "all_day": {}
          },
          "3,6": {
            "day": 3,
            "index": 6,
            "start_time": 1671782400000,
            "end_time": 1671868799999,
            "all_day": {}
          },
          "4,7": {
            "day": 4,
            "index": 7,
            "start_time": 1672041600000,
            "end_time": 1672127999999,
            "all_day": {}
          },
          "5,8": {
            "day": 5,
            "index": 8,
            "start_time": 1672128000000,
            "end_time": 1672214399999,
            "all_day": {}
          },
          "6,9": {
            "day": 6,
            "index": 9,
            "start_time": 1672214400000,
            "end_time": 1672300799999,
            "all_day": {}
          },
          "7,10": {
            "day": 7,
            "index": 10,
            "start_time": 1672300800000,
            "end_time": 1672387199999,
            "all_day": {}
          },
          "8,11": {
            "day": 8,
            "index": 11,
            "start_time": 1672387200000,
            "end_time": 1672473599999,
            "all_day": {}
          },
          "9,12": {
            "day": 9,
            "index": 12,
            "start_time": 1672473600000,
            "end_time": 1672559999999,
            "all_day": {}
          },
          "10,13": {
            "day": 10,
            "index": 13,
            "start_time": 1669968000000,
            "end_time": 1670054399999,
            "all_day": {}
          },
          "11,14": {
            "day": 11,
            "index": 14,
            "start_time": 1670054400000,
            "end_time": 1670140799999,
            "all_day": {}
          },
          "12,15": {
            "day": 12,
            "index": 15,
            "start_time": 1670140800000,
            "end_time": 1670227199999,
            "all_day": {}
          },
          "13,16": {
            "day": 13,
            "index": 16,
            "start_time": 1670227200000,
            "end_time": 1670313599999,
            "all_day": {}
          },
          "14,17": {
            "day": 14,
            "index": 17,
            "start_time": 1670313600000,
            "end_time": 1670399999999,
            "all_day": {}
          },
          "15,18": {
            "day": 15,
            "index": 18,
            "start_time": 1670400000000,
            "end_time": 1670486399999,
            "all_day": {}
          },
          "16,19": {
            "day": 16,
            "index": 19,
            "start_time": 1670486400000,
            "end_time": 1670572799999,
            "all_day": {}
          },
          "17,20": {
            "day": 17,
            "index": 20,
            "start_time": 1670572800000,
            "end_time": 1670659199999,
            "all_day": {}
          },
          "18,21": {
            "day": 18,
            "index": 21,
            "start_time": 1670659200000,
            "end_time": 1670745599999,
            "all_day": {}
          },
          "19,22": {
            "day": 19,
            "index": 22,
            "start_time": 1670745600000,
            "end_time": 1670831999999,
            "all_day": {}
          },
          "20,23": {
            "day": 20,
            "index": 23,
            "start_time": 1670918400000,
            "end_time": 1671004799999,
            "all_day": {}
          },
          "21,24": {
            "day": 21,
            "index": 24,
            "start_time": 1671004800000,
            "end_time": 1671091199999,
            "all_day": {}
          },
          "22,25": {
            "day": 22,
            "index": 25,
            "start_time": 1671091200000,
            "end_time": 1671177599999,
            "all_day": {}
          },
          "23,26": {
            "day": 23,
            "index": 26,
            "start_time": 1671177600000,
            "end_time": 1671263999999,
            "all_day": {}
          },
          "24,27": {
            "day": 24,
            "index": 27,
            "start_time": 1671264000000,
            "end_time": 1671350399999,
            "all_day": {}
          },
          "25,28": {
            "day": 25,
            "index": 28,
            "start_time": 1671350400000,
            "end_time": 1671436799999,
            "all_day": {}
          },
          "26,29": {
            "day": 26,
            "index": 29,
            "start_time": 1671436800000,
            "end_time": 1671523199999,
            "all_day": {}
          },
          "27,30": {
            "day": 27,
            "index": 30,
            "start_time": 1671523200000,
            "end_time": 1671609599999,
            "all_day": {}
          },
          "28,31": {
            "day": 28,
            "index": 31,
            "start_time": 1671609600000,
            "end_time": 1671695999999,
            "all_day": {}
          },
          "29,32": {
            "day": 29,
            "index": 32,
            "start_time": 1671696000000,
            "end_time": 1671782399999,
            "all_day": {}
          },
          "30,33": {
            "day": 30,
            "index": 33,
            "start_time": 1671868800000,
            "end_time": 1671955199999,
            "all_day": {}
          },
          "31,34": {
            "day": 31,
            "index": 34,
            "start_time": 1671955200000,
            "end_time": 1672041599999,
            "all_day": {}
          }
        }
      },
      "end_time": 1671955199999
    },
    "1672560000000": {
      "date": "2023-01-01T08:00:00.000Z",
      "start_time": 1672560000000,
      "year": 2023,
      "month": 0,
      "cal": {
        "table": [
          [
            "1,0",
            "2,1",
            "3,2",
            "4,3",
            "5,4",
            "6,5",
            "7,6"
          ],
          [
            "8,7",
            "9,8",
            "10,9",
            "11,10",
            "12,11",
            "13,12",
            "14,13"
          ],
          [
            "15,14",
            "16,15",
            "17,16",
            "18,17",
            "19,18",
            "20,19",
            "21,20"
          ],
          [
            "22,21",
            "23,22",
            "24,23",
            "25,24",
            "26,25",
            "27,26",
            "28,27"
          ],
          [
            "29,28",
            "30,29",
            "31,30",
            false,
            false,
            false,
            false
          ]
        ],
        "list": [
          "1,0",
          "2,1",
          "3,2",
          "4,3",
          "5,4",
          "6,5",
          "7,6",
          "8,7",
          "9,8",
          "10,9",
          "11,10",
          "12,11",
          "13,12",
          "14,13",
          "15,14",
          "16,15",
          "17,16",
          "18,17",
          "19,18",
          "20,19",
          "21,20",
          "22,21",
          "23,22",
          "24,23",
          "25,24",
          "26,25",
          "27,26",
          "28,27",
          "29,28",
          "30,29",
          "31,30",
          false,
          false,
          false,
          false
        ],
        "map": {
          "1,0": {
            "day": 1,
            "index": 0,
            "start_time": 1672560000000,
            "end_time": 1672646399999,
            "all_day": {}
          },
          "2,1": {
            "day": 2,
            "index": 1,
            "start_time": 1673510400000,
            "end_time": 1673596799999,
            "all_day": {}
          },
          "3,2": {
            "day": 3,
            "index": 2,
            "start_time": 1674460800000,
            "end_time": 1674547199999,
            "all_day": {}
          },
          "4,3": {
            "day": 4,
            "index": 3,
            "start_time": 1674720000000,
            "end_time": 1674806399999,
            "all_day": {}
          },
          "5,4": {
            "day": 5,
            "index": 4,
            "start_time": 1674806400000,
            "end_time": 1674892799999,
            "all_day": {}
          },
          "6,5": {
            "day": 6,
            "index": 5,
            "start_time": 1674892800000,
            "end_time": 1674979199999,
            "all_day": {}
          },
          "7,6": {
            "day": 7,
            "index": 6,
            "start_time": 1674979200000,
            "end_time": 1675065599999,
            "all_day": {}
          },
          "8,7": {
            "day": 8,
            "index": 7,
            "start_time": 1675065600000,
            "end_time": 1675151999999,
            "all_day": {}
          },
          "9,8": {
            "day": 9,
            "index": 8,
            "start_time": 1675152000000,
            "end_time": 1675238399999,
            "all_day": {}
          },
          "10,9": {
            "day": 10,
            "index": 9,
            "start_time": 1672646400000,
            "end_time": 1672732799999,
            "all_day": {}
          },
          "11,10": {
            "day": 11,
            "index": 10,
            "start_time": 1672732800000,
            "end_time": 1672819199999,
            "all_day": {}
          },
          "12,11": {
            "day": 12,
            "index": 11,
            "start_time": 1672819200000,
            "end_time": 1672905599999,
            "all_day": {}
          },
          "13,12": {
            "day": 13,
            "index": 12,
            "start_time": 1672905600000,
            "end_time": 1672991999999,
            "all_day": {}
          },
          "14,13": {
            "day": 14,
            "index": 13,
            "start_time": 1672992000000,
            "end_time": 1673078399999,
            "all_day": {}
          },
          "15,14": {
            "day": 15,
            "index": 14,
            "start_time": 1673078400000,
            "end_time": 1673164799999,
            "all_day": {}
          },
          "16,15": {
            "day": 16,
            "index": 15,
            "start_time": 1673164800000,
            "end_time": 1673251199999,
            "all_day": {}
          },
          "17,16": {
            "day": 17,
            "index": 16,
            "start_time": 1673251200000,
            "end_time": 1673337599999,
            "all_day": {}
          },
          "18,17": {
            "day": 18,
            "index": 17,
            "start_time": 1673337600000,
            "end_time": 1673423999999,
            "all_day": {}
          },
          "19,18": {
            "day": 19,
            "index": 18,
            "start_time": 1673424000000,
            "end_time": 1673510399999,
            "all_day": {}
          },
          "20,19": {
            "day": 20,
            "index": 19,
            "start_time": 1673596800000,
            "end_time": 1673683199999,
            "all_day": {}
          },
          "21,20": {
            "day": 21,
            "index": 20,
            "start_time": 1673683200000,
            "end_time": 1673769599999,
            "all_day": {}
          },
          "22,21": {
            "day": 22,
            "index": 21,
            "start_time": 1673769600000,
            "end_time": 1673855999999,
            "all_day": {}
          },
          "23,22": {
            "day": 23,
            "index": 22,
            "start_time": 1673856000000,
            "end_time": 1673942399999,
            "all_day": {}
          },
          "24,23": {
            "day": 24,
            "index": 23,
            "start_time": 1673942400000,
            "end_time": 1674028799999,
            "all_day": {}
          },
          "25,24": {
            "day": 25,
            "index": 24,
            "start_time": 1674028800000,
            "end_time": 1674115199999,
            "all_day": {}
          },
          "26,25": {
            "day": 26,
            "index": 25,
            "start_time": 1674115200000,
            "end_time": 1674201599999,
            "all_day": {}
          },
          "27,26": {
            "day": 27,
            "index": 26,
            "start_time": 1674201600000,
            "end_time": 1674287999999,
            "all_day": {}
          },
          "28,27": {
            "day": 28,
            "index": 27,
            "start_time": 1674288000000,
            "end_time": 1674374399999,
            "all_day": {}
          },
          "29,28": {
            "day": 29,
            "index": 28,
            "start_time": 1674374400000,
            "end_time": 1674460799999,
            "all_day": {}
          },
          "30,29": {
            "day": 30,
            "index": 29,
            "start_time": 1674547200000,
            "end_time": 1674633599999,
            "all_day": {}
          },
          "31,30": {
            "day": 31,
            "index": 30,
            "start_time": 1674633600000,
            "end_time": 1674719999999,
            "all_day": {}
          }
        }
      },
      "end_time": 1674719999999
    },
    "1675238400000": {
      "date": "2023-02-01T08:00:00.000Z",
      "start_time": 1675238400000,
      "year": 2023,
      "month": 1,
      "cal": {
        "table": [
          [
            false,
            false,
            false,
            "1,3",
            "2,4",
            "3,5",
            "4,6"
          ],
          [
            "5,7",
            "6,8",
            "7,9",
            "8,10",
            "9,11",
            "10,12",
            "11,13"
          ],
          [
            "12,14",
            "13,15",
            "14,16",
            "15,17",
            "16,18",
            "17,19",
            "18,20"
          ],
          [
            "19,21",
            "20,22",
            "21,23",
            "22,24",
            "23,25",
            "24,26",
            "25,27"
          ],
          [
            "26,28",
            "27,29",
            "28,30",
            false,
            false,
            false,
            false
          ]
        ],
        "list": [
          false,
          false,
          false,
          "1,3",
          "2,4",
          "3,5",
          "4,6",
          "5,7",
          "6,8",
          "7,9",
          "8,10",
          "9,11",
          "10,12",
          "11,13",
          "12,14",
          "13,15",
          "14,16",
          "15,17",
          "16,18",
          "17,19",
          "18,20",
          "19,21",
          "20,22",
          "21,23",
          "22,24",
          "23,25",
          "24,26",
          "25,27",
          "26,28",
          "27,29",
          "28,30",
          false,
          false,
          false,
          false
        ],
        "map": {
          "1,3": {
            "day": 1,
            "index": 3,
            "start_time": 1675238400000,
            "end_time": 1675324799999,
            "all_day": {}
          },
          "2,4": {
            "day": 2,
            "index": 4,
            "start_time": 1676188800000,
            "end_time": 1676275199999,
            "all_day": {}
          },
          "3,5": {
            "day": 3,
            "index": 5,
            "start_time": 1677052800000,
            "end_time": 1677139199999,
            "all_day": {}
          },
          "4,6": {
            "day": 4,
            "index": 6,
            "start_time": 1677139200000,
            "end_time": 1677225599999,
            "all_day": {}
          },
          "5,7": {
            "day": 5,
            "index": 7,
            "start_time": 1677225600000,
            "end_time": 1677311999999,
            "all_day": {}
          },
          "6,8": {
            "day": 6,
            "index": 8,
            "start_time": 1677312000000,
            "end_time": 1677398399999,
            "all_day": {}
          },
          "7,9": {
            "day": 7,
            "index": 9,
            "start_time": 1677398400000,
            "end_time": 1677484799999,
            "all_day": {}
          },
          "8,10": {
            "day": 8,
            "index": 10,
            "start_time": 1677484800000,
            "end_time": 1677571199999,
            "all_day": {}
          },
          "9,11": {
            "day": 9,
            "index": 11,
            "start_time": 1677571200000,
            "end_time": 1677657599999,
            "all_day": {}
          },
          "10,12": {
            "day": 10,
            "index": 12,
            "start_time": 1675324800000,
            "end_time": 1675411199999,
            "all_day": {}
          },
          "11,13": {
            "day": 11,
            "index": 13,
            "start_time": 1675411200000,
            "end_time": 1675497599999,
            "all_day": {}
          },
          "12,14": {
            "day": 12,
            "index": 14,
            "start_time": 1675497600000,
            "end_time": 1675583999999,
            "all_day": {}
          },
          "13,15": {
            "day": 13,
            "index": 15,
            "start_time": 1675584000000,
            "end_time": 1675670399999,
            "all_day": {}
          },
          "14,16": {
            "day": 14,
            "index": 16,
            "start_time": 1675670400000,
            "end_time": 1675756799999,
            "all_day": {}
          },
          "15,17": {
            "day": 15,
            "index": 17,
            "start_time": 1675756800000,
            "end_time": 1675843199999,
            "all_day": {}
          },
          "16,18": {
            "day": 16,
            "index": 18,
            "start_time": 1675843200000,
            "end_time": 1675929599999,
            "all_day": {}
          },
          "17,19": {
            "day": 17,
            "index": 19,
            "start_time": 1675929600000,
            "end_time": 1676015999999,
            "all_day": {}
          },
          "18,20": {
            "day": 18,
            "index": 20,
            "start_time": 1676016000000,
            "end_time": 1676102399999,
            "all_day": {}
          },
          "19,21": {
            "day": 19,
            "index": 21,
            "start_time": 1676102400000,
            "end_time": 1676188799999,
            "all_day": {}
          },
          "20,22": {
            "day": 20,
            "index": 22,
            "start_time": 1676275200000,
            "end_time": 1676361599999,
            "all_day": {}
          },
          "21,23": {
            "day": 21,
            "index": 23,
            "start_time": 1676361600000,
            "end_time": 1676447999999,
            "all_day": {}
          },
          "22,24": {
            "day": 22,
            "index": 24,
            "start_time": 1676448000000,
            "end_time": 1676534399999,
            "all_day": {}
          },
          "23,25": {
            "day": 23,
            "index": 25,
            "start_time": 1676534400000,
            "end_time": 1676620799999,
            "all_day": {}
          },
          "24,26": {
            "day": 24,
            "index": 26,
            "start_time": 1676620800000,
            "end_time": 1676707199999,
            "all_day": {}
          },
          "25,27": {
            "day": 25,
            "index": 27,
            "start_time": 1676707200000,
            "end_time": 1676793599999,
            "all_day": {}
          },
          "26,28": {
            "day": 26,
            "index": 28,
            "start_time": 1676793600000,
            "end_time": 1676879999999,
            "all_day": {}
          },
          "27,29": {
            "day": 27,
            "index": 29,
            "start_time": 1676880000000,
            "end_time": 1676966399999,
            "all_day": {}
          },
          "28,30": {
            "day": 28,
            "index": 30,
            "start_time": 1676966400000,
            "end_time": 1677052799999,
            "all_day": {}
          }
        }
      },
      "end_time": 1677052799999
    },
    "1677657600000": {
      "date": "2023-03-01T08:00:00.000Z",
      "start_time": 1677657600000,
      "year": 2023,
      "month": 2,
      "cal": {
        "table": [
          [
            false,
            false,
            false,
            "1,3",
            "2,4",
            "3,5",
            "4,6"
          ],
          [
            "5,7",
            "6,8",
            "7,9",
            "8,10",
            "9,11",
            "10,12",
            "11,13"
          ],
          [
            "12,14",
            "13,15",
            "14,16",
            "15,17",
            "16,18",
            "17,19",
            "18,20"
          ],
          [
            "19,21",
            "20,22",
            "21,23",
            "22,24",
            "23,25",
            "24,26",
            "25,27"
          ],
          [
            "26,28",
            "27,29",
            "28,30",
            "29,31",
            "30,32",
            "31,33",
            false
          ]
        ],
        "list": [
          false,
          false,
          false,
          "1,3",
          "2,4",
          "3,5",
          "4,6",
          "5,7",
          "6,8",
          "7,9",
          "8,10",
          "9,11",
          "10,12",
          "11,13",
          "12,14",
          "13,15",
          "14,16",
          "15,17",
          "16,18",
          "17,19",
          "18,20",
          "19,21",
          "20,22",
          "21,23",
          "22,24",
          "23,25",
          "24,26",
          "25,27",
          "26,28",
          "27,29",
          "28,30",
          "29,31",
          "30,32",
          "31,33",
          false
        ],
        "map": {
          "1,3": {
            "day": 1,
            "index": 3,
            "start_time": 1677657600000,
            "end_time": 1677743999999,
            "all_day": {}
          },
          "2,4": {
            "day": 2,
            "index": 4,
            "start_time": 1678608000000,
            "end_time": 1678694399999,
            "all_day": {}
          },
          "3,5": {
            "day": 3,
            "index": 5,
            "start_time": 1679558400000,
            "end_time": 1679644799999,
            "all_day": {}
          },
          "4,6": {
            "day": 4,
            "index": 6,
            "start_time": 1679817600000,
            "end_time": 1679903999999,
            "all_day": {}
          },
          "5,7": {
            "day": 5,
            "index": 7,
            "start_time": 1679904000000,
            "end_time": 1679990399999,
            "all_day": {}
          },
          "6,8": {
            "day": 6,
            "index": 8,
            "start_time": 1679990400000,
            "end_time": 1680076799999,
            "all_day": {}
          },
          "7,9": {
            "day": 7,
            "index": 9,
            "start_time": 1680076800000,
            "end_time": 1680163199999,
            "all_day": {}
          },
          "8,10": {
            "day": 8,
            "index": 10,
            "start_time": 1680163200000,
            "end_time": 1680249599999,
            "all_day": {}
          },
          "9,11": {
            "day": 9,
            "index": 11,
            "start_time": 1680249600000,
            "end_time": 1680335999999,
            "all_day": {}
          },
          "10,12": {
            "day": 10,
            "index": 12,
            "start_time": 1677744000000,
            "end_time": 1677830399999,
            "all_day": {}
          },
          "11,13": {
            "day": 11,
            "index": 13,
            "start_time": 1677830400000,
            "end_time": 1677916799999,
            "all_day": {}
          },
          "12,14": {
            "day": 12,
            "index": 14,
            "start_time": 1677916800000,
            "end_time": 1678003199999,
            "all_day": {}
          },
          "13,15": {
            "day": 13,
            "index": 15,
            "start_time": 1678003200000,
            "end_time": 1678089599999,
            "all_day": {}
          },
          "14,16": {
            "day": 14,
            "index": 16,
            "start_time": 1678089600000,
            "end_time": 1678175999999,
            "all_day": {}
          },
          "15,17": {
            "day": 15,
            "index": 17,
            "start_time": 1678176000000,
            "end_time": 1678262399999,
            "all_day": {}
          },
          "16,18": {
            "day": 16,
            "index": 18,
            "start_time": 1678262400000,
            "end_time": 1678348799999,
            "all_day": {}
          },
          "17,19": {
            "day": 17,
            "index": 19,
            "start_time": 1678348800000,
            "end_time": 1678435199999,
            "all_day": {}
          },
          "18,20": {
            "day": 18,
            "index": 20,
            "start_time": 1678435200000,
            "end_time": 1678521599999,
            "all_day": {}
          },
          "19,21": {
            "day": 19,
            "index": 21,
            "start_time": 1678521600000,
            "end_time": 1678607999999,
            "all_day": {}
          },
          "20,22": {
            "day": 20,
            "index": 22,
            "start_time": 1678694400000,
            "end_time": 1678780799999,
            "all_day": {}
          },
          "21,23": {
            "day": 21,
            "index": 23,
            "start_time": 1678780800000,
            "end_time": 1678867199999,
            "all_day": {}
          },
          "22,24": {
            "day": 22,
            "index": 24,
            "start_time": 1678867200000,
            "end_time": 1678953599999,
            "all_day": {}
          },
          "23,25": {
            "day": 23,
            "index": 25,
            "start_time": 1678953600000,
            "end_time": 1679039999999,
            "all_day": {}
          },
          "24,26": {
            "day": 24,
            "index": 26,
            "start_time": 1679040000000,
            "end_time": 1679126399999,
            "all_day": {}
          },
          "25,27": {
            "day": 25,
            "index": 27,
            "start_time": 1679126400000,
            "end_time": 1679212799999,
            "all_day": {}
          },
          "26,28": {
            "day": 26,
            "index": 28,
            "start_time": 1679212800000,
            "end_time": 1679299199999,
            "all_day": {}
          },
          "27,29": {
            "day": 27,
            "index": 29,
            "start_time": 1679299200000,
            "end_time": 1679385599999,
            "all_day": {}
          },
          "28,30": {
            "day": 28,
            "index": 30,
            "start_time": 1679385600000,
            "end_time": 1679471999999,
            "all_day": {}
          },
          "29,31": {
            "day": 29,
            "index": 31,
            "start_time": 1679472000000,
            "end_time": 1679558399999,
            "all_day": {}
          },
          "30,32": {
            "day": 30,
            "index": 32,
            "start_time": 1679644800000,
            "end_time": 1679731199999,
            "all_day": {}
          },
          "31,33": {
            "day": 31,
            "index": 33,
            "start_time": 1679731200000,
            "end_time": 1679817599999,
            "all_day": {}
          }
        }
      },
      "end_time": 1679817599999
    },
    "1680332400000": {
      "date": "2023-04-01T07:00:00.000Z",
      "start_time": 1680332400000,
      "year": 2023,
      "month": 3,
      "cal": {
        "table": [
          [
            false,
            false,
            false,
            false,
            false,
            false,
            "1,6"
          ],
          [
            "2,7",
            "3,8",
            "4,9",
            "5,10",
            "6,11",
            "7,12",
            "8,13"
          ],
          [
            "9,14",
            "10,15",
            "11,16",
            "12,17",
            "13,18",
            "14,19",
            "15,20"
          ],
          [
            "16,21",
            "17,22",
            "18,23",
            "19,24",
            "20,25",
            "21,26",
            "22,27"
          ],
          [
            "23,28",
            "24,29",
            "25,30",
            "26,31",
            "27,32",
            "28,33",
            "29,34"
          ],
          [
            "30,35",
            false,
            false,
            false,
            false,
            false,
            false
          ]
        ],
        "list": [
          false,
          false,
          false,
          false,
          false,
          false,
          "1,6",
          "2,7",
          "3,8",
          "4,9",
          "5,10",
          "6,11",
          "7,12",
          "8,13",
          "9,14",
          "10,15",
          "11,16",
          "12,17",
          "13,18",
          "14,19",
          "15,20",
          "16,21",
          "17,22",
          "18,23",
          "19,24",
          "20,25",
          "21,26",
          "22,27",
          "23,28",
          "24,29",
          "25,30",
          "26,31",
          "27,32",
          "28,33",
          "29,34",
          "30,35",
          false,
          false,
          false,
          false,
          false,
          false
        ],
        "map": {
          "1,6": {
            "day": 1,
            "index": 6,
            "start_time": 1680332400000,
            "end_time": 1680418799999,
            "all_day": {}
          },
          "2,7": {
            "day": 2,
            "index": 7,
            "start_time": 1681282800000,
            "end_time": 1681369199999,
            "all_day": {}
          },
          "3,8": {
            "day": 3,
            "index": 8,
            "start_time": 1682233200000,
            "end_time": 1682319599999,
            "all_day": {}
          },
          "4,9": {
            "day": 4,
            "index": 9,
            "start_time": 1682406000000,
            "end_time": 1682492399999,
            "all_day": {}
          },
          "5,10": {
            "day": 5,
            "index": 10,
            "start_time": 1682492400000,
            "end_time": 1682578799999,
            "all_day": {}
          },
          "6,11": {
            "day": 6,
            "index": 11,
            "start_time": 1682578800000,
            "end_time": 1682665199999,
            "all_day": {}
          },
          "7,12": {
            "day": 7,
            "index": 12,
            "start_time": 1682665200000,
            "end_time": 1682751599999,
            "all_day": {}
          },
          "8,13": {
            "day": 8,
            "index": 13,
            "start_time": 1682751600000,
            "end_time": 1682837999999,
            "all_day": {}
          },
          "9,14": {
            "day": 9,
            "index": 14,
            "start_time": 1682838000000,
            "end_time": 1682924399999,
            "all_day": {}
          },
          "10,15": {
            "day": 10,
            "index": 15,
            "start_time": 1680418800000,
            "end_time": 1680505199999,
            "all_day": {}
          },
          "11,16": {
            "day": 11,
            "index": 16,
            "start_time": 1680505200000,
            "end_time": 1680591599999,
            "all_day": {}
          },
          "12,17": {
            "day": 12,
            "index": 17,
            "start_time": 1680591600000,
            "end_time": 1680677999999,
            "all_day": {}
          },
          "13,18": {
            "day": 13,
            "index": 18,
            "start_time": 1680678000000,
            "end_time": 1680764399999,
            "all_day": {}
          },
          "14,19": {
            "day": 14,
            "index": 19,
            "start_time": 1680764400000,
            "end_time": 1680850799999,
            "all_day": {}
          },
          "15,20": {
            "day": 15,
            "index": 20,
            "start_time": 1680850800000,
            "end_time": 1680937199999,
            "all_day": {}
          },
          "16,21": {
            "day": 16,
            "index": 21,
            "start_time": 1680937200000,
            "end_time": 1681023599999,
            "all_day": {}
          },
          "17,22": {
            "day": 17,
            "index": 22,
            "start_time": 1681023600000,
            "end_time": 1681109999999,
            "all_day": {}
          },
          "18,23": {
            "day": 18,
            "index": 23,
            "start_time": 1681110000000,
            "end_time": 1681196399999,
            "all_day": {}
          },
          "19,24": {
            "day": 19,
            "index": 24,
            "start_time": 1681196400000,
            "end_time": 1681282799999,
            "all_day": {}
          },
          "20,25": {
            "day": 20,
            "index": 25,
            "start_time": 1681369200000,
            "end_time": 1681455599999,
            "all_day": {}
          },
          "21,26": {
            "day": 21,
            "index": 26,
            "start_time": 1681455600000,
            "end_time": 1681541999999,
            "all_day": {}
          },
          "22,27": {
            "day": 22,
            "index": 27,
            "start_time": 1681542000000,
            "end_time": 1681628399999,
            "all_day": {}
          },
          "23,28": {
            "day": 23,
            "index": 28,
            "start_time": 1681628400000,
            "end_time": 1681714799999,
            "all_day": {}
          },
          "24,29": {
            "day": 24,
            "index": 29,
            "start_time": 1681714800000,
            "end_time": 1681801199999,
            "all_day": {}
          },
          "25,30": {
            "day": 25,
            "index": 30,
            "start_time": 1681801200000,
            "end_time": 1681887599999,
            "all_day": {}
          },
          "26,31": {
            "day": 26,
            "index": 31,
            "start_time": 1681887600000,
            "end_time": 1681973999999,
            "all_day": {}
          },
          "27,32": {
            "day": 27,
            "index": 32,
            "start_time": 1681974000000,
            "end_time": 1682060399999,
            "all_day": {}
          },
          "28,33": {
            "day": 28,
            "index": 33,
            "start_time": 1682060400000,
            "end_time": 1682146799999,
            "all_day": {}
          },
          "29,34": {
            "day": 29,
            "index": 34,
            "start_time": 1682146800000,
            "end_time": 1682233199999,
            "all_day": {}
          },
          "30,35": {
            "day": 30,
            "index": 35,
            "start_time": 1682319600000,
            "end_time": 1682405999999,
            "all_day": {}
          }
        }
      },
      "end_time": 1682405999999
    },
    "1682924400000": {
      "date": "2023-05-01T07:00:00.000Z",
      "start_time": 1682924400000,
      "year": 2023,
      "month": 4,
      "cal": {
        "table": [
          [
            false,
            "1,1",
            "2,2",
            "3,3",
            "4,4",
            "5,5",
            "6,6"
          ],
          [
            "7,7",
            "8,8",
            "9,9",
            "10,10",
            "11,11",
            "12,12",
            "13,13"
          ],
          [
            "14,14",
            "15,15",
            "16,16",
            "17,17",
            "18,18",
            "19,19",
            "20,20"
          ],
          [
            "21,21",
            "22,22",
            "23,23",
            "24,24",
            "25,25",
            "26,26",
            "27,27"
          ],
          [
            "28,28",
            "29,29",
            "30,30",
            "31,31",
            false,
            false,
            false
          ]
        ],
        "list": [
          false,
          "1,1",
          "2,2",
          "3,3",
          "4,4",
          "5,5",
          "6,6",
          "7,7",
          "8,8",
          "9,9",
          "10,10",
          "11,11",
          "12,12",
          "13,13",
          "14,14",
          "15,15",
          "16,16",
          "17,17",
          "18,18",
          "19,19",
          "20,20",
          "21,21",
          "22,22",
          "23,23",
          "24,24",
          "25,25",
          "26,26",
          "27,27",
          "28,28",
          "29,29",
          "30,30",
          "31,31",
          false,
          false,
          false
        ],
        "map": {
          "1,1": {
            "day": 1,
            "index": 1,
            "start_time": 1682924400000,
            "end_time": 1683010799999,
            "all_day": {}
          },
          "2,2": {
            "day": 2,
            "index": 2,
            "start_time": 1683874800000,
            "end_time": 1683961199999,
            "all_day": {}
          },
          "3,3": {
            "day": 3,
            "index": 3,
            "start_time": 1684825200000,
            "end_time": 1684911599999,
            "all_day": {}
          },
          "4,4": {
            "day": 4,
            "index": 4,
            "start_time": 1685084400000,
            "end_time": 1685170799999,
            "all_day": {}
          },
          "5,5": {
            "day": 5,
            "index": 5,
            "start_time": 1685170800000,
            "end_time": 1685257199999,
            "all_day": {}
          },
          "6,6": {
            "day": 6,
            "index": 6,
            "start_time": 1685257200000,
            "end_time": 1685343599999,
            "all_day": {}
          },
          "7,7": {
            "day": 7,
            "index": 7,
            "start_time": 1685343600000,
            "end_time": 1685429999999,
            "all_day": {}
          },
          "8,8": {
            "day": 8,
            "index": 8,
            "start_time": 1685430000000,
            "end_time": 1685516399999,
            "all_day": {}
          },
          "9,9": {
            "day": 9,
            "index": 9,
            "start_time": 1685516400000,
            "end_time": 1685602799999,
            "all_day": {}
          },
          "10,10": {
            "day": 10,
            "index": 10,
            "start_time": 1683010800000,
            "end_time": 1683097199999,
            "all_day": {}
          },
          "11,11": {
            "day": 11,
            "index": 11,
            "start_time": 1683097200000,
            "end_time": 1683183599999,
            "all_day": {}
          },
          "12,12": {
            "day": 12,
            "index": 12,
            "start_time": 1683183600000,
            "end_time": 1683269999999,
            "all_day": {}
          },
          "13,13": {
            "day": 13,
            "index": 13,
            "start_time": 1683270000000,
            "end_time": 1683356399999,
            "all_day": {}
          },
          "14,14": {
            "day": 14,
            "index": 14,
            "start_time": 1683356400000,
            "end_time": 1683442799999,
            "all_day": {}
          },
          "15,15": {
            "day": 15,
            "index": 15,
            "start_time": 1683442800000,
            "end_time": 1683529199999,
            "all_day": {}
          },
          "16,16": {
            "day": 16,
            "index": 16,
            "start_time": 1683529200000,
            "end_time": 1683615599999,
            "all_day": {}
          },
          "17,17": {
            "day": 17,
            "index": 17,
            "start_time": 1683615600000,
            "end_time": 1683701999999,
            "all_day": {}
          },
          "18,18": {
            "day": 18,
            "index": 18,
            "start_time": 1683702000000,
            "end_time": 1683788399999,
            "all_day": {}
          },
          "19,19": {
            "day": 19,
            "index": 19,
            "start_time": 1683788400000,
            "end_time": 1683874799999,
            "all_day": {}
          },
          "20,20": {
            "day": 20,
            "index": 20,
            "start_time": 1683961200000,
            "end_time": 1684047599999,
            "all_day": {}
          },
          "21,21": {
            "day": 21,
            "index": 21,
            "start_time": 1684047600000,
            "end_time": 1684133999999,
            "all_day": {}
          },
          "22,22": {
            "day": 22,
            "index": 22,
            "start_time": 1684134000000,
            "end_time": 1684220399999,
            "all_day": {}
          },
          "23,23": {
            "day": 23,
            "index": 23,
            "start_time": 1684220400000,
            "end_time": 1684306799999,
            "all_day": {}
          },
          "24,24": {
            "day": 24,
            "index": 24,
            "start_time": 1684306800000,
            "end_time": 1684393199999,
            "all_day": {}
          },
          "25,25": {
            "day": 25,
            "index": 25,
            "start_time": 1684393200000,
            "end_time": 1684479599999,
            "all_day": {}
          },
          "26,26": {
            "day": 26,
            "index": 26,
            "start_time": 1684479600000,
            "end_time": 1684565999999,
            "all_day": {}
          },
          "27,27": {
            "day": 27,
            "index": 27,
            "start_time": 1684566000000,
            "end_time": 1684652399999,
            "all_day": {}
          },
          "28,28": {
            "day": 28,
            "index": 28,
            "start_time": 1684652400000,
            "end_time": 1684738799999,
            "all_day": {}
          },
          "29,29": {
            "day": 29,
            "index": 29,
            "start_time": 1684738800000,
            "end_time": 1684825199999,
            "all_day": {}
          },
          "30,30": {
            "day": 30,
            "index": 30,
            "start_time": 1684911600000,
            "end_time": 1684997999999,
            "all_day": {}
          },
          "31,31": {
            "day": 31,
            "index": 31,
            "start_time": 1684998000000,
            "end_time": 1685084399999,
            "all_day": {}
          }
        }
      },
      "end_time": 1685084399999
    },
    "1685602800000": {
      "date": "2023-06-01T07:00:00.000Z",
      "start_time": 1685602800000,
      "year": 2023,
      "month": 5,
      "cal": {
        "table": [
          [
            false,
            false,
            false,
            false,
            "1,4",
            "2,5",
            "3,6"
          ],
          [
            "4,7",
            "5,8",
            "6,9",
            "7,10",
            "8,11",
            "9,12",
            "10,13"
          ],
          [
            "11,14",
            "12,15",
            "13,16",
            "14,17",
            "15,18",
            "16,19",
            "17,20"
          ],
          [
            "18,21",
            "19,22",
            "20,23",
            "21,24",
            "22,25",
            "23,26",
            "24,27"
          ],
          [
            "25,28",
            "26,29",
            "27,30",
            "28,31",
            "29,32",
            "30,33",
            false
          ]
        ],
        "list": [
          false,
          false,
          false,
          false,
          "1,4",
          "2,5",
          "3,6",
          "4,7",
          "5,8",
          "6,9",
          "7,10",
          "8,11",
          "9,12",
          "10,13",
          "11,14",
          "12,15",
          "13,16",
          "14,17",
          "15,18",
          "16,19",
          "17,20",
          "18,21",
          "19,22",
          "20,23",
          "21,24",
          "22,25",
          "23,26",
          "24,27",
          "25,28",
          "26,29",
          "27,30",
          "28,31",
          "29,32",
          "30,33",
          false
        ],
        "map": {
          "1,4": {
            "day": 1,
            "index": 4,
            "start_time": 1685602800000,
            "end_time": 1685689199999,
            "all_day": {}
          },
          "2,5": {
            "day": 2,
            "index": 5,
            "start_time": 1686553200000,
            "end_time": 1686639599999,
            "all_day": {}
          },
          "3,6": {
            "day": 3,
            "index": 6,
            "start_time": 1687503600000,
            "end_time": 1687589999999,
            "all_day": {}
          },
          "4,7": {
            "day": 4,
            "index": 7,
            "start_time": 1687676400000,
            "end_time": 1687762799999,
            "all_day": {}
          },
          "5,8": {
            "day": 5,
            "index": 8,
            "start_time": 1687762800000,
            "end_time": 1687849199999,
            "all_day": {}
          },
          "6,9": {
            "day": 6,
            "index": 9,
            "start_time": 1687849200000,
            "end_time": 1687935599999,
            "all_day": {}
          },
          "7,10": {
            "day": 7,
            "index": 10,
            "start_time": 1687935600000,
            "end_time": 1688021999999,
            "all_day": {}
          },
          "8,11": {
            "day": 8,
            "index": 11,
            "start_time": 1688022000000,
            "end_time": 1688108399999,
            "all_day": {}
          },
          "9,12": {
            "day": 9,
            "index": 12,
            "start_time": 1688108400000,
            "end_time": 1688194799999,
            "all_day": {}
          },
          "10,13": {
            "day": 10,
            "index": 13,
            "start_time": 1685689200000,
            "end_time": 1685775599999,
            "all_day": {}
          },
          "11,14": {
            "day": 11,
            "index": 14,
            "start_time": 1685775600000,
            "end_time": 1685861999999,
            "all_day": {}
          },
          "12,15": {
            "day": 12,
            "index": 15,
            "start_time": 1685862000000,
            "end_time": 1685948399999,
            "all_day": {}
          },
          "13,16": {
            "day": 13,
            "index": 16,
            "start_time": 1685948400000,
            "end_time": 1686034799999,
            "all_day": {}
          },
          "14,17": {
            "day": 14,
            "index": 17,
            "start_time": 1686034800000,
            "end_time": 1686121199999,
            "all_day": {}
          },
          "15,18": {
            "day": 15,
            "index": 18,
            "start_time": 1686121200000,
            "end_time": 1686207599999,
            "all_day": {}
          },
          "16,19": {
            "day": 16,
            "index": 19,
            "start_time": 1686207600000,
            "end_time": 1686293999999,
            "all_day": {}
          },
          "17,20": {
            "day": 17,
            "index": 20,
            "start_time": 1686294000000,
            "end_time": 1686380399999,
            "all_day": {}
          },
          "18,21": {
            "day": 18,
            "index": 21,
            "start_time": 1686380400000,
            "end_time": 1686466799999,
            "all_day": {}
          },
          "19,22": {
            "day": 19,
            "index": 22,
            "start_time": 1686466800000,
            "end_time": 1686553199999,
            "all_day": {}
          },
          "20,23": {
            "day": 20,
            "index": 23,
            "start_time": 1686639600000,
            "end_time": 1686725999999,
            "all_day": {}
          },
          "21,24": {
            "day": 21,
            "index": 24,
            "start_time": 1686726000000,
            "end_time": 1686812399999,
            "all_day": {}
          },
          "22,25": {
            "day": 22,
            "index": 25,
            "start_time": 1686812400000,
            "end_time": 1686898799999,
            "all_day": {}
          },
          "23,26": {
            "day": 23,
            "index": 26,
            "start_time": 1686898800000,
            "end_time": 1686985199999,
            "all_day": {}
          },
          "24,27": {
            "day": 24,
            "index": 27,
            "start_time": 1686985200000,
            "end_time": 1687071599999,
            "all_day": {}
          },
          "25,28": {
            "day": 25,
            "index": 28,
            "start_time": 1687071600000,
            "end_time": 1687157999999,
            "all_day": {}
          },
          "26,29": {
            "day": 26,
            "index": 29,
            "start_time": 1687158000000,
            "end_time": 1687244399999,
            "all_day": {}
          },
          "27,30": {
            "day": 27,
            "index": 30,
            "start_time": 1687244400000,
            "end_time": 1687330799999,
            "all_day": {}
          },
          "28,31": {
            "day": 28,
            "index": 31,
            "start_time": 1687330800000,
            "end_time": 1687417199999,
            "all_day": {}
          },
          "29,32": {
            "day": 29,
            "index": 32,
            "start_time": 1687417200000,
            "end_time": 1687503599999,
            "all_day": {}
          },
          "30,33": {
            "day": 30,
            "index": 33,
            "start_time": 1687590000000,
            "end_time": 1687676399999,
            "all_day": {}
          }
        }
      },
      "end_time": 1687676399999
    },
    "1688194800000": {
      "date": "2023-07-01T07:00:00.000Z",
      "start_time": 1688194800000,
      "year": 2023,
      "month": 6,
      "cal": {
        "table": [
          [
            false,
            false,
            false,
            false,
            false,
            false,
            "1,6"
          ],
          [
            "2,7",
            "3,8",
            "4,9",
            "5,10",
            "6,11",
            "7,12",
            "8,13"
          ],
          [
            "9,14",
            "10,15",
            "11,16",
            "12,17",
            "13,18",
            "14,19",
            "15,20"
          ],
          [
            "16,21",
            "17,22",
            "18,23",
            "19,24",
            "20,25",
            "21,26",
            "22,27"
          ],
          [
            "23,28",
            "24,29",
            "25,30",
            "26,31",
            "27,32",
            "28,33",
            "29,34"
          ],
          [
            "30,35",
            "31,36",
            false,
            false,
            false,
            false,
            false
          ]
        ],
        "list": [
          false,
          false,
          false,
          false,
          false,
          false,
          "1,6",
          "2,7",
          "3,8",
          "4,9",
          "5,10",
          "6,11",
          "7,12",
          "8,13",
          "9,14",
          "10,15",
          "11,16",
          "12,17",
          "13,18",
          "14,19",
          "15,20",
          "16,21",
          "17,22",
          "18,23",
          "19,24",
          "20,25",
          "21,26",
          "22,27",
          "23,28",
          "24,29",
          "25,30",
          "26,31",
          "27,32",
          "28,33",
          "29,34",
          "30,35",
          "31,36",
          false,
          false,
          false,
          false,
          false
        ],
        "map": {
          "1,6": {
            "day": 1,
            "index": 6,
            "start_time": 1688194800000,
            "end_time": 1688281199999,
            "all_day": {}
          },
          "2,7": {
            "day": 2,
            "index": 7,
            "start_time": 1689145200000,
            "end_time": 1689231599999,
            "all_day": {}
          },
          "3,8": {
            "day": 3,
            "index": 8,
            "start_time": 1690095600000,
            "end_time": 1690181999999,
            "all_day": {}
          },
          "4,9": {
            "day": 4,
            "index": 9,
            "start_time": 1690354800000,
            "end_time": 1690441199999,
            "all_day": {}
          },
          "5,10": {
            "day": 5,
            "index": 10,
            "start_time": 1690441200000,
            "end_time": 1690527599999,
            "all_day": {}
          },
          "6,11": {
            "day": 6,
            "index": 11,
            "start_time": 1690527600000,
            "end_time": 1690613999999,
            "all_day": {}
          },
          "7,12": {
            "day": 7,
            "index": 12,
            "start_time": 1690614000000,
            "end_time": 1690700399999,
            "all_day": {}
          },
          "8,13": {
            "day": 8,
            "index": 13,
            "start_time": 1690700400000,
            "end_time": 1690786799999,
            "all_day": {}
          },
          "9,14": {
            "day": 9,
            "index": 14,
            "start_time": 1690786800000,
            "end_time": 1690873199999,
            "all_day": {}
          },
          "10,15": {
            "day": 10,
            "index": 15,
            "start_time": 1688281200000,
            "end_time": 1688367599999,
            "all_day": {}
          },
          "11,16": {
            "day": 11,
            "index": 16,
            "start_time": 1688367600000,
            "end_time": 1688453999999,
            "all_day": {}
          },
          "12,17": {
            "day": 12,
            "index": 17,
            "start_time": 1688454000000,
            "end_time": 1688540399999,
            "all_day": {}
          },
          "13,18": {
            "day": 13,
            "index": 18,
            "start_time": 1688540400000,
            "end_time": 1688626799999,
            "all_day": {}
          },
          "14,19": {
            "day": 14,
            "index": 19,
            "start_time": 1688626800000,
            "end_time": 1688713199999,
            "all_day": {}
          },
          "15,20": {
            "day": 15,
            "index": 20,
            "start_time": 1688713200000,
            "end_time": 1688799599999,
            "all_day": {}
          },
          "16,21": {
            "day": 16,
            "index": 21,
            "start_time": 1688799600000,
            "end_time": 1688885999999,
            "all_day": {}
          },
          "17,22": {
            "day": 17,
            "index": 22,
            "start_time": 1688886000000,
            "end_time": 1688972399999,
            "all_day": {}
          },
          "18,23": {
            "day": 18,
            "index": 23,
            "start_time": 1688972400000,
            "end_time": 1689058799999,
            "all_day": {}
          },
          "19,24": {
            "day": 19,
            "index": 24,
            "start_time": 1689058800000,
            "end_time": 1689145199999,
            "all_day": {}
          },
          "20,25": {
            "day": 20,
            "index": 25,
            "start_time": 1689231600000,
            "end_time": 1689317999999,
            "all_day": {}
          },
          "21,26": {
            "day": 21,
            "index": 26,
            "start_time": 1689318000000,
            "end_time": 1689404399999,
            "all_day": {}
          },
          "22,27": {
            "day": 22,
            "index": 27,
            "start_time": 1689404400000,
            "end_time": 1689490799999,
            "all_day": {}
          },
          "23,28": {
            "day": 23,
            "index": 28,
            "start_time": 1689490800000,
            "end_time": 1689577199999,
            "all_day": {}
          },
          "24,29": {
            "day": 24,
            "index": 29,
            "start_time": 1689577200000,
            "end_time": 1689663599999,
            "all_day": {}
          },
          "25,30": {
            "day": 25,
            "index": 30,
            "start_time": 1689663600000,
            "end_time": 1689749999999,
            "all_day": {}
          },
          "26,31": {
            "day": 26,
            "index": 31,
            "start_time": 1689750000000,
            "end_time": 1689836399999,
            "all_day": {}
          },
          "27,32": {
            "day": 27,
            "index": 32,
            "start_time": 1689836400000,
            "end_time": 1689922799999,
            "all_day": {}
          },
          "28,33": {
            "day": 28,
            "index": 33,
            "start_time": 1689922800000,
            "end_time": 1690009199999,
            "all_day": {}
          },
          "29,34": {
            "day": 29,
            "index": 34,
            "start_time": 1690009200000,
            "end_time": 1690095599999,
            "all_day": {}
          },
          "30,35": {
            "day": 30,
            "index": 35,
            "start_time": 1690182000000,
            "end_time": 1690268399999,
            "all_day": {}
          },
          "31,36": {
            "day": 31,
            "index": 36,
            "start_time": 1690268400000,
            "end_time": 1690354799999,
            "all_day": {}
          }
        }
      },
      "end_time": 1690354799999
    },
    "1690873200000": {
      "date": "2023-08-01T07:00:00.000Z",
      "start_time": 1690873200000,
      "year": 2023,
      "month": 7,
      "cal": {
        "table": [
          [
            false,
            false,
            "1,2",
            "2,3",
            "3,4",
            "4,5",
            "5,6"
          ],
          [
            "6,7",
            "7,8",
            "8,9",
            "9,10",
            "10,11",
            "11,12",
            "12,13"
          ],
          [
            "13,14",
            "14,15",
            "15,16",
            "16,17",
            "17,18",
            "18,19",
            "19,20"
          ],
          [
            "20,21",
            "21,22",
            "22,23",
            "23,24",
            "24,25",
            "25,26",
            "26,27"
          ],
          [
            "27,28",
            "28,29",
            "29,30",
            "30,31",
            "31,32",
            false,
            false
          ]
        ],
        "list": [
          false,
          false,
          "1,2",
          "2,3",
          "3,4",
          "4,5",
          "5,6",
          "6,7",
          "7,8",
          "8,9",
          "9,10",
          "10,11",
          "11,12",
          "12,13",
          "13,14",
          "14,15",
          "15,16",
          "16,17",
          "17,18",
          "18,19",
          "19,20",
          "20,21",
          "21,22",
          "22,23",
          "23,24",
          "24,25",
          "25,26",
          "26,27",
          "27,28",
          "28,29",
          "29,30",
          "30,31",
          "31,32",
          false,
          false
        ],
        "map": {
          "1,2": {
            "day": 1,
            "index": 2,
            "start_time": 1690873200000,
            "end_time": 1690959599999,
            "all_day": {}
          },
          "2,3": {
            "day": 2,
            "index": 3,
            "start_time": 1691823600000,
            "end_time": 1691909999999,
            "all_day": {}
          },
          "3,4": {
            "day": 3,
            "index": 4,
            "start_time": 1692774000000,
            "end_time": 1692860399999,
            "all_day": {}
          },
          "4,5": {
            "day": 4,
            "index": 5,
            "start_time": 1693033200000,
            "end_time": 1693119599999,
            "all_day": {}
          },
          "5,6": {
            "day": 5,
            "index": 6,
            "start_time": 1693119600000,
            "end_time": 1693205999999,
            "all_day": {}
          },
          "6,7": {
            "day": 6,
            "index": 7,
            "start_time": 1693206000000,
            "end_time": 1693292399999,
            "all_day": {}
          },
          "7,8": {
            "day": 7,
            "index": 8,
            "start_time": 1693292400000,
            "end_time": 1693378799999,
            "all_day": {}
          },
          "8,9": {
            "day": 8,
            "index": 9,
            "start_time": 1693378800000,
            "end_time": 1693465199999,
            "all_day": {}
          },
          "9,10": {
            "day": 9,
            "index": 10,
            "start_time": 1693465200000,
            "end_time": 1693551599999,
            "all_day": {}
          },
          "10,11": {
            "day": 10,
            "index": 11,
            "start_time": 1690959600000,
            "end_time": 1691045999999,
            "all_day": {}
          },
          "11,12": {
            "day": 11,
            "index": 12,
            "start_time": 1691046000000,
            "end_time": 1691132399999,
            "all_day": {}
          },
          "12,13": {
            "day": 12,
            "index": 13,
            "start_time": 1691132400000,
            "end_time": 1691218799999,
            "all_day": {}
          },
          "13,14": {
            "day": 13,
            "index": 14,
            "start_time": 1691218800000,
            "end_time": 1691305199999,
            "all_day": {}
          },
          "14,15": {
            "day": 14,
            "index": 15,
            "start_time": 1691305200000,
            "end_time": 1691391599999,
            "all_day": {}
          },
          "15,16": {
            "day": 15,
            "index": 16,
            "start_time": 1691391600000,
            "end_time": 1691477999999,
            "all_day": {}
          },
          "16,17": {
            "day": 16,
            "index": 17,
            "start_time": 1691478000000,
            "end_time": 1691564399999,
            "all_day": {}
          },
          "17,18": {
            "day": 17,
            "index": 18,
            "start_time": 1691564400000,
            "end_time": 1691650799999,
            "all_day": {}
          },
          "18,19": {
            "day": 18,
            "index": 19,
            "start_time": 1691650800000,
            "end_time": 1691737199999,
            "all_day": {}
          },
          "19,20": {
            "day": 19,
            "index": 20,
            "start_time": 1691737200000,
            "end_time": 1691823599999,
            "all_day": {}
          },
          "20,21": {
            "day": 20,
            "index": 21,
            "start_time": 1691910000000,
            "end_time": 1691996399999,
            "all_day": {}
          },
          "21,22": {
            "day": 21,
            "index": 22,
            "start_time": 1691996400000,
            "end_time": 1692082799999,
            "all_day": {}
          },
          "22,23": {
            "day": 22,
            "index": 23,
            "start_time": 1692082800000,
            "end_time": 1692169199999,
            "all_day": {}
          },
          "23,24": {
            "day": 23,
            "index": 24,
            "start_time": 1692169200000,
            "end_time": 1692255599999,
            "all_day": {}
          },
          "24,25": {
            "day": 24,
            "index": 25,
            "start_time": 1692255600000,
            "end_time": 1692341999999,
            "all_day": {}
          },
          "25,26": {
            "day": 25,
            "index": 26,
            "start_time": 1692342000000,
            "end_time": 1692428399999,
            "all_day": {}
          },
          "26,27": {
            "day": 26,
            "index": 27,
            "start_time": 1692428400000,
            "end_time": 1692514799999,
            "all_day": {}
          },
          "27,28": {
            "day": 27,
            "index": 28,
            "start_time": 1692514800000,
            "end_time": 1692601199999,
            "all_day": {}
          },
          "28,29": {
            "day": 28,
            "index": 29,
            "start_time": 1692601200000,
            "end_time": 1692687599999,
            "all_day": {}
          },
          "29,30": {
            "day": 29,
            "index": 30,
            "start_time": 1692687600000,
            "end_time": 1692773999999,
            "all_day": {}
          },
          "30,31": {
            "day": 30,
            "index": 31,
            "start_time": 1692860400000,
            "end_time": 1692946799999,
            "all_day": {}
          },
          "31,32": {
            "day": 31,
            "index": 32,
            "start_time": 1692946800000,
            "end_time": 1693033199999,
            "all_day": {}
          }
        }
      },
      "end_time": 1693033199999
    },
    "1693551600000": {
      "date": "2023-09-01T07:00:00.000Z",
      "start_time": 1693551600000,
      "year": 2023,
      "month": 8,
      "cal": {
        "table": [
          [
            false,
            false,
            false,
            false,
            false,
            "1,5",
            "2,6"
          ],
          [
            "3,7",
            "4,8",
            "5,9",
            "6,10",
            "7,11",
            "8,12",
            "9,13"
          ],
          [
            "10,14",
            "11,15",
            "12,16",
            "13,17",
            "14,18",
            "15,19",
            "16,20"
          ],
          [
            "17,21",
            "18,22",
            "19,23",
            "20,24",
            "21,25",
            "22,26",
            "23,27"
          ],
          [
            "24,28",
            "25,29",
            "26,30",
            "27,31",
            "28,32",
            "29,33",
            "30,34"
          ]
        ],
        "list": [
          false,
          false,
          false,
          false,
          false,
          "1,5",
          "2,6",
          "3,7",
          "4,8",
          "5,9",
          "6,10",
          "7,11",
          "8,12",
          "9,13",
          "10,14",
          "11,15",
          "12,16",
          "13,17",
          "14,18",
          "15,19",
          "16,20",
          "17,21",
          "18,22",
          "19,23",
          "20,24",
          "21,25",
          "22,26",
          "23,27",
          "24,28",
          "25,29",
          "26,30",
          "27,31",
          "28,32",
          "29,33",
          "30,34"
        ],
        "map": {
          "1,5": {
            "day": 1,
            "index": 5,
            "start_time": 1693551600000,
            "end_time": 1693637999999,
            "all_day": {}
          },
          "2,6": {
            "day": 2,
            "index": 6,
            "start_time": 1694502000000,
            "end_time": 1694588399999,
            "all_day": {}
          },
          "3,7": {
            "day": 3,
            "index": 7,
            "start_time": 1695452400000,
            "end_time": 1695538799999,
            "all_day": {}
          },
          "4,8": {
            "day": 4,
            "index": 8,
            "start_time": 1695625200000,
            "end_time": 1695711599999,
            "all_day": {}
          },
          "5,9": {
            "day": 5,
            "index": 9,
            "start_time": 1695711600000,
            "end_time": 1695797999999,
            "all_day": {}
          },
          "6,10": {
            "day": 6,
            "index": 10,
            "start_time": 1695798000000,
            "end_time": 1695884399999,
            "all_day": {}
          },
          "7,11": {
            "day": 7,
            "index": 11,
            "start_time": 1695884400000,
            "end_time": 1695970799999,
            "all_day": {}
          },
          "8,12": {
            "day": 8,
            "index": 12,
            "start_time": 1695970800000,
            "end_time": 1696057199999,
            "all_day": {}
          },
          "9,13": {
            "day": 9,
            "index": 13,
            "start_time": 1696057200000,
            "end_time": 1696143599999,
            "all_day": {}
          },
          "10,14": {
            "day": 10,
            "index": 14,
            "start_time": 1693638000000,
            "end_time": 1693724399999,
            "all_day": {}
          },
          "11,15": {
            "day": 11,
            "index": 15,
            "start_time": 1693724400000,
            "end_time": 1693810799999,
            "all_day": {}
          },
          "12,16": {
            "day": 12,
            "index": 16,
            "start_time": 1693810800000,
            "end_time": 1693897199999,
            "all_day": {}
          },
          "13,17": {
            "day": 13,
            "index": 17,
            "start_time": 1693897200000,
            "end_time": 1693983599999,
            "all_day": {}
          },
          "14,18": {
            "day": 14,
            "index": 18,
            "start_time": 1693983600000,
            "end_time": 1694069999999,
            "all_day": {}
          },
          "15,19": {
            "day": 15,
            "index": 19,
            "start_time": 1694070000000,
            "end_time": 1694156399999,
            "all_day": {}
          },
          "16,20": {
            "day": 16,
            "index": 20,
            "start_time": 1694156400000,
            "end_time": 1694242799999,
            "all_day": {}
          },
          "17,21": {
            "day": 17,
            "index": 21,
            "start_time": 1694242800000,
            "end_time": 1694329199999,
            "all_day": {}
          },
          "18,22": {
            "day": 18,
            "index": 22,
            "start_time": 1694329200000,
            "end_time": 1694415599999,
            "all_day": {}
          },
          "19,23": {
            "day": 19,
            "index": 23,
            "start_time": 1694415600000,
            "end_time": 1694501999999,
            "all_day": {}
          },
          "20,24": {
            "day": 20,
            "index": 24,
            "start_time": 1694588400000,
            "end_time": 1694674799999,
            "all_day": {}
          },
          "21,25": {
            "day": 21,
            "index": 25,
            "start_time": 1694674800000,
            "end_time": 1694761199999,
            "all_day": {}
          },
          "22,26": {
            "day": 22,
            "index": 26,
            "start_time": 1694761200000,
            "end_time": 1694847599999,
            "all_day": {}
          },
          "23,27": {
            "day": 23,
            "index": 27,
            "start_time": 1694847600000,
            "end_time": 1694933999999,
            "all_day": {}
          },
          "24,28": {
            "day": 24,
            "index": 28,
            "start_time": 1694934000000,
            "end_time": 1695020399999,
            "all_day": {}
          },
          "25,29": {
            "day": 25,
            "index": 29,
            "start_time": 1695020400000,
            "end_time": 1695106799999,
            "all_day": {}
          },
          "26,30": {
            "day": 26,
            "index": 30,
            "start_time": 1695106800000,
            "end_time": 1695193199999,
            "all_day": {}
          },
          "27,31": {
            "day": 27,
            "index": 31,
            "start_time": 1695193200000,
            "end_time": 1695279599999,
            "all_day": {}
          },
          "28,32": {
            "day": 28,
            "index": 32,
            "start_time": 1695279600000,
            "end_time": 1695365999999,
            "all_day": {}
          },
          "29,33": {
            "day": 29,
            "index": 33,
            "start_time": 1695366000000,
            "end_time": 1695452399999,
            "all_day": {}
          },
          "30,34": {
            "day": 30,
            "index": 34,
            "start_time": 1695538800000,
            "end_time": 1695625199999,
            "all_day": {}
          }
        }
      },
      "end_time": 1695452399999
    }
  }
][
  [
    1648796400000,
    1651388400000,
    1654066800000,
    1656658800000,
    1659337200000,
    1662015600000,
    1664607600000,
    1667286000000,
    1669881600000,
    1672560000000
  ]
]